******************************************************************************
                  TI ARM Linker Unix v16.9.1                   
******************************************************************************
>> Linked Fri May  5 17:29:14 2017

OUTPUT FILE NAME:   <ocp_qp_hpmpc.out>
ENTRY POINT SYMBOL: "_c_int00"  address: 00027b5d


MEMORY CONFIGURATION

         name            origin    length      used     unused   attr    fill
----------------------  --------  ---------  --------  --------  ----  --------
  FLASH                 00000000   00100000  000285ca  000d7a36  R  X
  SRAM                  20000000   00040000  000301f0  0000fe10  RW X


SEGMENT ALLOCATION MAP

run origin  load origin   length   init length attrs members
----------  ----------- ---------- ----------- ----- -------
00000000    00000000    000285d0   000285d0    r-x
  00000000    00000000    00000208   00000208    r-- .intvecs
  00000208    00000208    00027de6   00027de6    r-x .text
  00027ff0    00027ff0    00000544   00000544    r-- .const
  00028538    00028538    00000098   00000098    r-- .cinit
20000000    20000000    000301f0   00000000    rw-
  20000000    20000000    0002fa00   00000000    rw- .sysmem
  2002fa00    2002fa00    00000400   00000000    rw- .stack
  2002fe00    2002fe00    00000204   00000000    rw- .data
  20030004    20030004    000001ec   00000000    rw- .bss


SECTION ALLOCATION MAP

 output                                  attributes/
section   page    origin      length       input sections
--------  ----  ----------  ----------   ----------------
.intvecs   0    00000000    00000208     
                  00000000    00000208     tm4c129encpdt_startup_ccs.obj (.intvecs)

.text      0    00000208    00027de6     
                  00000208    00005574     d_blas3_lib.obj (.text)
                  0000577c    00000004     rtsv7M4_T_le_v4SPD16_eabi.lib : error.obj (.text)
                  00005780    00005336     d_aux_ip_hard_libstr.obj (.text)
                  0000aab6    00000002     rtsv7M4_T_le_v4SPD16_eabi.lib : mpu_init.obj (.text)
                  0000aab8    00004730     d_lapack_lib.obj (.text)
                  0000f1e8    00002ea4     d_blas2_lib.obj (.text)
                  0001208c    00000004     rtsv7M4_T_le_v4SPD16_eabi.lib : pre_init.obj (.text)
                  00012090    00002c26     d_part_cond_libstr.obj (.text)
                  00014cb6    00000002     rtsv7M4_T_le_v4SPD16_eabi.lib : startup.obj (.text)
                  00014cb8    00002568     d_back_ric_rec_libstr.obj (.text)
                  00017220    00002244     d_aux_lib.obj (.text)
                  00019464    00000004     --HOLE-- [fill = 0]
                  00019468    00001b84     ocp_qp_hpmpc.obj (.text)
                  0001afec    00000004     --HOLE-- [fill = 0]
                  0001aff0    00001b48     tools.obj (.text)
                  0001cb38    00001ac4     mass_spring_hpmpc.obj (.text)
                  0001e5fc    00000004     --HOLE-- [fill = 0]
                  0001e600    0000172c     fortran_order_interface_libstr.obj (.text)
                  0001fd2c    00000004     --HOLE-- [fill = 0]
                  0001fd30    00001478     d_ip2_res_hard_libstr.obj (.text)
                  000211a8    00001308     d_res_ip_res_hard_libstr.obj (.text)
                  000224b0    0000113e     rtsv7M4_T_le_v4SPD16_eabi.lib : _printfi.obj (.text)
                  000235ee    00000002     --HOLE-- [fill = 0]
                  000235f0    00000dde     d_blas3_diag_lib.obj (.text)
                  000243ce    00000002     --HOLE-- [fill = 0]
                  000243d0    000009ac     rtsv7M4_T_le_v4SPD16_eabi.lib : e_pow.obj (.text)
                  00024d7c    00000004     --HOLE-- [fill = 0]
                  00024d80    00000430     d_aux_extern_depend_lib.obj (.text)
                  000251b0    000003d0     rtsv7M4_T_le_v4SPD16_eabi.lib : memory.obj (.text)
                  00025580    00000324                                   : trgdrv.obj (.text)
                  000258a4    0000030c                                   : lowlev.obj (.text)
                  00025bb0    00000298                                   : vla_alloc.obj (.text)
                  00025e48    0000025c                                   : ti_fmax.obj (.text)
                  000260a4    000001f4                                   : ull_div_t2.obj (.text)
                  00026298    000001ec     driverlib.lib : sysctl.obj (.text:SysCtlClockFreqSet)
                  00026484    00000004     --HOLE-- [fill = 0]
                  00026488    000001e0     d_blas1_lib.obj (.text)
                  00026668    000001c4     rtsv7M4_T_le_v4SPD16_eabi.lib : fopen.obj (.text)
                  0002682c    000001b6                                   : fd_add_t2.obj (.text)
                  000269e2    00000002     --HOLE-- [fill = 0]
                  000269e4    00000170                                   : e_sqrt.obj (.text)
                  00026b54    00000136                                   : fd_div_t2.obj (.text)
                  00026c8a    00000002     --HOLE-- [fill = 0]
                  00026c8c    00000134                                   : fputs.obj (.text)
                  00026dc0    00000132     driverlib.lib : gpio.obj (.text:GPIOPadConfigSet)
                  00026ef2    000000fc     rtsv7M4_T_le_v4SPD16_eabi.lib : fd_mul_t2.obj (.text)
                  00026fee    00000002     --HOLE-- [fill = 0]
                  00026ff0    000000fc                                   : s_scalbn.obj (.text)
                  000270ec    000000dc                                   : setvbuf.obj (.text)
                  000271c8    000000cc     d_aux_extern_depend_lib4.obj (.text)
                  00027294    000000c8     rtsv7M4_T_le_v4SPD16_eabi.lib : fflush.obj (.text)
                  0002735c    000000ac                                   : _io_perm.obj (.text)
                  00027408    000000a2     i_aux.obj (.text)
                  000274aa    0000009c     rtsv7M4_T_le_v4SPD16_eabi.lib : memcpy_t2.obj (.text)
                  00027546    00000002     --HOLE-- [fill = 0]
                  00027548    00000098                                   : fclose.obj (.text)
                  000275e0    00000098                                   : fputc.obj (.text)
                  00027678    00000086                                   : fd_cmp_t2.obj (.text:__aeabi_cdcmple)
                  000276fe    00000086                                   : fd_cmp_t2.obj (.text:__aeabi_cdrcmple)
                  00027784    0000007a                                   : memset_t2.obj (.text)
                  000277fe    00000002     --HOLE-- [fill = 0]
                  00027800    00000078     linux_time.obj (.text)
                  00027878    00000070     rtsv7M4_T_le_v4SPD16_eabi.lib : autoinit.obj (.text)
                  000278e8    00000070                                   : printf.obj (.text)
                  00027958    0000006c                                   : fprintf.obj (.text)
                  000279c4    00000068                                   : copy_decompress_lzss.obj (.text:decompress:lzss)
                  00027a2c    00000068                                   : trgmsg.obj (.text)
                  00027a94    00000064                                   : fseek.obj (.text)
                  00027af8    00000064                                   : s_frexp.obj (.text)
                  00027b5c    00000054                                   : boot.obj (.text)
                  00027bb0    00000054                                   : exit.obj (.text)
                  00027c04    00000054                                   : ltoa.obj (.text)
                  00027c58    0000004c                                   : atoi.obj (.text)
                  00027ca4    0000004c                                   : cpy_tbl.obj (.text)
                  00027cf0    00000048     driverlib.lib : sysctl.obj (.text:_SysCtlFrequencyGet)
                  00027d38    00000048     rtsv7M4_T_le_v4SPD16_eabi.lib : fd_toi_t2.obj (.text)
                  00027d80    00000036                                   : strncpy.obj (.text)
                  00027db6    00000002     --HOLE-- [fill = 0]
                  00027db8    00000034     driverlib.lib : sysctl.obj (.text:SysCtlPeripheralEnable)
                  00027dec    0000002e     rtsv7M4_T_le_v4SPD16_eabi.lib : i_tofd_t2.obj (.text)
                  00027e1a    0000002a     driverlib.lib : gpio.obj (.text:GPIODirModeSet)
                  00027e44    00000020                   : sysctl.obj (.text:_SysCtlMemTimingGet)
                  00027e64    00000020     rtsv7M4_T_le_v4SPD16_eabi.lib : memchr.obj (.text)
                  00027e84    0000001c                                   : memccpy.obj (.text)
                  00027ea0    0000001a     tm4c129encpdt_startup_ccs.obj (.text)
                  00027eba    00000018     driverlib.lib : gpio.obj (.text:GPIOPinTypeGPIOOutput)
                  00027ed2    00000002     --HOLE-- [fill = 0]
                  00027ed4    00000018     rtsv7M4_T_le_v4SPD16_eabi.lib : args_main.obj (.text)
                  00027eec    00000018                                   : strcmp.obj (.text)
                  00027f04    00000016                                   : strchr.obj (.text)
                  00027f1a    00000002     --HOLE-- [fill = 0]
                  00027f1c    00000014     driverlib.lib : systick.obj (.text:SysTickEnable)
                  00027f30    00000014                   : systick.obj (.text:SysTickIntEnable)
                  00027f44    00000014     rtsv7M4_T_le_v4SPD16_eabi.lib : _lock.obj (.text)
                  00027f58    00000014                                   : s_copysign.obj (.text)
                  00027f6c    00000014                                   : strcpy.obj (.text)
                  00027f80    00000014                                   : strlen.obj (.text)
                  00027f94    00000010     driverlib.lib : interrupt.obj (.text:IntMasterEnable)
                  00027fa4    00000010                   : systick.obj (.text:SysTickPeriodSet)
                  00027fb4    0000000e     rtsv7M4_T_le_v4SPD16_eabi.lib : copy_decompress_none.obj (.text:decompress:none)
                  00027fc2    0000000c     driverlib.lib : cpu.obj (.text:CPUcpsie)
                  00027fce    00000002     --HOLE-- [fill = 0]
                  00027fd0    0000000c                   : systick.obj (.text:SysTickValueGet)
                  00027fdc    0000000c     rtsv7M4_T_le_v4SPD16_eabi.lib : copy_zero_init.obj (.text:decompress:ZI)
                  00027fe8    00000006     driverlib.lib : gpio.obj (.text:GPIOPinWrite)

.const     0    00027ff0    00000544     
                  00027ff0    000001b0     driverlib.lib : sysctl.obj (.const:g_pppui32XTALtoVCO)
                  000281a0    00000101     rtsv7M4_T_le_v4SPD16_eabi.lib : ctype.obj (.const:.string:_ctypes_)
                  000282a1    00000007     --HOLE-- [fill = 0]
                  000282a8    00000070     tools.obj (.const:$P$T4$5)
                  00028318    0000006c     driverlib.lib : sysctl.obj (.const:g_pui32Xtals)
                  00028384    00000004     --HOLE-- [fill = 0]
                  00028388    00000050     tools.obj (.const:$P$T3$4)
                  000283d8    00000040     tools.obj (.const:$P$T2$3)
                  00028418    00000030     rtsv7M4_T_le_v4SPD16_eabi.lib : e_pow.obj (.const:$O1$$)
                  00028448    00000030     tools.obj (.const:$P$T1$2)
                  00028478    00000030     driverlib.lib : sysctl.obj (.const:g_sXTALtoMEMTIM)
                  000284a8    00000028     mass_spring_hpmpc.obj (.const:$P$T23$1)
                  000284d0    00000028     tools.obj (.const:$P$T6$7)
                  000284f8    00000020     tools.obj (.const:$P$T0$1)
                  00028518    00000014     tools.obj (.const:$P$T5$6)
                  0002852c    00000008     driverlib.lib : sysctl.obj (.const)

.cinit     0    00028538    00000098     
                  00028538    00000071     (.cinit..data.load) [load image, compression = lzss]
                  000285a9    00000003     --HOLE-- [fill = 0]
                  000285ac    0000000c     (__TI_handler_table)
                  000285b8    00000008     (.cinit..bss.load) [load image, compression = zero_init]
                  000285c0    00000010     (__TI_cinit_table)

.init_array 
*          0    00000000    00000000     UNINITIALIZED

.sysmem    0    20000000    0002fa00     UNINITIALIZED
                  20000000    00000008     rtsv7M4_T_le_v4SPD16_eabi.lib : memory.obj (.sysmem)
                  20000008    0002f9f8     --HOLE--

.stack     0    2002fa00    00000400     UNINITIALIZED
                  2002fa00    00000400     --HOLE--

.data      0    2002fe00    00000204     UNINITIALIZED
                  2002fe00    000000f0     rtsv7M4_T_le_v4SPD16_eabi.lib : defs.obj (.data:_ftable)
                  2002fef0    000000d0                                   : lowlev.obj (.data:$O1$$)
                  2002ffc0    00000010                                   : defs.obj (.data)
                  2002ffd0    0000000c                                   : exit.obj (.data:$O1$$)
                  2002ffdc    0000000c                                   : memory.obj (.data:$O1$$)
                  2002ffe8    00000008                                   : _lock.obj (.data:$O1$$)
                  2002fff0    00000008     mass_spring_hpmpc.obj (.data)
                  2002fff8    00000004     rtsv7M4_T_le_v4SPD16_eabi.lib : errno.obj (.data)
                  2002fffc    00000004                                   : fopen.obj (.data)
                  20030000    00000004                                   : stkdepth_vars.obj (.data)

.bss       0    20030004    000001ec     UNINITIALIZED
                  20030004    00000120     rtsv7M4_T_le_v4SPD16_eabi.lib : trgmsg.obj (.bss:_CIOBUF_)
                  20030124    000000a0     (.common:__TI_tmpnams)
                  200301c4    0000001c                                   : vla_alloc.obj (.bss:$O1$$)
                  200301e0    00000008                                   : trgdrv.obj (.bss:parmbuf)
                  200301e8    00000004     (.common:g_ui32Flags)
                  200301ec    00000004     (.common:g_ui32SysClock)

MODULE SUMMARY

       Module                               code     ro data   rw data
       ------                               ----     -------   -------
    ./
       d_blas3_lib.obj                      21876    0         0      
       d_aux_ip_hard_libstr.obj             21302    0         0      
       d_lapack_lib.obj                     18224    0         0      
       d_blas2_lib.obj                      11940    0         0      
       d_part_cond_libstr.obj               11302    0         0      
       d_back_ric_rec_libstr.obj            9576     0         0      
       d_aux_lib.obj                        8772     0         0      
       tools.obj                            6984     396       0      
       ocp_qp_hpmpc.obj                     7044     0         0      
       mass_spring_hpmpc.obj                6852     40        16     
       fortran_order_interface_libstr.obj   5932     0         0      
       d_ip2_res_hard_libstr.obj            5240     0         0      
       d_res_ip_res_hard_libstr.obj         4872     0         0      
       d_blas3_diag_lib.obj                 3550     0         0      
       d_aux_extern_depend_lib.obj          1072     0         0      
       tm4c129encpdt_startup_ccs.obj        26       520       0      
       d_blas1_lib.obj                      480      0         0      
       d_aux_extern_depend_lib4.obj         204      0         0      
       i_aux.obj                            162      0         0      
       linux_time.obj                       120      0         0      
    +--+------------------------------------+--------+---------+---------+
       Total:                               145530   956       16     
                                                                      
    /home/dang/ti/TivaWare_C_Series-2.1.3.156/driverlib/ccs/Debug/driverlib.lib
       sysctl.obj                           648      596       0      
       gpio.obj                             378      0         0      
       systick.obj                          68       0         0      
       interrupt.obj                        16       0         0      
       cpu.obj                              12       0         0      
    +--+------------------------------------+--------+---------+---------+
       Total:                               1122     596       0      
                                                                      
    /home/dang/ti/ccsv7/tools/compiler/ti-cgt-arm_16.9.1.LTS/lib/rtsv7M4_T_le_v4SPD16_eabi.lib
       _printfi.obj                         4414     0         0      
       e_pow.obj                            2476     48        0      
       lowlev.obj                           780      0         208    
       memory.obj                           976      0         12     
       trgdrv.obj                           804      0         8      
       vla_alloc.obj                        664      0         28     
       ti_fmax.obj                          604      0         0      
       ull_div_t2.obj                       500      0         0      
       fopen.obj                            452      0         4      
       fd_add_t2.obj                        438      0         0      
       defs.obj                             0        0         416    
       trgmsg.obj                           104      0         288    
       e_sqrt.obj                           368      0         0      
       fd_div_t2.obj                        310      0         0      
       fputs.obj                            308      0         0      
       fd_cmp_t2.obj                        268      0         0      
       ctype.obj                            0        257       0      
       fd_mul_t2.obj                        252      0         0      
       s_scalbn.obj                         252      0         0      
       setvbuf.obj                          220      0         0      
       fflush.obj                           200      0         0      
       _io_perm.obj                         172      0         0      
       memcpy_t2.obj                        156      0         0      
       fclose.obj                           152      0         0      
       fputc.obj                            152      0         0      
       memset_t2.obj                        122      0         0      
       autoinit.obj                         112      0         0      
       printf.obj                           112      0         0      
       fprintf.obj                          108      0         0      
       copy_decompress_lzss.obj             104      0         0      
       fseek.obj                            100      0         0      
       s_frexp.obj                          100      0         0      
       exit.obj                             84       0         12     
       boot.obj                             84       0         0      
       ltoa.obj                             84       0         0      
       atoi.obj                             76       0         0      
       cpy_tbl.obj                          76       0         0      
       fd_toi_t2.obj                        72       0         0      
       strncpy.obj                          54       0         0      
       i_tofd_t2.obj                        46       0         0      
       memchr.obj                           32       0         0      
       _lock.obj                            20       0         8      
       memccpy.obj                          28       0         0      
       args_main.obj                        24       0         0      
       strcmp.obj                           24       0         0      
       strchr.obj                           22       0         0      
       s_copysign.obj                       20       0         0      
       strcpy.obj                           20       0         0      
       strlen.obj                           20       0         0      
       copy_decompress_none.obj             14       0         0      
       copy_zero_init.obj                   12       0         0      
       errno.obj                            0        0         4      
       error.obj                            4        0         0      
       pre_init.obj                         4        0         0      
       stkdepth_vars.obj                    0        0         4      
       mpu_init.obj                         2        0         0      
       startup.obj                          2        0         0      
    +--+------------------------------------+--------+---------+---------+
       Total:                               16604    305       992    
                                                                      
       Heap:                                0        0         195072 
       Stack:                               0        0         1024   
       Linker Generated:                    0        149       0      
    +--+------------------------------------+--------+---------+---------+
       Grand Total:                         163256   2006      197104 


LINKER GENERATED COPY TABLES

__TI_cinit_table @ 000285c0 records: 2, size/record: 8, table size: 16
	.data: load addr=00028538, load size=00000071 bytes, run addr=2002fe00, run size=00000204 bytes, compression=lzss
	.bss: load addr=000285b8, load size=00000008 bytes, run addr=20030004, run size=000001ec bytes, compression=zero_init


LINKER GENERATED HANDLER TABLE

__TI_handler_table @ 000285ac records: 3, size/record: 4, table size: 12
	index: 0, handler: __TI_decompress_lzss
	index: 1, handler: __TI_decompress_none
	index: 2, handler: __TI_zero_init


GLOBAL SYMBOLS: SORTED ALPHABETICALLY BY Name 

address   name                                              
-------   ----                                              
00027bb1  C$$EXIT                                           
00027a5b  C$$IO$$                                           
00027fc3  CPUcpsie                                          
00027e1b  GPIODirModeSet                                    
00026dc1  GPIOPadConfigSet                                  
00027ebb  GPIOPinTypeGPIOOutput                             
00027fe9  GPIOPinWrite                                      
0002585b  HOSTclock                                         
00025823  HOSTclose                                         
000257e5  HOSTgetenv                                        
00025789  HOSTlseek                                         
00025737  HOSTopen                                          
000256eb  HOSTread                                          
0002568d  HOSTrename                                        
00025653  HOSTtime                                          
00025605  HOSTtime64                                        
000255cd  HOSTunlink                                        
00025581  HOSTwrite                                         
00027f95  IntMasterEnable                                   
00027ea1  ResetISR                                          
UNDEFED   SHT$$INIT_ARRAY$$Base                             
UNDEFED   SHT$$INIT_ARRAY$$Limit                            
00026299  SysCtlClockFreqSet                                
00027db9  SysCtlPeripheralEnable                            
00027f1d  SysTickEnable                                     
00027f31  SysTickIntEnable                                  
00027869  SysTickIntHandler                                 
00027fa5  SysTickPeriodSet                                  
00027fd1  SysTickValueGet                                   
00027861  Timer0IntHandler                                  
20030004  __CIOBUF_                                         
2002fe00  __STACK_END                                       
00000400  __STACK_SIZE                                      
2002fc00  __STACK_TOP                                       
0002fa00  __SYSMEM_SIZE                                     
000285c0  __TI_CINIT_Base                                   
000285d0  __TI_CINIT_Limit                                  
000285ac  __TI_Handler_Table_Base                           
000285b8  __TI_Handler_Table_Limit                          
00027879  __TI_auto_init                                    
00026731  __TI_cleanup                                      
2002ffd0  __TI_cleanup_ptr                                  
00027549  __TI_closefile                                    
000279c5  __TI_decompress_lzss                              
00027fb5  __TI_decompress_none                              
00027295  __TI_doflush                                      
2002ffd4  __TI_dtors_ptr                                    
2002ffd8  __TI_enable_exit_profile_output                   
2002ffc0  __TI_ft_end                                       
ffffffff  __TI_pprof_out_hndl                               
00022cf5  __TI_printfi                                      
ffffffff  __TI_prof_data_size                               
ffffffff  __TI_prof_data_start                              
000273bf  __TI_rd_ok                                        
00027a5f  __TI_readmsg                                      
00000000  __TI_static_base__                                
20030124  __TI_tmpnams                                      
00027a2d  __TI_writemsg                                     
0002735d  __TI_wrt_ok                                       
00027fdd  __TI_zero_init                                    
0000577d  __abort_execution                                 
00027679  __aeabi_cdcmpeq                                   
00027679  __aeabi_cdcmple                                   
000276ff  __aeabi_cdrcmple                                  
00027d39  __aeabi_d2iz                                      
00026837  __aeabi_dadd                                      
00026b55  __aeabi_ddiv                                      
00026ef3  __aeabi_dmul                                      
0002682d  __aeabi_dsub                                      
00027ded  __aeabi_i2d                                       
00027785  __aeabi_memclr                                    
00027785  __aeabi_memclr4                                   
00027785  __aeabi_memclr8                                   
000274ab  __aeabi_memcpy                                    
000274ab  __aeabi_memcpy4                                   
000274ab  __aeabi_memcpy8                                   
00027787  __aeabi_memset                                    
00027787  __aeabi_memset4                                   
00027787  __aeabi_memset8                                   
2002ffcc  __aeabi_stderr                                    
2002ffc4  __aeabi_stdin                                     
2002ffc8  __aeabi_stdout                                    
000260a5  __aeabi_uldivmod                                  
ffffffff  __binit__                                         
ffffffff  __c_args__                                        
0000aab7  __mpu_init                                        
2002fa00  __stack                                           
00025cb9  __vla_alloc                                       
00025bb1  __vla_dealloc                                     
00025c39  __vla_dealloc_eh                                  
00027ed5  _args_main                                        
00027b5d  _c_int00                                          
000281a0  _ctypes_                                          
2002fe00  _ftable                                           
2002ffe8  _lock                                             
00027f53  _nop                                              
00027f4b  _register_lock                                    
00027f45  _register_unlock                                  
20000000  _sys_memory                                       
00014cb7  _system_post_cinit                                
0001208d  _system_pre_init                                  
2002ffec  _unlock                                           
00027bb5  abort                                             
00025b05  add_device                                        
00027c59  atoi                                              
ffffffff  binit                                             
000251a9  c_free                                            
000251a1  c_free_align                                      
00025161  c_zeros                                           
00025161  c_zeros_align                                     
00025551  calloc                                            
00025ab5  close                                             
00027ca5  copy_in                                           
00027f59  copysign                                          
00027f59  copysignl                                         
00025119  d_allocate_strmat                                 
00025101  d_allocate_strvec                                 
000169e1  d_back_ric_rec_sv_back_libstr                     
000167b9  d_back_ric_rec_sv_forw_libstr                     
00015bf9  d_back_ric_rec_sv_libstr                          
000156f9  d_back_ric_rec_trf_libstr                         
00014db9  d_back_ric_rec_trs_libstr                         
00014cb9  d_back_ric_rec_work_space_size_bytes_libstr       
0000a8a1  d_backup_update_var_res_mpc_hard_libstr           
00019461  d_cast_diag_mat2strmat                            
00019459  d_cast_mat2strmat                                 
00019451  d_cast_vec2vecmat                                 
0000a2f1  d_compute_alpha_mpc_hard_libstr                   
00009cc9  d_compute_alpha_res_mpc_hard_libstr               
00009919  d_compute_centering_correction_res_mpc_hard_libstr
00009671  d_compute_mu_mpc_hard_libstr                      
000093c9  d_compute_mu_res_mpc_hard_libstr                  
000132e9  d_cond_BAbt_libstr                                
00013c09  d_cond_DCtd_libstr                                
000134a1  d_cond_RSQrq_libstr                               
00019429  d_create_strmat                                   
00019419  d_create_strvec                                   
00019259  d_cvt_mat2strmat                                  
00019099  d_cvt_strmat2mat                                  
00019031  d_cvt_strvec2vec                                  
00018df1  d_cvt_tran_mat2strmat                             
00018b21  d_cvt_tran_strmat2mat                             
00018ac1  d_cvt_vec2strvec                                  
000271c9  d_eye                                             
000250f9  d_free                                            
000250f1  d_free_align                                      
000250d1  d_free_strmat                                     
000250c9  d_free_strvec                                     
00008f11  d_init_var_mpc_hard_libstr                        
0001fe29  d_ip2_res_mpc_hard_libstr                         
0001fd31  d_ip2_res_mpc_hard_work_space_size_bytes_libstr   
00014ac1  d_part_cond_compute_problem_size_libstr           
000144b9  d_part_cond_libstr                                
00013239  d_part_cond_memory_space_size_bytes_libstr        
00012fc9  d_part_cond_work_space_size_bytes_libstr          
00012109  d_part_expand_solution_libstr                     
00012091  d_part_expand_work_space_size_bytes_libstr        
00024ff1  d_print_e_mat                                     
000250b1  d_print_e_strmat                                  
000250a1  d_print_e_strvec                                  
00025051  d_print_e_tran_mat                                
00025041  d_print_e_tran_strvec                             
00024e71  d_print_mat                                       
00024fd9  d_print_strmat                                    
00024fc9  d_print_strvec                                    
00024f21  d_print_to_file_mat                               
00024fa9  d_print_to_file_strmat                            
00024f91  d_print_to_file_strvec                            
00024f79  d_print_to_file_tran_strvec                       
00024ed1  d_print_tran_mat                                  
00024ec1  d_print_tran_strvec                               
00024e21  d_print_tran_to_file_mat                          
00021211  d_res_res_mpc_hard_libstr                         
000211a9  d_res_res_mpc_hard_work_space_size_bytes_libstr   
00018ab1  d_size_diag_strmat                                
00018aa1  d_size_strmat                                     
00018a99  d_size_strvec                                     
000087d9  d_update_gradient_mpc_hard_libstr                 
00008231  d_update_gradient_new_rhs_mpc_hard_tv             
000078f1  d_update_gradient_res_mpc_hard_libstr             
00006d11  d_update_hessian_gradient_res_mpc_hard_libstr     
00005e39  d_update_hessian_mpc_hard_libstr                  
00005781  d_update_var_mpc_hard_libstr                      
00024dc1  d_zeros                                           
00024dc1  d_zeros_align                                     
0001b311  daxpy_3l                                          
00026551  daxpy_bkp_libstr                                  
00026489  daxpy_libstr                                      
00018a51  dcolpe_libstr                                     
00018999  dcolsw_libstr                                     
0001ca69  dcopy_3l                                          
00018889  ddiaad_libspstr                                   
00018761  ddiaadin_libspstr                                 
00018691  ddiaex_libspstr                                   
000185b1  ddiain_libspstr                                   
00018509  ddiain_libstr                                     
00018301  dgead_libstr                                      
00018051  dgecp_libstr                                      
00023d21  dgemm_l_diag_libstr                               
0001b099  dgemm_nn_3l                                       
00004d39  dgemm_nn_libstr                                   
000042c9  dgemm_nt_libstr                                   
000235f1  dgemm_r_diag_libstr                               
0001c969  dgemv_n_3l                                        
00011bc9  dgemv_n_libstr                                    
000118e9  dgemv_nt_libstr                                   
0001c889  dgemv_t_3l                                        
00011421  dgemv_t_libstr                                    
0001b519  dger_3l                                           
0001bd39  dgesv_3l                                          
0001b641  dgetf2_3l                                         
0000efd9  dgetf2_nopivot                                    
00017d39  dgetr_libstr                                      
0000da09  dgetrf_libstr                                     
0000c479  dgetrf_nopivot_libstr                             
0001bce9  dgetrs_3l                                         
0001b7d9  dlaswp_3l                                         
00017d21  dmatex1_libstr                                    
00017d09  dmatin1_libstr                                    
00017c91  dmatse_libstr                                     
0001b1f9  dmcopy                                            
0000bac1  dpotrf_l_libstr                                   
00017b91  drowad_libspstr                                   
00017ab1  drowad_libstr                                     
00017a11  drowex_libstr                                     
00017969  drowin_libstr                                     
00017921  drowpe_libstr                                     
00017871  drowsw_libstr                                     
0001b291  dscal_3l                                          
0001b4b9  dswap_3l                                          
000111e9  dsymv_l_libstr                                    
0000aab9  dsyrk_dpotrf_ln_libstr                            
00003679  dsyrk_ln_libstr                                   
00017771  dtrcp_l_libstr                                    
00002b51  dtrmm_rlnn_libstr                                 
00002009  dtrmm_rutn_libstr                                 
00010e09  dtrmv_lnn_libstr                                  
00010871  dtrmv_ltn_libstr                                  
00010399  dtrmv_unn_libstr                                  
0000ffe9  dtrmv_utn_libstr                                  
0001ba41  dtrsm_l_l_n_u_3l                                  
0001bb91  dtrsm_l_u_n_n_3l                                  
00001819  dtrsm_llnu_libstr                                 
00000fc1  dtrsm_lunn_libstr                                 
00000841  dtrsm_rltn_libstr                                 
00000239  dtrsm_rltu_libstr                                 
00000209  dtrsm_rutn_libstr                                 
0000f701  dtrsv_lnn_libstr                                  
0000f1e9  dtrsv_ltn_libstr                                  
00017679  dtrtr_l_libstr                                    
00017581  dtrtr_u_libstr                                    
000174a1  dvecad_libspstr                                   
00017291  dveccp_libstr                                     
00017281  dvecex1_libstr                                    
00017271  dvecin1_libstr                                    
00017221  dvecse_libstr                                     
2002fff8  errno                                             
00027bbd  exit                                              
0001c721  expm                                              
000275af  fclose                                            
000272e1  fflush                                            
00025fd7  fmax                                              
00025f79  fmaxf                                             
00025fd7  fmaxl                                             
00025eaf  fmin                                              
00025e49  fminf                                             
00025eaf  fminl                                             
00026787  fopen                                             
0001e8b9  fortran_order_d_ip_ocp_hard_tv                    
00027961  fprintf                                           
000275e1  fputc                                             
00026c8d  fputs                                             
0002529b  free                                              
0002675d  freopen                                           
00027af9  frexp                                             
00027af9  frexpl                                            
00027a95  fseek                                             
00000000  g_pfnVectors                                      
200301e8  g_ui32Flags                                       
200301ec  g_ui32SysClock                                    
2002fff0  g_ui32TickCounter                                 
2002fff4  g_ui32Timer0Counter                               
00027801  gettimeofday                                      
0001e601  hpmpc_d_ip_ocp_hard_tv_work_space_size_bytes      
0001b3b9  idamax_3l                                         
000274a1  int_free                                          
00027451  int_print_mat                                     
00027409  int_zeros                                         
00026ff1  ldexp                                             
00026ff1  ldexpl                                            
00025a91  lseek                                             
00027c05  ltoa                                              
0001d011  main                                              
20030000  main_func_sp                                      
00025231  malloc                                            
0001cb39  mass_spring_system                                
00025465  memalign                                          
00027e85  memccpy                                           
00027e65  memchr                                            
000274ab  memcpy                                            
0002778d  memset                                            
000251b1  minit                                             
0001ad09  ocp_qp_hpmpc                                      
0001a4d1  ocp_qp_hpmpc_libstr                               
00019501  ocp_qp_hpmpc_libstr_pt                            
00019469  ocp_qp_hpmpc_workspace_size_bytes                 
0001c629  onenorm                                           
000259e3  open                                              
0001bd81  padeapprox                                        
000243d1  pow                                               
000243d1  powl                                              
000278f1  printf                                            
000275e1  putc                                              
00027665  putchar                                           
00026d99  puts                                              
000259bf  read                                              
0002535d  realloc                                           
00025935  remove                                            
00025997  remove_device                                     
00025959  rename                                            
00026ff1  scalbn                                            
00026ff1  scalbnl                                           
000270ed  setvbuf                                           
000269e5  sqrt                                              
000269e5  sqrtl                                             
00027f05  strchr                                            
00027eed  strcmp                                            
00027f6d  strcpy                                            
00027f81  strlen                                            
00027d81  strncpy                                           
0001aff1  twonormv                                          
00025935  unlink                                            
0002529b  v_free                                            
0002529b  v_free_align                                      
00024d81  v_zeros                                           
00024d81  v_zeros_align                                     
000258a5  write                                             


GLOBAL SYMBOLS: SORTED BY Symbol Address 

address   name                                              
-------   ----                                              
00000000  __TI_static_base__                                
00000000  g_pfnVectors                                      
00000209  dtrsm_rutn_libstr                                 
00000239  dtrsm_rltu_libstr                                 
00000400  __STACK_SIZE                                      
00000841  dtrsm_rltn_libstr                                 
00000fc1  dtrsm_lunn_libstr                                 
00001819  dtrsm_llnu_libstr                                 
00002009  dtrmm_rutn_libstr                                 
00002b51  dtrmm_rlnn_libstr                                 
00003679  dsyrk_ln_libstr                                   
000042c9  dgemm_nt_libstr                                   
00004d39  dgemm_nn_libstr                                   
0000577d  __abort_execution                                 
00005781  d_update_var_mpc_hard_libstr                      
00005e39  d_update_hessian_mpc_hard_libstr                  
00006d11  d_update_hessian_gradient_res_mpc_hard_libstr     
000078f1  d_update_gradient_res_mpc_hard_libstr             
00008231  d_update_gradient_new_rhs_mpc_hard_tv             
000087d9  d_update_gradient_mpc_hard_libstr                 
00008f11  d_init_var_mpc_hard_libstr                        
000093c9  d_compute_mu_res_mpc_hard_libstr                  
00009671  d_compute_mu_mpc_hard_libstr                      
00009919  d_compute_centering_correction_res_mpc_hard_libstr
00009cc9  d_compute_alpha_res_mpc_hard_libstr               
0000a2f1  d_compute_alpha_mpc_hard_libstr                   
0000a8a1  d_backup_update_var_res_mpc_hard_libstr           
0000aab7  __mpu_init                                        
0000aab9  dsyrk_dpotrf_ln_libstr                            
0000bac1  dpotrf_l_libstr                                   
0000c479  dgetrf_nopivot_libstr                             
0000da09  dgetrf_libstr                                     
0000efd9  dgetf2_nopivot                                    
0000f1e9  dtrsv_ltn_libstr                                  
0000f701  dtrsv_lnn_libstr                                  
0000ffe9  dtrmv_utn_libstr                                  
00010399  dtrmv_unn_libstr                                  
00010871  dtrmv_ltn_libstr                                  
00010e09  dtrmv_lnn_libstr                                  
000111e9  dsymv_l_libstr                                    
00011421  dgemv_t_libstr                                    
000118e9  dgemv_nt_libstr                                   
00011bc9  dgemv_n_libstr                                    
0001208d  _system_pre_init                                  
00012091  d_part_expand_work_space_size_bytes_libstr        
00012109  d_part_expand_solution_libstr                     
00012fc9  d_part_cond_work_space_size_bytes_libstr          
00013239  d_part_cond_memory_space_size_bytes_libstr        
000132e9  d_cond_BAbt_libstr                                
000134a1  d_cond_RSQrq_libstr                               
00013c09  d_cond_DCtd_libstr                                
000144b9  d_part_cond_libstr                                
00014ac1  d_part_cond_compute_problem_size_libstr           
00014cb7  _system_post_cinit                                
00014cb9  d_back_ric_rec_work_space_size_bytes_libstr       
00014db9  d_back_ric_rec_trs_libstr                         
000156f9  d_back_ric_rec_trf_libstr                         
00015bf9  d_back_ric_rec_sv_libstr                          
000167b9  d_back_ric_rec_sv_forw_libstr                     
000169e1  d_back_ric_rec_sv_back_libstr                     
00017221  dvecse_libstr                                     
00017271  dvecin1_libstr                                    
00017281  dvecex1_libstr                                    
00017291  dveccp_libstr                                     
000174a1  dvecad_libspstr                                   
00017581  dtrtr_u_libstr                                    
00017679  dtrtr_l_libstr                                    
00017771  dtrcp_l_libstr                                    
00017871  drowsw_libstr                                     
00017921  drowpe_libstr                                     
00017969  drowin_libstr                                     
00017a11  drowex_libstr                                     
00017ab1  drowad_libstr                                     
00017b91  drowad_libspstr                                   
00017c91  dmatse_libstr                                     
00017d09  dmatin1_libstr                                    
00017d21  dmatex1_libstr                                    
00017d39  dgetr_libstr                                      
00018051  dgecp_libstr                                      
00018301  dgead_libstr                                      
00018509  ddiain_libstr                                     
000185b1  ddiain_libspstr                                   
00018691  ddiaex_libspstr                                   
00018761  ddiaadin_libspstr                                 
00018889  ddiaad_libspstr                                   
00018999  dcolsw_libstr                                     
00018a51  dcolpe_libstr                                     
00018a99  d_size_strvec                                     
00018aa1  d_size_strmat                                     
00018ab1  d_size_diag_strmat                                
00018ac1  d_cvt_vec2strvec                                  
00018b21  d_cvt_tran_strmat2mat                             
00018df1  d_cvt_tran_mat2strmat                             
00019031  d_cvt_strvec2vec                                  
00019099  d_cvt_strmat2mat                                  
00019259  d_cvt_mat2strmat                                  
00019419  d_create_strvec                                   
00019429  d_create_strmat                                   
00019451  d_cast_vec2vecmat                                 
00019459  d_cast_mat2strmat                                 
00019461  d_cast_diag_mat2strmat                            
00019469  ocp_qp_hpmpc_workspace_size_bytes                 
00019501  ocp_qp_hpmpc_libstr_pt                            
0001a4d1  ocp_qp_hpmpc_libstr                               
0001ad09  ocp_qp_hpmpc                                      
0001aff1  twonormv                                          
0001b099  dgemm_nn_3l                                       
0001b1f9  dmcopy                                            
0001b291  dscal_3l                                          
0001b311  daxpy_3l                                          
0001b3b9  idamax_3l                                         
0001b4b9  dswap_3l                                          
0001b519  dger_3l                                           
0001b641  dgetf2_3l                                         
0001b7d9  dlaswp_3l                                         
0001ba41  dtrsm_l_l_n_u_3l                                  
0001bb91  dtrsm_l_u_n_n_3l                                  
0001bce9  dgetrs_3l                                         
0001bd39  dgesv_3l                                          
0001bd81  padeapprox                                        
0001c629  onenorm                                           
0001c721  expm                                              
0001c889  dgemv_t_3l                                        
0001c969  dgemv_n_3l                                        
0001ca69  dcopy_3l                                          
0001cb39  mass_spring_system                                
0001d011  main                                              
0001e601  hpmpc_d_ip_ocp_hard_tv_work_space_size_bytes      
0001e8b9  fortran_order_d_ip_ocp_hard_tv                    
0001fd31  d_ip2_res_mpc_hard_work_space_size_bytes_libstr   
0001fe29  d_ip2_res_mpc_hard_libstr                         
000211a9  d_res_res_mpc_hard_work_space_size_bytes_libstr   
00021211  d_res_res_mpc_hard_libstr                         
00022cf5  __TI_printfi                                      
000235f1  dgemm_r_diag_libstr                               
00023d21  dgemm_l_diag_libstr                               
000243d1  pow                                               
000243d1  powl                                              
00024d81  v_zeros                                           
00024d81  v_zeros_align                                     
00024dc1  d_zeros                                           
00024dc1  d_zeros_align                                     
00024e21  d_print_tran_to_file_mat                          
00024e71  d_print_mat                                       
00024ec1  d_print_tran_strvec                               
00024ed1  d_print_tran_mat                                  
00024f21  d_print_to_file_mat                               
00024f79  d_print_to_file_tran_strvec                       
00024f91  d_print_to_file_strvec                            
00024fa9  d_print_to_file_strmat                            
00024fc9  d_print_strvec                                    
00024fd9  d_print_strmat                                    
00024ff1  d_print_e_mat                                     
00025041  d_print_e_tran_strvec                             
00025051  d_print_e_tran_mat                                
000250a1  d_print_e_strvec                                  
000250b1  d_print_e_strmat                                  
000250c9  d_free_strvec                                     
000250d1  d_free_strmat                                     
000250f1  d_free_align                                      
000250f9  d_free                                            
00025101  d_allocate_strvec                                 
00025119  d_allocate_strmat                                 
00025161  c_zeros                                           
00025161  c_zeros_align                                     
000251a1  c_free_align                                      
000251a9  c_free                                            
000251b1  minit                                             
00025231  malloc                                            
0002529b  free                                              
0002529b  v_free                                            
0002529b  v_free_align                                      
0002535d  realloc                                           
00025465  memalign                                          
00025551  calloc                                            
00025581  HOSTwrite                                         
000255cd  HOSTunlink                                        
00025605  HOSTtime64                                        
00025653  HOSTtime                                          
0002568d  HOSTrename                                        
000256eb  HOSTread                                          
00025737  HOSTopen                                          
00025789  HOSTlseek                                         
000257e5  HOSTgetenv                                        
00025823  HOSTclose                                         
0002585b  HOSTclock                                         
000258a5  write                                             
00025935  remove                                            
00025935  unlink                                            
00025959  rename                                            
00025997  remove_device                                     
000259bf  read                                              
000259e3  open                                              
00025a91  lseek                                             
00025ab5  close                                             
00025b05  add_device                                        
00025bb1  __vla_dealloc                                     
00025c39  __vla_dealloc_eh                                  
00025cb9  __vla_alloc                                       
00025e49  fminf                                             
00025eaf  fmin                                              
00025eaf  fminl                                             
00025f79  fmaxf                                             
00025fd7  fmax                                              
00025fd7  fmaxl                                             
000260a5  __aeabi_uldivmod                                  
00026299  SysCtlClockFreqSet                                
00026489  daxpy_libstr                                      
00026551  daxpy_bkp_libstr                                  
00026731  __TI_cleanup                                      
0002675d  freopen                                           
00026787  fopen                                             
0002682d  __aeabi_dsub                                      
00026837  __aeabi_dadd                                      
000269e5  sqrt                                              
000269e5  sqrtl                                             
00026b55  __aeabi_ddiv                                      
00026c8d  fputs                                             
00026d99  puts                                              
00026dc1  GPIOPadConfigSet                                  
00026ef3  __aeabi_dmul                                      
00026ff1  ldexp                                             
00026ff1  ldexpl                                            
00026ff1  scalbn                                            
00026ff1  scalbnl                                           
000270ed  setvbuf                                           
000271c9  d_eye                                             
00027295  __TI_doflush                                      
000272e1  fflush                                            
0002735d  __TI_wrt_ok                                       
000273bf  __TI_rd_ok                                        
00027409  int_zeros                                         
00027451  int_print_mat                                     
000274a1  int_free                                          
000274ab  __aeabi_memcpy                                    
000274ab  __aeabi_memcpy4                                   
000274ab  __aeabi_memcpy8                                   
000274ab  memcpy                                            
00027549  __TI_closefile                                    
000275af  fclose                                            
000275e1  fputc                                             
000275e1  putc                                              
00027665  putchar                                           
00027679  __aeabi_cdcmpeq                                   
00027679  __aeabi_cdcmple                                   
000276ff  __aeabi_cdrcmple                                  
00027785  __aeabi_memclr                                    
00027785  __aeabi_memclr4                                   
00027785  __aeabi_memclr8                                   
00027787  __aeabi_memset                                    
00027787  __aeabi_memset4                                   
00027787  __aeabi_memset8                                   
0002778d  memset                                            
00027801  gettimeofday                                      
00027861  Timer0IntHandler                                  
00027869  SysTickIntHandler                                 
00027879  __TI_auto_init                                    
000278f1  printf                                            
00027961  fprintf                                           
000279c5  __TI_decompress_lzss                              
00027a2d  __TI_writemsg                                     
00027a5b  C$$IO$$                                           
00027a5f  __TI_readmsg                                      
00027a95  fseek                                             
00027af9  frexp                                             
00027af9  frexpl                                            
00027b5d  _c_int00                                          
00027bb1  C$$EXIT                                           
00027bb5  abort                                             
00027bbd  exit                                              
00027c05  ltoa                                              
00027c59  atoi                                              
00027ca5  copy_in                                           
00027d39  __aeabi_d2iz                                      
00027d81  strncpy                                           
00027db9  SysCtlPeripheralEnable                            
00027ded  __aeabi_i2d                                       
00027e1b  GPIODirModeSet                                    
00027e65  memchr                                            
00027e85  memccpy                                           
00027ea1  ResetISR                                          
00027ebb  GPIOPinTypeGPIOOutput                             
00027ed5  _args_main                                        
00027eed  strcmp                                            
00027f05  strchr                                            
00027f1d  SysTickEnable                                     
00027f31  SysTickIntEnable                                  
00027f45  _register_unlock                                  
00027f4b  _register_lock                                    
00027f53  _nop                                              
00027f59  copysign                                          
00027f59  copysignl                                         
00027f6d  strcpy                                            
00027f81  strlen                                            
00027f95  IntMasterEnable                                   
00027fa5  SysTickPeriodSet                                  
00027fb5  __TI_decompress_none                              
00027fc3  CPUcpsie                                          
00027fd1  SysTickValueGet                                   
00027fdd  __TI_zero_init                                    
00027fe9  GPIOPinWrite                                      
000281a0  _ctypes_                                          
000285ac  __TI_Handler_Table_Base                           
000285b8  __TI_Handler_Table_Limit                          
000285c0  __TI_CINIT_Base                                   
000285d0  __TI_CINIT_Limit                                  
0002fa00  __SYSMEM_SIZE                                     
20000000  _sys_memory                                       
2002fa00  __stack                                           
2002fc00  __STACK_TOP                                       
2002fe00  __STACK_END                                       
2002fe00  _ftable                                           
2002ffc0  __TI_ft_end                                       
2002ffc4  __aeabi_stdin                                     
2002ffc8  __aeabi_stdout                                    
2002ffcc  __aeabi_stderr                                    
2002ffd0  __TI_cleanup_ptr                                  
2002ffd4  __TI_dtors_ptr                                    
2002ffd8  __TI_enable_exit_profile_output                   
2002ffe8  _lock                                             
2002ffec  _unlock                                           
2002fff0  g_ui32TickCounter                                 
2002fff4  g_ui32Timer0Counter                               
2002fff8  errno                                             
20030000  main_func_sp                                      
20030004  __CIOBUF_                                         
20030124  __TI_tmpnams                                      
200301e8  g_ui32Flags                                       
200301ec  g_ui32SysClock                                    
ffffffff  __TI_pprof_out_hndl                               
ffffffff  __TI_prof_data_size                               
ffffffff  __TI_prof_data_start                              
ffffffff  __binit__                                         
ffffffff  __c_args__                                        
ffffffff  binit                                             
UNDEFED   SHT$$INIT_ARRAY$$Base                             
UNDEFED   SHT$$INIT_ARRAY$$Limit                            

[337 symbols]
