<?xml version="1.0"?>
<link_info>
   <banner>TI ARM Linker Unix v16.9.1.LTS</banner>
   <copyright>Copyright (c) 1996-2015 Texas Instruments Incorporated</copyright>
   <link_time>0x590c9a4a</link_time>
   <link_errors>0x0</link_errors>
   <output_file>ocp_qp_hpmpc.out</output_file>
   <entry_point>
      <name>_c_int00</name>
      <address>0x27b5d</address>
   </entry_point>
   <input_file_list>
      <input_file id="fl-2">
         <path>./</path>
         <kind>object</kind>
         <file>d_aux_extern_depend_lib.obj</file>
         <name>d_aux_extern_depend_lib.obj</name>
      </input_file>
      <input_file id="fl-3">
         <path>./</path>
         <kind>object</kind>
         <file>d_aux_extern_depend_lib4.obj</file>
         <name>d_aux_extern_depend_lib4.obj</name>
      </input_file>
      <input_file id="fl-4">
         <path>./</path>
         <kind>object</kind>
         <file>d_aux_ip_hard_libstr.obj</file>
         <name>d_aux_ip_hard_libstr.obj</name>
      </input_file>
      <input_file id="fl-5">
         <path>./</path>
         <kind>object</kind>
         <file>d_aux_lib.obj</file>
         <name>d_aux_lib.obj</name>
      </input_file>
      <input_file id="fl-6">
         <path>./</path>
         <kind>object</kind>
         <file>d_back_ric_rec_libstr.obj</file>
         <name>d_back_ric_rec_libstr.obj</name>
      </input_file>
      <input_file id="fl-7">
         <path>./</path>
         <kind>object</kind>
         <file>d_blas1_lib.obj</file>
         <name>d_blas1_lib.obj</name>
      </input_file>
      <input_file id="fl-8">
         <path>./</path>
         <kind>object</kind>
         <file>d_blas2_lib.obj</file>
         <name>d_blas2_lib.obj</name>
      </input_file>
      <input_file id="fl-9">
         <path>./</path>
         <kind>object</kind>
         <file>d_blas3_diag_lib.obj</file>
         <name>d_blas3_diag_lib.obj</name>
      </input_file>
      <input_file id="fl-a">
         <path>./</path>
         <kind>object</kind>
         <file>d_blas3_lib.obj</file>
         <name>d_blas3_lib.obj</name>
      </input_file>
      <input_file id="fl-b">
         <path>./</path>
         <kind>object</kind>
         <file>d_ip2_res_hard_libstr.obj</file>
         <name>d_ip2_res_hard_libstr.obj</name>
      </input_file>
      <input_file id="fl-c">
         <path>./</path>
         <kind>object</kind>
         <file>d_lapack_lib.obj</file>
         <name>d_lapack_lib.obj</name>
      </input_file>
      <input_file id="fl-d">
         <path>./</path>
         <kind>object</kind>
         <file>d_part_cond_libstr.obj</file>
         <name>d_part_cond_libstr.obj</name>
      </input_file>
      <input_file id="fl-e">
         <path>./</path>
         <kind>object</kind>
         <file>d_res_ip_res_hard_libstr.obj</file>
         <name>d_res_ip_res_hard_libstr.obj</name>
      </input_file>
      <input_file id="fl-f">
         <path>./</path>
         <kind>object</kind>
         <file>fortran_order_interface_libstr.obj</file>
         <name>fortran_order_interface_libstr.obj</name>
      </input_file>
      <input_file id="fl-10">
         <path>./</path>
         <kind>object</kind>
         <file>i_aux.obj</file>
         <name>i_aux.obj</name>
      </input_file>
      <input_file id="fl-11">
         <path>./</path>
         <kind>object</kind>
         <file>kernel_sgemm_4x4_lib4.obj</file>
         <name>kernel_sgemm_4x4_lib4.obj</name>
      </input_file>
      <input_file id="fl-12">
         <path>./</path>
         <kind>object</kind>
         <file>kernel_sgemv_4_lib4.obj</file>
         <name>kernel_sgemv_4_lib4.obj</name>
      </input_file>
      <input_file id="fl-13">
         <path>./</path>
         <kind>object</kind>
         <file>linux_time.obj</file>
         <name>linux_time.obj</name>
      </input_file>
      <input_file id="fl-14">
         <path>./</path>
         <kind>object</kind>
         <file>mass_spring_hpmpc.obj</file>
         <name>mass_spring_hpmpc.obj</name>
      </input_file>
      <input_file id="fl-15">
         <path>./</path>
         <kind>object</kind>
         <file>ocp_qp_hpmpc.obj</file>
         <name>ocp_qp_hpmpc.obj</name>
      </input_file>
      <input_file id="fl-16">
         <path>./</path>
         <kind>object</kind>
         <file>print.obj</file>
         <name>print.obj</name>
      </input_file>
      <input_file id="fl-17">
         <path>./</path>
         <kind>object</kind>
         <file>timing.obj</file>
         <name>timing.obj</name>
      </input_file>
      <input_file id="fl-18">
         <path>./</path>
         <kind>object</kind>
         <file>tm4c129encpdt_startup_ccs.obj</file>
         <name>tm4c129encpdt_startup_ccs.obj</name>
      </input_file>
      <input_file id="fl-19">
         <path>./</path>
         <kind>object</kind>
         <file>tools.obj</file>
         <name>tools.obj</name>
      </input_file>
      <input_file id="fl-1f">
         <path>/home/dang/ti/TivaWare_C_Series-2.1.3.156/driverlib/ccs/Debug/</path>
         <kind>archive</kind>
         <file>driverlib.lib</file>
         <name>gpio.obj</name>
      </input_file>
      <input_file id="fl-20">
         <path>/home/dang/ti/TivaWare_C_Series-2.1.3.156/driverlib/ccs/Debug/</path>
         <kind>archive</kind>
         <file>driverlib.lib</file>
         <name>interrupt.obj</name>
      </input_file>
      <input_file id="fl-21">
         <path>/home/dang/ti/TivaWare_C_Series-2.1.3.156/driverlib/ccs/Debug/</path>
         <kind>archive</kind>
         <file>driverlib.lib</file>
         <name>sysctl.obj</name>
      </input_file>
      <input_file id="fl-22">
         <path>/home/dang/ti/TivaWare_C_Series-2.1.3.156/driverlib/ccs/Debug/</path>
         <kind>archive</kind>
         <file>driverlib.lib</file>
         <name>systick.obj</name>
      </input_file>
      <input_file id="fl-23">
         <path>/home/dang/ti/TivaWare_C_Series-2.1.3.156/driverlib/ccs/Debug/</path>
         <kind>archive</kind>
         <file>driverlib.lib</file>
         <name>cpu.obj</name>
      </input_file>
      <input_file id="fl-d9">
         <path>/home/dang/ti/ccsv7/tools/compiler/ti-cgt-arm_16.9.1.LTS/lib/</path>
         <kind>archive</kind>
         <file>rtsv7M4_T_le_v4SPD16_eabi.lib</file>
         <name>boot.obj</name>
      </input_file>
      <input_file id="fl-da">
         <path>/home/dang/ti/ccsv7/tools/compiler/ti-cgt-arm_16.9.1.LTS/lib/</path>
         <kind>archive</kind>
         <file>rtsv7M4_T_le_v4SPD16_eabi.lib</file>
         <name>copy_decompress_lzss.obj</name>
      </input_file>
      <input_file id="fl-db">
         <path>/home/dang/ti/ccsv7/tools/compiler/ti-cgt-arm_16.9.1.LTS/lib/</path>
         <kind>archive</kind>
         <file>rtsv7M4_T_le_v4SPD16_eabi.lib</file>
         <name>copy_decompress_none.obj</name>
      </input_file>
      <input_file id="fl-dc">
         <path>/home/dang/ti/ccsv7/tools/compiler/ti-cgt-arm_16.9.1.LTS/lib/</path>
         <kind>archive</kind>
         <file>rtsv7M4_T_le_v4SPD16_eabi.lib</file>
         <name>copy_zero_init.obj</name>
      </input_file>
      <input_file id="fl-dd">
         <path>/home/dang/ti/ccsv7/tools/compiler/ti-cgt-arm_16.9.1.LTS/lib/</path>
         <kind>archive</kind>
         <file>rtsv7M4_T_le_v4SPD16_eabi.lib</file>
         <name>defs.obj</name>
      </input_file>
      <input_file id="fl-de">
         <path>/home/dang/ti/ccsv7/tools/compiler/ti-cgt-arm_16.9.1.LTS/lib/</path>
         <kind>archive</kind>
         <file>rtsv7M4_T_le_v4SPD16_eabi.lib</file>
         <name>e_pow.obj</name>
      </input_file>
      <input_file id="fl-df">
         <path>/home/dang/ti/ccsv7/tools/compiler/ti-cgt-arm_16.9.1.LTS/lib/</path>
         <kind>archive</kind>
         <file>rtsv7M4_T_le_v4SPD16_eabi.lib</file>
         <name>e_sqrt.obj</name>
      </input_file>
      <input_file id="fl-e0">
         <path>/home/dang/ti/ccsv7/tools/compiler/ti-cgt-arm_16.9.1.LTS/lib/</path>
         <kind>archive</kind>
         <file>rtsv7M4_T_le_v4SPD16_eabi.lib</file>
         <name>errno.obj</name>
      </input_file>
      <input_file id="fl-e1">
         <path>/home/dang/ti/ccsv7/tools/compiler/ti-cgt-arm_16.9.1.LTS/lib/</path>
         <kind>archive</kind>
         <file>rtsv7M4_T_le_v4SPD16_eabi.lib</file>
         <name>exit.obj</name>
      </input_file>
      <input_file id="fl-e2">
         <path>/home/dang/ti/ccsv7/tools/compiler/ti-cgt-arm_16.9.1.LTS/lib/</path>
         <kind>archive</kind>
         <file>rtsv7M4_T_le_v4SPD16_eabi.lib</file>
         <name>fclose.obj</name>
      </input_file>
      <input_file id="fl-e3">
         <path>/home/dang/ti/ccsv7/tools/compiler/ti-cgt-arm_16.9.1.LTS/lib/</path>
         <kind>archive</kind>
         <file>rtsv7M4_T_le_v4SPD16_eabi.lib</file>
         <name>fd_add_t2.obj</name>
      </input_file>
      <input_file id="fl-e4">
         <path>/home/dang/ti/ccsv7/tools/compiler/ti-cgt-arm_16.9.1.LTS/lib/</path>
         <kind>archive</kind>
         <file>rtsv7M4_T_le_v4SPD16_eabi.lib</file>
         <name>fd_cmp_t2.obj</name>
      </input_file>
      <input_file id="fl-e5">
         <path>/home/dang/ti/ccsv7/tools/compiler/ti-cgt-arm_16.9.1.LTS/lib/</path>
         <kind>archive</kind>
         <file>rtsv7M4_T_le_v4SPD16_eabi.lib</file>
         <name>fd_div_t2.obj</name>
      </input_file>
      <input_file id="fl-e6">
         <path>/home/dang/ti/ccsv7/tools/compiler/ti-cgt-arm_16.9.1.LTS/lib/</path>
         <kind>archive</kind>
         <file>rtsv7M4_T_le_v4SPD16_eabi.lib</file>
         <name>fd_mul_t2.obj</name>
      </input_file>
      <input_file id="fl-e7">
         <path>/home/dang/ti/ccsv7/tools/compiler/ti-cgt-arm_16.9.1.LTS/lib/</path>
         <kind>archive</kind>
         <file>rtsv7M4_T_le_v4SPD16_eabi.lib</file>
         <name>fflush.obj</name>
      </input_file>
      <input_file id="fl-e8">
         <path>/home/dang/ti/ccsv7/tools/compiler/ti-cgt-arm_16.9.1.LTS/lib/</path>
         <kind>archive</kind>
         <file>rtsv7M4_T_le_v4SPD16_eabi.lib</file>
         <name>fopen.obj</name>
      </input_file>
      <input_file id="fl-e9">
         <path>/home/dang/ti/ccsv7/tools/compiler/ti-cgt-arm_16.9.1.LTS/lib/</path>
         <kind>archive</kind>
         <file>rtsv7M4_T_le_v4SPD16_eabi.lib</file>
         <name>fprintf.obj</name>
      </input_file>
      <input_file id="fl-ea">
         <path>/home/dang/ti/ccsv7/tools/compiler/ti-cgt-arm_16.9.1.LTS/lib/</path>
         <kind>archive</kind>
         <file>rtsv7M4_T_le_v4SPD16_eabi.lib</file>
         <name>fputc.obj</name>
      </input_file>
      <input_file id="fl-eb">
         <path>/home/dang/ti/ccsv7/tools/compiler/ti-cgt-arm_16.9.1.LTS/lib/</path>
         <kind>archive</kind>
         <file>rtsv7M4_T_le_v4SPD16_eabi.lib</file>
         <name>fputs.obj</name>
      </input_file>
      <input_file id="fl-ec">
         <path>/home/dang/ti/ccsv7/tools/compiler/ti-cgt-arm_16.9.1.LTS/lib/</path>
         <kind>archive</kind>
         <file>rtsv7M4_T_le_v4SPD16_eabi.lib</file>
         <name>fscanf.obj</name>
      </input_file>
      <input_file id="fl-ed">
         <path>/home/dang/ti/ccsv7/tools/compiler/ti-cgt-arm_16.9.1.LTS/lib/</path>
         <kind>archive</kind>
         <file>rtsv7M4_T_le_v4SPD16_eabi.lib</file>
         <name>i_tofd_t2.obj</name>
      </input_file>
      <input_file id="fl-ee">
         <path>/home/dang/ti/ccsv7/tools/compiler/ti-cgt-arm_16.9.1.LTS/lib/</path>
         <kind>archive</kind>
         <file>rtsv7M4_T_le_v4SPD16_eabi.lib</file>
         <name>lowlev.obj</name>
      </input_file>
      <input_file id="fl-ef">
         <path>/home/dang/ti/ccsv7/tools/compiler/ti-cgt-arm_16.9.1.LTS/lib/</path>
         <kind>archive</kind>
         <file>rtsv7M4_T_le_v4SPD16_eabi.lib</file>
         <name>memchr.obj</name>
      </input_file>
      <input_file id="fl-f0">
         <path>/home/dang/ti/ccsv7/tools/compiler/ti-cgt-arm_16.9.1.LTS/lib/</path>
         <kind>archive</kind>
         <file>rtsv7M4_T_le_v4SPD16_eabi.lib</file>
         <name>memcpy_t2.obj</name>
      </input_file>
      <input_file id="fl-f1">
         <path>/home/dang/ti/ccsv7/tools/compiler/ti-cgt-arm_16.9.1.LTS/lib/</path>
         <kind>archive</kind>
         <file>rtsv7M4_T_le_v4SPD16_eabi.lib</file>
         <name>memory.obj</name>
      </input_file>
      <input_file id="fl-f2">
         <path>/home/dang/ti/ccsv7/tools/compiler/ti-cgt-arm_16.9.1.LTS/lib/</path>
         <kind>archive</kind>
         <file>rtsv7M4_T_le_v4SPD16_eabi.lib</file>
         <name>memset_t2.obj</name>
      </input_file>
      <input_file id="fl-f3">
         <path>/home/dang/ti/ccsv7/tools/compiler/ti-cgt-arm_16.9.1.LTS/lib/</path>
         <kind>archive</kind>
         <file>rtsv7M4_T_le_v4SPD16_eabi.lib</file>
         <name>mpu_init.obj</name>
      </input_file>
      <input_file id="fl-f4">
         <path>/home/dang/ti/ccsv7/tools/compiler/ti-cgt-arm_16.9.1.LTS/lib/</path>
         <kind>archive</kind>
         <file>rtsv7M4_T_le_v4SPD16_eabi.lib</file>
         <name>pre_init.obj</name>
      </input_file>
      <input_file id="fl-f5">
         <path>/home/dang/ti/ccsv7/tools/compiler/ti-cgt-arm_16.9.1.LTS/lib/</path>
         <kind>archive</kind>
         <file>rtsv7M4_T_le_v4SPD16_eabi.lib</file>
         <name>printf.obj</name>
      </input_file>
      <input_file id="fl-f6">
         <path>/home/dang/ti/ccsv7/tools/compiler/ti-cgt-arm_16.9.1.LTS/lib/</path>
         <kind>archive</kind>
         <file>rtsv7M4_T_le_v4SPD16_eabi.lib</file>
         <name>remove.obj</name>
      </input_file>
      <input_file id="fl-f7">
         <path>/home/dang/ti/ccsv7/tools/compiler/ti-cgt-arm_16.9.1.LTS/lib/</path>
         <kind>archive</kind>
         <file>rtsv7M4_T_le_v4SPD16_eabi.lib</file>
         <name>s_frexp.obj</name>
      </input_file>
      <input_file id="fl-f8">
         <path>/home/dang/ti/ccsv7/tools/compiler/ti-cgt-arm_16.9.1.LTS/lib/</path>
         <kind>archive</kind>
         <file>rtsv7M4_T_le_v4SPD16_eabi.lib</file>
         <name>s_scalbn.obj</name>
      </input_file>
      <input_file id="fl-f9">
         <path>/home/dang/ti/ccsv7/tools/compiler/ti-cgt-arm_16.9.1.LTS/lib/</path>
         <kind>archive</kind>
         <file>rtsv7M4_T_le_v4SPD16_eabi.lib</file>
         <name>stkdepth_vars.obj</name>
      </input_file>
      <input_file id="fl-fa">
         <path>/home/dang/ti/ccsv7/tools/compiler/ti-cgt-arm_16.9.1.LTS/lib/</path>
         <kind>archive</kind>
         <file>rtsv7M4_T_le_v4SPD16_eabi.lib</file>
         <name>strchr.obj</name>
      </input_file>
      <input_file id="fl-fb">
         <path>/home/dang/ti/ccsv7/tools/compiler/ti-cgt-arm_16.9.1.LTS/lib/</path>
         <kind>archive</kind>
         <file>rtsv7M4_T_le_v4SPD16_eabi.lib</file>
         <name>strcmp.obj</name>
      </input_file>
      <input_file id="fl-fc">
         <path>/home/dang/ti/ccsv7/tools/compiler/ti-cgt-arm_16.9.1.LTS/lib/</path>
         <kind>archive</kind>
         <file>rtsv7M4_T_le_v4SPD16_eabi.lib</file>
         <name>strlen.obj</name>
      </input_file>
      <input_file id="fl-fd">
         <path>/home/dang/ti/ccsv7/tools/compiler/ti-cgt-arm_16.9.1.LTS/lib/</path>
         <kind>archive</kind>
         <file>rtsv7M4_T_le_v4SPD16_eabi.lib</file>
         <name>strncpy.obj</name>
      </input_file>
      <input_file id="fl-fe">
         <path>/home/dang/ti/ccsv7/tools/compiler/ti-cgt-arm_16.9.1.LTS/lib/</path>
         <kind>archive</kind>
         <file>rtsv7M4_T_le_v4SPD16_eabi.lib</file>
         <name>ti_fmax.obj</name>
      </input_file>
      <input_file id="fl-ff">
         <path>/home/dang/ti/ccsv7/tools/compiler/ti-cgt-arm_16.9.1.LTS/lib/</path>
         <kind>archive</kind>
         <file>rtsv7M4_T_le_v4SPD16_eabi.lib</file>
         <name>trgdrv.obj</name>
      </input_file>
      <input_file id="fl-100">
         <path>/home/dang/ti/ccsv7/tools/compiler/ti-cgt-arm_16.9.1.LTS/lib/</path>
         <kind>archive</kind>
         <file>rtsv7M4_T_le_v4SPD16_eabi.lib</file>
         <name>trgmsg.obj</name>
      </input_file>
      <input_file id="fl-101">
         <path>/home/dang/ti/ccsv7/tools/compiler/ti-cgt-arm_16.9.1.LTS/lib/</path>
         <kind>archive</kind>
         <file>rtsv7M4_T_le_v4SPD16_eabi.lib</file>
         <name>ungetc.obj</name>
      </input_file>
      <input_file id="fl-102">
         <path>/home/dang/ti/ccsv7/tools/compiler/ti-cgt-arm_16.9.1.LTS/lib/</path>
         <kind>archive</kind>
         <file>rtsv7M4_T_le_v4SPD16_eabi.lib</file>
         <name>vla_alloc.obj</name>
      </input_file>
      <input_file id="fl-103">
         <path>/home/dang/ti/ccsv7/tools/compiler/ti-cgt-arm_16.9.1.LTS/lib/</path>
         <kind>archive</kind>
         <file>rtsv7M4_T_le_v4SPD16_eabi.lib</file>
         <name>_io_perm.obj</name>
      </input_file>
      <input_file id="fl-104">
         <path>/home/dang/ti/ccsv7/tools/compiler/ti-cgt-arm_16.9.1.LTS/lib/</path>
         <kind>archive</kind>
         <file>rtsv7M4_T_le_v4SPD16_eabi.lib</file>
         <name>_lock.obj</name>
      </input_file>
      <input_file id="fl-105">
         <path>/home/dang/ti/ccsv7/tools/compiler/ti-cgt-arm_16.9.1.LTS/lib/</path>
         <kind>archive</kind>
         <file>rtsv7M4_T_le_v4SPD16_eabi.lib</file>
         <name>_printfi.obj</name>
      </input_file>
      <input_file id="fl-106">
         <path>/home/dang/ti/ccsv7/tools/compiler/ti-cgt-arm_16.9.1.LTS/lib/</path>
         <kind>archive</kind>
         <file>rtsv7M4_T_le_v4SPD16_eabi.lib</file>
         <name>_scanfi.obj</name>
      </input_file>
      <input_file id="fl-107">
         <path>/home/dang/ti/ccsv7/tools/compiler/ti-cgt-arm_16.9.1.LTS/lib/</path>
         <kind>archive</kind>
         <file>rtsv7M4_T_le_v4SPD16_eabi.lib</file>
         <name>args_main.obj</name>
      </input_file>
      <input_file id="fl-108">
         <path>/home/dang/ti/ccsv7/tools/compiler/ti-cgt-arm_16.9.1.LTS/lib/</path>
         <kind>archive</kind>
         <file>rtsv7M4_T_le_v4SPD16_eabi.lib</file>
         <name>atoi.obj</name>
      </input_file>
      <input_file id="fl-109">
         <path>/home/dang/ti/ccsv7/tools/compiler/ti-cgt-arm_16.9.1.LTS/lib/</path>
         <kind>archive</kind>
         <file>rtsv7M4_T_le_v4SPD16_eabi.lib</file>
         <name>autoinit.obj</name>
      </input_file>
      <input_file id="fl-10a">
         <path>/home/dang/ti/ccsv7/tools/compiler/ti-cgt-arm_16.9.1.LTS/lib/</path>
         <kind>archive</kind>
         <file>rtsv7M4_T_le_v4SPD16_eabi.lib</file>
         <name>cpy_tbl.obj</name>
      </input_file>
      <input_file id="fl-10b">
         <path>/home/dang/ti/ccsv7/tools/compiler/ti-cgt-arm_16.9.1.LTS/lib/</path>
         <kind>archive</kind>
         <file>rtsv7M4_T_le_v4SPD16_eabi.lib</file>
         <name>ctype.obj</name>
      </input_file>
      <input_file id="fl-10c">
         <path>/home/dang/ti/ccsv7/tools/compiler/ti-cgt-arm_16.9.1.LTS/lib/</path>
         <kind>archive</kind>
         <file>rtsv7M4_T_le_v4SPD16_eabi.lib</file>
         <name>error.obj</name>
      </input_file>
      <input_file id="fl-10d">
         <path>/home/dang/ti/ccsv7/tools/compiler/ti-cgt-arm_16.9.1.LTS/lib/</path>
         <kind>archive</kind>
         <file>rtsv7M4_T_le_v4SPD16_eabi.lib</file>
         <name>fd_toi_t2.obj</name>
      </input_file>
      <input_file id="fl-10e">
         <path>/home/dang/ti/ccsv7/tools/compiler/ti-cgt-arm_16.9.1.LTS/lib/</path>
         <kind>archive</kind>
         <file>rtsv7M4_T_le_v4SPD16_eabi.lib</file>
         <name>fd_tos_t2.obj</name>
      </input_file>
      <input_file id="fl-10f">
         <path>/home/dang/ti/ccsv7/tools/compiler/ti-cgt-arm_16.9.1.LTS/lib/</path>
         <kind>archive</kind>
         <file>rtsv7M4_T_le_v4SPD16_eabi.lib</file>
         <name>fgetc.obj</name>
      </input_file>
      <input_file id="fl-110">
         <path>/home/dang/ti/ccsv7/tools/compiler/ti-cgt-arm_16.9.1.LTS/lib/</path>
         <kind>archive</kind>
         <file>rtsv7M4_T_le_v4SPD16_eabi.lib</file>
         <name>fseek.obj</name>
      </input_file>
      <input_file id="fl-111">
         <path>/home/dang/ti/ccsv7/tools/compiler/ti-cgt-arm_16.9.1.LTS/lib/</path>
         <kind>archive</kind>
         <file>rtsv7M4_T_le_v4SPD16_eabi.lib</file>
         <name>ltoa.obj</name>
      </input_file>
      <input_file id="fl-112">
         <path>/home/dang/ti/ccsv7/tools/compiler/ti-cgt-arm_16.9.1.LTS/lib/</path>
         <kind>archive</kind>
         <file>rtsv7M4_T_le_v4SPD16_eabi.lib</file>
         <name>memccpy.obj</name>
      </input_file>
      <input_file id="fl-113">
         <path>/home/dang/ti/ccsv7/tools/compiler/ti-cgt-arm_16.9.1.LTS/lib/</path>
         <kind>archive</kind>
         <file>rtsv7M4_T_le_v4SPD16_eabi.lib</file>
         <name>s_copysign.obj</name>
      </input_file>
      <input_file id="fl-114">
         <path>/home/dang/ti/ccsv7/tools/compiler/ti-cgt-arm_16.9.1.LTS/lib/</path>
         <kind>archive</kind>
         <file>rtsv7M4_T_le_v4SPD16_eabi.lib</file>
         <name>setvbuf.obj</name>
      </input_file>
      <input_file id="fl-115">
         <path>/home/dang/ti/ccsv7/tools/compiler/ti-cgt-arm_16.9.1.LTS/lib/</path>
         <kind>archive</kind>
         <file>rtsv7M4_T_le_v4SPD16_eabi.lib</file>
         <name>startup.obj</name>
      </input_file>
      <input_file id="fl-116">
         <path>/home/dang/ti/ccsv7/tools/compiler/ti-cgt-arm_16.9.1.LTS/lib/</path>
         <kind>archive</kind>
         <file>rtsv7M4_T_le_v4SPD16_eabi.lib</file>
         <name>strcpy.obj</name>
      </input_file>
      <input_file id="fl-117">
         <path>/home/dang/ti/ccsv7/tools/compiler/ti-cgt-arm_16.9.1.LTS/lib/</path>
         <kind>archive</kind>
         <file>rtsv7M4_T_le_v4SPD16_eabi.lib</file>
         <name>strrchr.obj</name>
      </input_file>
      <input_file id="fl-118">
         <path>/home/dang/ti/ccsv7/tools/compiler/ti-cgt-arm_16.9.1.LTS/lib/</path>
         <kind>archive</kind>
         <file>rtsv7M4_T_le_v4SPD16_eabi.lib</file>
         <name>strtod.obj</name>
      </input_file>
      <input_file id="fl-119">
         <path>/home/dang/ti/ccsv7/tools/compiler/ti-cgt-arm_16.9.1.LTS/lib/</path>
         <kind>archive</kind>
         <file>rtsv7M4_T_le_v4SPD16_eabi.lib</file>
         <name>strtol.obj</name>
      </input_file>
      <input_file id="fl-11a">
         <path>/home/dang/ti/ccsv7/tools/compiler/ti-cgt-arm_16.9.1.LTS/lib/</path>
         <kind>archive</kind>
         <file>rtsv7M4_T_le_v4SPD16_eabi.lib</file>
         <name>strtoll.obj</name>
      </input_file>
      <input_file id="fl-11b">
         <path>/home/dang/ti/ccsv7/tools/compiler/ti-cgt-arm_16.9.1.LTS/lib/</path>
         <kind>archive</kind>
         <file>rtsv7M4_T_le_v4SPD16_eabi.lib</file>
         <name>strtoul.obj</name>
      </input_file>
      <input_file id="fl-11c">
         <path>/home/dang/ti/ccsv7/tools/compiler/ti-cgt-arm_16.9.1.LTS/lib/</path>
         <kind>archive</kind>
         <file>rtsv7M4_T_le_v4SPD16_eabi.lib</file>
         <name>strtoull.obj</name>
      </input_file>
      <input_file id="fl-11d">
         <path>/home/dang/ti/ccsv7/tools/compiler/ti-cgt-arm_16.9.1.LTS/lib/</path>
         <kind>archive</kind>
         <file>rtsv7M4_T_le_v4SPD16_eabi.lib</file>
         <name>ull_div_t2.obj</name>
      </input_file>
      <input_file id="fl-11e">
         <path>/home/dang/ti/ccsv7/tools/compiler/ti-cgt-arm_16.9.1.LTS/lib/</path>
         <kind>archive</kind>
         <file>rtsv7M4_T_le_v4SPD16_eabi.lib</file>
         <name>_bufread.obj</name>
      </input_file>
      <input_file id="fl-11f">
         <path>/home/dang/ti/ccsv7/tools/compiler/ti-cgt-arm_16.9.1.LTS/lib/</path>
         <kind>archive</kind>
         <file>rtsv7M4_T_le_v4SPD16_eabi.lib</file>
         <name>ll_mul_t2.obj</name>
      </input_file>
   </input_file_list>
   <object_component_list>
      <object_component id="oc-f">
         <name>.intvecs</name>
         <load_address>0x0</load_address>
         <run_address>0x0</run_address>
         <size>0x208</size>
         <input_file_ref idref="fl-18"/>
      </object_component>
      <object_component id="oc-271">
         <name>.text</name>
         <load_address>0x208</load_address>
         <run_address>0x208</run_address>
         <size>0x5574</size>
         <input_file_ref idref="fl-a"/>
      </object_component>
      <object_component id="oc-23f">
         <name>.text</name>
         <load_address>0x577c</load_address>
         <run_address>0x577c</run_address>
         <size>0x4</size>
         <input_file_ref idref="fl-10c"/>
      </object_component>
      <object_component id="oc-26b">
         <name>.text</name>
         <load_address>0x5780</load_address>
         <run_address>0x5780</run_address>
         <size>0x5336</size>
         <input_file_ref idref="fl-4"/>
      </object_component>
      <object_component id="oc-60">
         <name>.text</name>
         <load_address>0xaab6</load_address>
         <run_address>0xaab6</run_address>
         <size>0x2</size>
         <input_file_ref idref="fl-f3"/>
      </object_component>
      <object_component id="oc-384">
         <name>.text</name>
         <load_address>0xaab8</load_address>
         <run_address>0xaab8</run_address>
         <size>0x4730</size>
         <input_file_ref idref="fl-c"/>
      </object_component>
      <object_component id="oc-378">
         <name>.text</name>
         <load_address>0xf1e8</load_address>
         <run_address>0xf1e8</run_address>
         <size>0x2ea4</size>
         <input_file_ref idref="fl-8"/>
      </object_component>
      <object_component id="oc-66">
         <name>.text</name>
         <load_address>0x1208c</load_address>
         <run_address>0x1208c</run_address>
         <size>0x4</size>
         <input_file_ref idref="fl-f4"/>
      </object_component>
      <object_component id="oc-362">
         <name>.text</name>
         <load_address>0x12090</load_address>
         <run_address>0x12090</run_address>
         <size>0x2c26</size>
         <input_file_ref idref="fl-d"/>
      </object_component>
      <object_component id="oc-ba">
         <name>.text</name>
         <load_address>0x14cb6</load_address>
         <run_address>0x14cb6</run_address>
         <size>0x2</size>
         <input_file_ref idref="fl-115"/>
      </object_component>
      <object_component id="oc-265">
         <name>.text</name>
         <load_address>0x14cb8</load_address>
         <run_address>0x14cb8</run_address>
         <size>0x2568</size>
         <input_file_ref idref="fl-6"/>
      </object_component>
      <object_component id="oc-25f">
         <name>.text</name>
         <load_address>0x17220</load_address>
         <run_address>0x17220</run_address>
         <size>0x2244</size>
         <input_file_ref idref="fl-5"/>
      </object_component>
      <object_component id="oc-16f">
         <name>.text</name>
         <load_address>0x19468</load_address>
         <run_address>0x19468</run_address>
         <size>0x1b84</size>
         <input_file_ref idref="fl-15"/>
      </object_component>
      <object_component id="oc-11d">
         <name>.text</name>
         <load_address>0x1aff0</load_address>
         <run_address>0x1aff0</run_address>
         <size>0x1b48</size>
         <input_file_ref idref="fl-19"/>
      </object_component>
      <object_component id="oc-c2">
         <name>.text</name>
         <load_address>0x1cb38</load_address>
         <run_address>0x1cb38</run_address>
         <size>0x1ac4</size>
         <input_file_ref idref="fl-14"/>
      </object_component>
      <object_component id="oc-259">
         <name>.text</name>
         <load_address>0x1e600</load_address>
         <run_address>0x1e600</run_address>
         <size>0x172c</size>
         <input_file_ref idref="fl-f"/>
      </object_component>
      <object_component id="oc-277">
         <name>.text</name>
         <load_address>0x1fd30</load_address>
         <run_address>0x1fd30</run_address>
         <size>0x1478</size>
         <input_file_ref idref="fl-b"/>
      </object_component>
      <object_component id="oc-368">
         <name>.text</name>
         <load_address>0x211a8</load_address>
         <run_address>0x211a8</run_address>
         <size>0x1308</size>
         <input_file_ref idref="fl-e"/>
      </object_component>
      <object_component id="oc-22e">
         <name>.text</name>
         <load_address>0x224b0</load_address>
         <run_address>0x224b0</run_address>
         <size>0x113e</size>
         <input_file_ref idref="fl-105"/>
      </object_component>
      <object_component id="oc-38a">
         <name>.text</name>
         <load_address>0x235f0</load_address>
         <run_address>0x235f0</run_address>
         <size>0xdde</size>
         <input_file_ref idref="fl-9"/>
      </object_component>
      <object_component id="oc-1e5">
         <name>.text</name>
         <load_address>0x243d0</load_address>
         <run_address>0x243d0</run_address>
         <size>0x9ac</size>
         <input_file_ref idref="fl-de"/>
      </object_component>
      <object_component id="oc-117">
         <name>.text</name>
         <load_address>0x24d80</load_address>
         <run_address>0x24d80</run_address>
         <size>0x430</size>
         <input_file_ref idref="fl-2"/>
      </object_component>
      <object_component id="oc-123">
         <name>.text</name>
         <load_address>0x251b0</load_address>
         <run_address>0x251b0</run_address>
         <size>0x3d0</size>
         <input_file_ref idref="fl-f1"/>
      </object_component>
      <object_component id="oc-42d">
         <name>.text</name>
         <load_address>0x25580</load_address>
         <run_address>0x25580</run_address>
         <size>0x324</size>
         <input_file_ref idref="fl-ff"/>
      </object_component>
      <object_component id="oc-2f3">
         <name>.text</name>
         <load_address>0x258a4</load_address>
         <run_address>0x258a4</run_address>
         <size>0x30c</size>
         <input_file_ref idref="fl-ee"/>
      </object_component>
      <object_component id="oc-160">
         <name>.text</name>
         <load_address>0x25bb0</load_address>
         <run_address>0x25bb0</run_address>
         <size>0x298</size>
         <input_file_ref idref="fl-102"/>
      </object_component>
      <object_component id="oc-36e">
         <name>.text</name>
         <load_address>0x25e48</load_address>
         <run_address>0x25e48</run_address>
         <size>0x25c</size>
         <input_file_ref idref="fl-fe"/>
      </object_component>
      <object_component id="oc-309">
         <name>.text</name>
         <load_address>0x260a4</load_address>
         <run_address>0x260a4</run_address>
         <size>0x1f4</size>
         <input_file_ref idref="fl-11d"/>
      </object_component>
      <object_component id="oc-129">
         <name>.text:SysCtlClockFreqSet</name>
         <load_address>0x26298</load_address>
         <run_address>0x26298</run_address>
         <size>0x1ec</size>
         <input_file_ref idref="fl-21"/>
      </object_component>
      <object_component id="oc-37e">
         <name>.text</name>
         <load_address>0x26488</load_address>
         <run_address>0x26488</run_address>
         <size>0x1e0</size>
         <input_file_ref idref="fl-7"/>
      </object_component>
      <object_component id="oc-416">
         <name>.text</name>
         <load_address>0x26668</load_address>
         <run_address>0x26668</run_address>
         <size>0x1c4</size>
         <input_file_ref idref="fl-e8"/>
      </object_component>
      <object_component id="oc-17f">
         <name>.text</name>
         <load_address>0x2682c</load_address>
         <run_address>0x2682c</run_address>
         <size>0x1b6</size>
         <input_file_ref idref="fl-e3"/>
      </object_component>
      <object_component id="oc-1b4">
         <name>.text</name>
         <load_address>0x269e4</load_address>
         <run_address>0x269e4</run_address>
         <size>0x170</size>
         <input_file_ref idref="fl-df"/>
      </object_component>
      <object_component id="oc-17a">
         <name>.text</name>
         <load_address>0x26b54</load_address>
         <run_address>0x26b54</run_address>
         <size>0x136</size>
         <input_file_ref idref="fl-e5"/>
      </object_component>
      <object_component id="oc-228">
         <name>.text</name>
         <load_address>0x26c8c</load_address>
         <run_address>0x26c8c</run_address>
         <size>0x134</size>
         <input_file_ref idref="fl-eb"/>
      </object_component>
      <object_component id="oc-209">
         <name>.text:GPIOPadConfigSet</name>
         <load_address>0x26dc0</load_address>
         <run_address>0x26dc0</run_address>
         <size>0x132</size>
         <input_file_ref idref="fl-1f"/>
      </object_component>
      <object_component id="oc-1af">
         <name>.text</name>
         <load_address>0x26ef2</load_address>
         <run_address>0x26ef2</run_address>
         <size>0xfc</size>
         <input_file_ref idref="fl-e6"/>
      </object_component>
      <object_component id="oc-2c1">
         <name>.text</name>
         <load_address>0x26ff0</load_address>
         <run_address>0x26ff0</run_address>
         <size>0xfc</size>
         <input_file_ref idref="fl-f8"/>
      </object_component>
      <object_component id="oc-3b7">
         <name>.text</name>
         <load_address>0x270ec</load_address>
         <run_address>0x270ec</run_address>
         <size>0xdc</size>
         <input_file_ref idref="fl-114"/>
      </object_component>
      <object_component id="oc-1c7">
         <name>.text</name>
         <load_address>0x271c8</load_address>
         <run_address>0x271c8</run_address>
         <size>0xcc</size>
         <input_file_ref idref="fl-3"/>
      </object_component>
      <object_component id="oc-2ed">
         <name>.text</name>
         <load_address>0x27294</load_address>
         <run_address>0x27294</run_address>
         <size>0xc8</size>
         <input_file_ref idref="fl-e7"/>
      </object_component>
      <object_component id="oc-2e7">
         <name>.text</name>
         <load_address>0x2735c</load_address>
         <run_address>0x2735c</run_address>
         <size>0xac</size>
         <input_file_ref idref="fl-103"/>
      </object_component>
      <object_component id="oc-166">
         <name>.text</name>
         <load_address>0x27408</load_address>
         <run_address>0x27408</run_address>
         <size>0xa2</size>
         <input_file_ref idref="fl-10"/>
      </object_component>
      <object_component id="oc-48">
         <name>.text</name>
         <load_address>0x274aa</load_address>
         <run_address>0x274aa</run_address>
         <size>0x9c</size>
         <input_file_ref idref="fl-f0"/>
      </object_component>
      <object_component id="oc-45b">
         <name>.text</name>
         <load_address>0x27548</load_address>
         <run_address>0x27548</run_address>
         <size>0x98</size>
         <input_file_ref idref="fl-e2"/>
      </object_component>
      <object_component id="oc-222">
         <name>.text</name>
         <load_address>0x275e0</load_address>
         <run_address>0x275e0</run_address>
         <size>0x98</size>
         <input_file_ref idref="fl-ea"/>
      </object_component>
      <object_component id="oc-1bf">
         <name>.text:__aeabi_cdcmple</name>
         <load_address>0x27678</load_address>
         <run_address>0x27678</run_address>
         <size>0x86</size>
         <input_file_ref idref="fl-e4"/>
      </object_component>
      <object_component id="oc-1ba">
         <name>.text:__aeabi_cdrcmple</name>
         <load_address>0x276fe</load_address>
         <run_address>0x276fe</run_address>
         <size>0x86</size>
         <input_file_ref idref="fl-e4"/>
      </object_component>
      <object_component id="oc-54">
         <name>.text</name>
         <load_address>0x27784</load_address>
         <run_address>0x27784</run_address>
         <size>0x7a</size>
         <input_file_ref idref="fl-f2"/>
      </object_component>
      <object_component id="oc-34">
         <name>.text</name>
         <load_address>0x27800</load_address>
         <run_address>0x27800</run_address>
         <size>0x78</size>
         <input_file_ref idref="fl-13"/>
      </object_component>
      <object_component id="oc-6c">
         <name>.text</name>
         <load_address>0x27878</load_address>
         <run_address>0x27878</run_address>
         <size>0x70</size>
         <input_file_ref idref="fl-109"/>
      </object_component>
      <object_component id="oc-154">
         <name>.text</name>
         <load_address>0x278e8</load_address>
         <run_address>0x278e8</run_address>
         <size>0x70</size>
         <input_file_ref idref="fl-f5"/>
      </object_component>
      <object_component id="oc-1a7">
         <name>.text</name>
         <load_address>0x27958</load_address>
         <run_address>0x27958</run_address>
         <size>0x6c</size>
         <input_file_ref idref="fl-e9"/>
      </object_component>
      <object_component id="oc-12">
         <name>.text:decompress:lzss</name>
         <load_address>0x279c4</load_address>
         <run_address>0x279c4</run_address>
         <size>0x68</size>
         <input_file_ref idref="fl-da"/>
      </object_component>
      <object_component id="oc-46b">
         <name>.text</name>
         <load_address>0x27a2c</load_address>
         <run_address>0x27a2c</run_address>
         <size>0x68</size>
         <input_file_ref idref="fl-100"/>
      </object_component>
      <object_component id="oc-3b1">
         <name>.text</name>
         <load_address>0x27a94</load_address>
         <run_address>0x27a94</run_address>
         <size>0x64</size>
         <input_file_ref idref="fl-110"/>
      </object_component>
      <object_component id="oc-1df">
         <name>.text</name>
         <load_address>0x27af8</load_address>
         <run_address>0x27af8</run_address>
         <size>0x64</size>
         <input_file_ref idref="fl-f7"/>
      </object_component>
      <object_component id="oc-24">
         <name>.text</name>
         <load_address>0x27b5c</load_address>
         <run_address>0x27b5c</run_address>
         <size>0x54</size>
         <input_file_ref idref="fl-d9"/>
      </object_component>
      <object_component id="oc-78">
         <name>.text</name>
         <load_address>0x27bb0</load_address>
         <run_address>0x27bb0</run_address>
         <size>0x54</size>
         <input_file_ref idref="fl-e1"/>
      </object_component>
      <object_component id="oc-313">
         <name>.text</name>
         <load_address>0x27c04</load_address>
         <run_address>0x27c04</run_address>
         <size>0x54</size>
         <input_file_ref idref="fl-111"/>
      </object_component>
      <object_component id="oc-31f">
         <name>.text</name>
         <load_address>0x27c58</load_address>
         <run_address>0x27c58</run_address>
         <size>0x4c</size>
         <input_file_ref idref="fl-108"/>
      </object_component>
      <object_component id="oc-b4">
         <name>.text</name>
         <load_address>0x27ca4</load_address>
         <run_address>0x27ca4</run_address>
         <size>0x4c</size>
         <input_file_ref idref="fl-10a"/>
      </object_component>
      <object_component id="oc-1f7">
         <name>.text:_SysCtlFrequencyGet</name>
         <load_address>0x27cf0</load_address>
         <run_address>0x27cf0</run_address>
         <size>0x48</size>
         <input_file_ref idref="fl-21"/>
      </object_component>
      <object_component id="oc-30e">
         <name>.text</name>
         <load_address>0x27d38</load_address>
         <run_address>0x27d38</run_address>
         <size>0x48</size>
         <input_file_ref idref="fl-10d"/>
      </object_component>
      <object_component id="oc-3ca">
         <name>.text</name>
         <load_address>0x27d80</load_address>
         <run_address>0x27d80</run_address>
         <size>0x36</size>
         <input_file_ref idref="fl-fd"/>
      </object_component>
      <object_component id="oc-12f">
         <name>.text:SysCtlPeripheralEnable</name>
         <load_address>0x27db8</load_address>
         <run_address>0x27db8</run_address>
         <size>0x34</size>
         <input_file_ref idref="fl-21"/>
      </object_component>
      <object_component id="oc-175">
         <name>.text</name>
         <load_address>0x27dec</load_address>
         <run_address>0x27dec</run_address>
         <size>0x2e</size>
         <input_file_ref idref="fl-ed"/>
      </object_component>
      <object_component id="oc-20f">
         <name>.text:GPIODirModeSet</name>
         <load_address>0x27e1a</load_address>
         <run_address>0x27e1a</run_address>
         <size>0x2a</size>
         <input_file_ref idref="fl-1f"/>
      </object_component>
      <object_component id="oc-1f1">
         <name>.text:_SysCtlMemTimingGet</name>
         <load_address>0x27e44</load_address>
         <run_address>0x27e44</run_address>
         <size>0x20</size>
         <input_file_ref idref="fl-21"/>
      </object_component>
      <object_component id="oc-301">
         <name>.text</name>
         <load_address>0x27e64</load_address>
         <run_address>0x27e64</run_address>
         <size>0x20</size>
         <input_file_ref idref="fl-ef"/>
      </object_component>
      <object_component id="oc-325">
         <name>.text</name>
         <load_address>0x27e84</load_address>
         <run_address>0x27e84</run_address>
         <size>0x1c</size>
         <input_file_ref idref="fl-112"/>
      </object_component>
      <object_component id="oc-2e">
         <name>.text</name>
         <load_address>0x27ea0</load_address>
         <run_address>0x27ea0</run_address>
         <size>0x1a</size>
         <input_file_ref idref="fl-18"/>
      </object_component>
      <object_component id="oc-135">
         <name>.text:GPIOPinTypeGPIOOutput</name>
         <load_address>0x27eba</load_address>
         <run_address>0x27eba</run_address>
         <size>0x18</size>
         <input_file_ref idref="fl-1f"/>
      </object_component>
      <object_component id="oc-72">
         <name>.text</name>
         <load_address>0x27ed4</load_address>
         <run_address>0x27ed4</run_address>
         <size>0x18</size>
         <input_file_ref idref="fl-107"/>
      </object_component>
      <object_component id="oc-3c4">
         <name>.text</name>
         <load_address>0x27eec</load_address>
         <run_address>0x27eec</run_address>
         <size>0x18</size>
         <input_file_ref idref="fl-fb"/>
      </object_component>
      <object_component id="oc-319">
         <name>.text</name>
         <load_address>0x27f04</load_address>
         <run_address>0x27f04</run_address>
         <size>0x16</size>
         <input_file_ref idref="fl-fa"/>
      </object_component>
      <object_component id="oc-15a">
         <name>.text:SysTickEnable</name>
         <load_address>0x27f1c</load_address>
         <run_address>0x27f1c</run_address>
         <size>0x14</size>
         <input_file_ref idref="fl-22"/>
      </object_component>
      <object_component id="oc-14e">
         <name>.text:SysTickIntEnable</name>
         <load_address>0x27f30</load_address>
         <run_address>0x27f30</run_address>
         <size>0x14</size>
         <input_file_ref idref="fl-22"/>
      </object_component>
      <object_component id="oc-18e">
         <name>.text</name>
         <load_address>0x27f44</load_address>
         <run_address>0x27f44</run_address>
         <size>0x14</size>
         <input_file_ref idref="fl-104"/>
      </object_component>
      <object_component id="oc-3a5">
         <name>.text</name>
         <load_address>0x27f58</load_address>
         <run_address>0x27f58</run_address>
         <size>0x14</size>
         <input_file_ref idref="fl-113"/>
      </object_component>
      <object_component id="oc-471">
         <name>.text</name>
         <load_address>0x27f6c</load_address>
         <run_address>0x27f6c</run_address>
         <size>0x14</size>
         <input_file_ref idref="fl-116"/>
      </object_component>
      <object_component id="oc-2fb">
         <name>.text</name>
         <load_address>0x27f80</load_address>
         <run_address>0x27f80</run_address>
         <size>0x14</size>
         <input_file_ref idref="fl-fc"/>
      </object_component>
      <object_component id="oc-142">
         <name>.text:IntMasterEnable</name>
         <load_address>0x27f94</load_address>
         <run_address>0x27f94</run_address>
         <size>0x10</size>
         <input_file_ref idref="fl-20"/>
      </object_component>
      <object_component id="oc-148">
         <name>.text:SysTickPeriodSet</name>
         <load_address>0x27fa4</load_address>
         <run_address>0x27fa4</run_address>
         <size>0x10</size>
         <input_file_ref idref="fl-22"/>
      </object_component>
      <object_component id="oc-18">
         <name>.text:decompress:none</name>
         <load_address>0x27fb4</load_address>
         <run_address>0x27fb4</run_address>
         <size>0xe</size>
         <input_file_ref idref="fl-db"/>
      </object_component>
      <object_component id="oc-218">
         <name>.text:CPUcpsie</name>
         <load_address>0x27fc2</load_address>
         <run_address>0x27fc2</run_address>
         <size>0xc</size>
         <input_file_ref idref="fl-23"/>
      </object_component>
      <object_component id="oc-87">
         <name>.text:SysTickValueGet</name>
         <load_address>0x27fd0</load_address>
         <run_address>0x27fd0</run_address>
         <size>0xc</size>
         <input_file_ref idref="fl-22"/>
      </object_component>
      <object_component id="oc-1e">
         <name>.text:decompress:ZI</name>
         <load_address>0x27fdc</load_address>
         <run_address>0x27fdc</run_address>
         <size>0xc</size>
         <input_file_ref idref="fl-dc"/>
      </object_component>
      <object_component id="oc-13c">
         <name>.text:GPIOPinWrite</name>
         <load_address>0x27fe8</load_address>
         <run_address>0x27fe8</run_address>
         <size>0x6</size>
         <input_file_ref idref="fl-1f"/>
      </object_component>
      <object_component id="oc-200">
         <name>.const:g_pppui32XTALtoVCO</name>
         <load_address>0x27ff0</load_address>
         <run_address>0x27ff0</run_address>
         <size>0x1b0</size>
         <input_file_ref idref="fl-21"/>
      </object_component>
      <object_component id="oc-3e9">
         <name>.const:.string:_ctypes_</name>
         <load_address>0x281a0</load_address>
         <run_address>0x281a0</run_address>
         <size>0x101</size>
         <input_file_ref idref="fl-10b"/>
      </object_component>
      <object_component id="oc-1c4">
         <name>.const:$P$T4$5</name>
         <load_address>0x282a8</load_address>
         <run_address>0x282a8</run_address>
         <size>0x70</size>
         <input_file_ref idref="fl-19"/>
      </object_component>
      <object_component id="oc-1fd">
         <name>.const:g_pui32Xtals</name>
         <load_address>0x28318</load_address>
         <run_address>0x28318</run_address>
         <size>0x6c</size>
         <input_file_ref idref="fl-21"/>
      </object_component>
      <object_component id="oc-1cd">
         <name>.const:$P$T3$4</name>
         <load_address>0x28388</load_address>
         <run_address>0x28388</run_address>
         <size>0x50</size>
         <input_file_ref idref="fl-19"/>
      </object_component>
      <object_component id="oc-1d0">
         <name>.const:$P$T2$3</name>
         <load_address>0x283d8</load_address>
         <run_address>0x283d8</run_address>
         <size>0x40</size>
         <input_file_ref idref="fl-19"/>
      </object_component>
      <object_component id="oc-2be">
         <name>.const:$O1$$</name>
         <load_address>0x28418</load_address>
         <run_address>0x28418</run_address>
         <size>0x30</size>
         <input_file_ref idref="fl-de"/>
      </object_component>
      <object_component id="oc-1d3">
         <name>.const:$P$T1$2</name>
         <load_address>0x28448</load_address>
         <run_address>0x28448</run_address>
         <size>0x30</size>
         <input_file_ref idref="fl-19"/>
      </object_component>
      <object_component id="oc-2ce">
         <name>.const:g_sXTALtoMEMTIM</name>
         <load_address>0x28478</load_address>
         <run_address>0x28478</run_address>
         <size>0x30</size>
         <input_file_ref idref="fl-21"/>
      </object_component>
      <object_component id="oc-16c">
         <name>.const:$P$T23$1</name>
         <load_address>0x284a8</load_address>
         <run_address>0x284a8</run_address>
         <size>0x28</size>
         <input_file_ref idref="fl-14"/>
      </object_component>
      <object_component id="oc-1dc">
         <name>.const:$P$T6$7</name>
         <load_address>0x284d0</load_address>
         <run_address>0x284d0</run_address>
         <size>0x28</size>
         <input_file_ref idref="fl-19"/>
      </object_component>
      <object_component id="oc-1d6">
         <name>.const:$P$T0$1</name>
         <load_address>0x284f8</load_address>
         <run_address>0x284f8</run_address>
         <size>0x20</size>
         <input_file_ref idref="fl-19"/>
      </object_component>
      <object_component id="oc-1d9">
         <name>.const:$P$T5$6</name>
         <load_address>0x28518</load_address>
         <run_address>0x28518</run_address>
         <size>0x14</size>
         <input_file_ref idref="fl-19"/>
      </object_component>
      <object_component id="oc-203">
         <name>.const</name>
         <load_address>0x2852c</load_address>
         <run_address>0x2852c</run_address>
         <size>0x8</size>
         <input_file_ref idref="fl-21"/>
      </object_component>
      <object_component id="oc-4be">
         <name>.cinit..data.load</name>
         <load_address>0x28538</load_address>
         <run_address>0x28538</run_address>
         <size>0x71</size>
      </object_component>
      <object_component id="oc-4bc">
         <name>__TI_handler_table</name>
         <load_address>0x285ac</load_address>
         <run_address>0x285ac</run_address>
         <size>0xc</size>
      </object_component>
      <object_component id="oc-4bf">
         <name>.cinit..bss.load</name>
         <load_address>0x285b8</load_address>
         <run_address>0x285b8</run_address>
         <size>0x8</size>
      </object_component>
      <object_component id="oc-4bd">
         <name>__TI_cinit_table</name>
         <load_address>0x285c0</load_address>
         <run_address>0x285c0</run_address>
         <size>0x10</size>
      </object_component>
      <object_component id="oc-8d">
         <name>.data</name>
         <load_address>0x2002fff0</load_address>
         <run_address>0x2002fff0</run_address>
         <size>0x8</size>
         <input_file_ref idref="fl-14"/>
      </object_component>
      <object_component id="oc-234">
         <name>.data:_ftable</name>
         <load_address>0x2002fe00</load_address>
         <run_address>0x2002fe00</run_address>
         <size>0xf0</size>
         <input_file_ref idref="fl-dd"/>
      </object_component>
      <object_component id="oc-3bf">
         <name>.data</name>
         <load_address>0x2002ffc0</load_address>
         <run_address>0x2002ffc0</run_address>
         <size>0x10</size>
         <input_file_ref idref="fl-dd"/>
      </object_component>
      <object_component id="oc-29b">
         <name>.data</name>
         <load_address>0x2002fff8</load_address>
         <run_address>0x2002fff8</run_address>
         <size>0x4</size>
         <input_file_ref idref="fl-e0"/>
      </object_component>
      <object_component id="oc-ca">
         <name>.data:$O1$$</name>
         <load_address>0x2002ffd0</load_address>
         <run_address>0x2002ffd0</run_address>
         <size>0xc</size>
         <input_file_ref idref="fl-e1"/>
      </object_component>
      <object_component id="oc-461">
         <name>.data</name>
         <load_address>0x2002fffc</load_address>
         <run_address>0x2002fffc</run_address>
         <size>0x4</size>
         <input_file_ref idref="fl-e8"/>
      </object_component>
      <object_component id="oc-3d0">
         <name>.data:$O1$$</name>
         <load_address>0x2002fef0</load_address>
         <run_address>0x2002fef0</run_address>
         <size>0xd0</size>
         <input_file_ref idref="fl-ee"/>
      </object_component>
      <object_component id="oc-1ed">
         <name>.data:$O1$$</name>
         <load_address>0x2002ffdc</load_address>
         <run_address>0x2002ffdc</run_address>
         <size>0xc</size>
         <input_file_ref idref="fl-f1"/>
      </object_component>
      <object_component id="oc-7e">
         <name>.data</name>
         <load_address>0x20030000</load_address>
         <run_address>0x20030000</run_address>
         <size>0x4</size>
         <input_file_ref idref="fl-f9"/>
      </object_component>
      <object_component id="oc-cd">
         <name>.data:$O1$$</name>
         <load_address>0x2002ffe8</load_address>
         <run_address>0x2002ffe8</run_address>
         <size>0x8</size>
         <input_file_ref idref="fl-104"/>
      </object_component>
      <object_component id="oc-477">
         <name>.bss:parmbuf</name>
         <uninitialized>true</uninitialized>
         <run_address>0x200301e0</run_address>
         <size>0x8</size>
         <input_file_ref idref="fl-ff"/>
      </object_component>
      <object_component id="oc-48a">
         <name>.bss:_CIOBUF_</name>
         <uninitialized>true</uninitialized>
         <run_address>0x20030004</run_address>
         <size>0x120</size>
         <input_file_ref idref="fl-100"/>
      </object_component>
      <object_component id="oc-245">
         <name>.bss:$O1$$</name>
         <uninitialized>true</uninitialized>
         <run_address>0x200301c4</run_address>
         <size>0x1c</size>
         <input_file_ref idref="fl-102"/>
      </object_component>
      <object_component id="oc-90">
         <name>.common:g_ui32SysClock</name>
         <uninitialized>true</uninitialized>
         <run_address>0x200301ec</run_address>
         <size>0x4</size>
      </object_component>
      <object_component id="oc-13b">
         <name>.common:g_ui32Flags</name>
         <uninitialized>true</uninitialized>
         <run_address>0x200301e8</run_address>
         <size>0x4</size>
      </object_component>
      <object_component id="oc-483">
         <name>.common:__TI_tmpnams</name>
         <uninitialized>true</uninitialized>
         <run_address>0x20030124</run_address>
         <size>0xa0</size>
      </object_component>
      <object_component id="oc-2b">
         <name>.sysmem</name>
         <uninitialized>true</uninitialized>
         <run_address>0x20000000</run_address>
         <size>0x8</size>
         <input_file_ref idref="fl-f1"/>
      </object_component>
      <object_component id="oc-4c1">
         <name>.sysmem</name>
         <uninitialized>true</uninitialized>
         <run_address>0x20000000</run_address>
         <size>0x0</size>
      </object_component>
      <object_component id="oc-2a">
         <name>.stack</name>
         <uninitialized>true</uninitialized>
         <run_address>0x2002fa00</run_address>
         <size>0x0</size>
         <input_file_ref idref="fl-d9"/>
      </object_component>
      <object_component id="oc-4c0">
         <name>.stack</name>
         <uninitialized>true</uninitialized>
         <run_address>0x2002fa00</run_address>
         <size>0x0</size>
      </object_component>
      <object_component id="oc-1ae">
         <name>.debug_info</name>
         <load_address>0x0</load_address>
         <run_address>0x0</run_address>
         <size>0x1e5</size>
         <input_file_ref idref="fl-2"/>
      </object_component>
      <object_component id="oc-118">
         <name>.debug_info</name>
         <load_address>0x1e5</load_address>
         <run_address>0x1e5</run_address>
         <size>0x173d</size>
         <input_file_ref idref="fl-2"/>
      </object_component>
      <object_component id="oc-290">
         <name>.debug_info</name>
         <load_address>0x1922</load_address>
         <run_address>0x1922</run_address>
         <size>0xbb</size>
         <input_file_ref idref="fl-2"/>
      </object_component>
      <object_component id="oc-295">
         <name>.debug_info</name>
         <load_address>0x19dd</load_address>
         <run_address>0x19dd</run_address>
         <size>0x110</size>
         <input_file_ref idref="fl-2"/>
      </object_component>
      <object_component id="oc-43">
         <name>.debug_info</name>
         <load_address>0x1aed</load_address>
         <run_address>0x1aed</run_address>
         <size>0x84</size>
         <input_file_ref idref="fl-2"/>
      </object_component>
      <object_component id="oc-239">
         <name>.debug_info</name>
         <load_address>0x1b71</load_address>
         <run_address>0x1b71</run_address>
         <size>0x4e</size>
         <input_file_ref idref="fl-2"/>
      </object_component>
      <object_component id="oc-27f">
         <name>.debug_info</name>
         <load_address>0x1bbf</load_address>
         <run_address>0x1bbf</run_address>
         <size>0xef</size>
         <input_file_ref idref="fl-2"/>
      </object_component>
      <object_component id="oc-2aa">
         <name>.debug_info</name>
         <load_address>0x1cae</load_address>
         <run_address>0x1cae</run_address>
         <size>0x132</size>
         <input_file_ref idref="fl-3"/>
      </object_component>
      <object_component id="oc-1c8">
         <name>.debug_info</name>
         <load_address>0x1de0</load_address>
         <run_address>0x1de0</run_address>
         <size>0x1a4</size>
         <input_file_ref idref="fl-3"/>
      </object_component>
      <object_component id="oc-19a">
         <name>.debug_info</name>
         <load_address>0x1f84</load_address>
         <run_address>0x1f84</run_address>
         <size>0x1f2</size>
         <input_file_ref idref="fl-4"/>
      </object_component>
      <object_component id="oc-26c">
         <name>.debug_info</name>
         <load_address>0x2176</load_address>
         <run_address>0x2176</run_address>
         <size>0x5971</size>
         <input_file_ref idref="fl-4"/>
      </object_component>
      <object_component id="oc-ff">
         <name>.debug_info</name>
         <load_address>0x7ae7</load_address>
         <run_address>0x7ae7</run_address>
         <size>0xc8</size>
         <input_file_ref idref="fl-4"/>
      </object_component>
      <object_component id="oc-377">
         <name>.debug_info</name>
         <load_address>0x7baf</load_address>
         <run_address>0x7baf</run_address>
         <size>0x126</size>
         <input_file_ref idref="fl-5"/>
      </object_component>
      <object_component id="oc-260">
         <name>.debug_info</name>
         <load_address>0x7cd5</load_address>
         <run_address>0x7cd5</run_address>
         <size>0x355e</size>
         <input_file_ref idref="fl-5"/>
      </object_component>
      <object_component id="oc-391">
         <name>.debug_info</name>
         <load_address>0xb233</load_address>
         <run_address>0xb233</run_address>
         <size>0x973</size>
         <input_file_ref idref="fl-6"/>
      </object_component>
      <object_component id="oc-266">
         <name>.debug_info</name>
         <load_address>0xbba6</load_address>
         <run_address>0xbba6</run_address>
         <size>0x218a</size>
         <input_file_ref idref="fl-6"/>
      </object_component>
      <object_component id="oc-406">
         <name>.debug_info</name>
         <load_address>0xdd30</load_address>
         <run_address>0xdd30</run_address>
         <size>0x108</size>
         <input_file_ref idref="fl-7"/>
      </object_component>
      <object_component id="oc-37f">
         <name>.debug_info</name>
         <load_address>0xde38</load_address>
         <run_address>0xde38</run_address>
         <size>0x43a</size>
         <input_file_ref idref="fl-7"/>
      </object_component>
      <object_component id="oc-404">
         <name>.debug_info</name>
         <load_address>0xe272</load_address>
         <run_address>0xe272</run_address>
         <size>0x113</size>
         <input_file_ref idref="fl-8"/>
      </object_component>
      <object_component id="oc-379">
         <name>.debug_info</name>
         <load_address>0xe385</load_address>
         <run_address>0xe385</run_address>
         <size>0x3151</size>
         <input_file_ref idref="fl-8"/>
      </object_component>
      <object_component id="oc-40a">
         <name>.debug_info</name>
         <load_address>0x114d6</load_address>
         <run_address>0x114d6</run_address>
         <size>0x118</size>
         <input_file_ref idref="fl-9"/>
      </object_component>
      <object_component id="oc-38b">
         <name>.debug_info</name>
         <load_address>0x115ee</load_address>
         <run_address>0x115ee</run_address>
         <size>0xceb</size>
         <input_file_ref idref="fl-9"/>
      </object_component>
      <object_component id="oc-394">
         <name>.debug_info</name>
         <load_address>0x122d9</load_address>
         <run_address>0x122d9</run_address>
         <size>0x150</size>
         <input_file_ref idref="fl-a"/>
      </object_component>
      <object_component id="oc-272">
         <name>.debug_info</name>
         <load_address>0x12429</load_address>
         <run_address>0x12429</run_address>
         <size>0x4bef</size>
         <input_file_ref idref="fl-a"/>
      </object_component>
      <object_component id="oc-396">
         <name>.debug_info</name>
         <load_address>0x17018</load_address>
         <run_address>0x17018</run_address>
         <size>0xcee</size>
         <input_file_ref idref="fl-b"/>
      </object_component>
      <object_component id="oc-278">
         <name>.debug_info</name>
         <load_address>0x17d06</load_address>
         <run_address>0x17d06</run_address>
         <size>0x1bd9</size>
         <input_file_ref idref="fl-b"/>
      </object_component>
      <object_component id="oc-408">
         <name>.debug_info</name>
         <load_address>0x198df</load_address>
         <run_address>0x198df</run_address>
         <size>0x133</size>
         <input_file_ref idref="fl-c"/>
      </object_component>
      <object_component id="oc-385">
         <name>.debug_info</name>
         <load_address>0x19a12</load_address>
         <run_address>0x19a12</run_address>
         <size>0x3b77</size>
         <input_file_ref idref="fl-c"/>
      </object_component>
      <object_component id="oc-3fa">
         <name>.debug_info</name>
         <load_address>0x1d589</load_address>
         <run_address>0x1d589</run_address>
         <size>0x8b8</size>
         <input_file_ref idref="fl-d"/>
      </object_component>
      <object_component id="oc-363">
         <name>.debug_info</name>
         <load_address>0x1de41</load_address>
         <run_address>0x1de41</run_address>
         <size>0x2825</size>
         <input_file_ref idref="fl-d"/>
      </object_component>
      <object_component id="oc-3fc">
         <name>.debug_info</name>
         <load_address>0x20666</load_address>
         <run_address>0x20666</run_address>
         <size>0x270</size>
         <input_file_ref idref="fl-e"/>
      </object_component>
      <object_component id="oc-369">
         <name>.debug_info</name>
         <load_address>0x208d6</load_address>
         <run_address>0x208d6</run_address>
         <size>0x10e9</size>
         <input_file_ref idref="fl-e"/>
      </object_component>
      <object_component id="oc-375">
         <name>.debug_info</name>
         <load_address>0x219bf</load_address>
         <run_address>0x219bf</run_address>
         <size>0xa8d</size>
         <input_file_ref idref="fl-f"/>
      </object_component>
      <object_component id="oc-25a">
         <name>.debug_info</name>
         <load_address>0x2244c</load_address>
         <run_address>0x2244c</run_address>
         <size>0x18fa</size>
         <input_file_ref idref="fl-f"/>
      </object_component>
      <object_component id="oc-256">
         <name>.debug_info</name>
         <load_address>0x23d46</load_address>
         <run_address>0x23d46</run_address>
         <size>0x16c</size>
         <input_file_ref idref="fl-10"/>
      </object_component>
      <object_component id="oc-167">
         <name>.debug_info</name>
         <load_address>0x23eb2</load_address>
         <run_address>0x23eb2</run_address>
         <size>0x2cf</size>
         <input_file_ref idref="fl-10"/>
      </object_component>
      <object_component id="oc-94">
         <name>.debug_info</name>
         <load_address>0x24181</load_address>
         <run_address>0x24181</run_address>
         <size>0x148</size>
         <input_file_ref idref="fl-13"/>
      </object_component>
      <object_component id="oc-35">
         <name>.debug_info</name>
         <load_address>0x242c9</load_address>
         <run_address>0x242c9</run_address>
         <size>0x243</size>
         <input_file_ref idref="fl-13"/>
      </object_component>
      <object_component id="oc-95">
         <name>.debug_info</name>
         <load_address>0x2450c</load_address>
         <run_address>0x2450c</run_address>
         <size>0x18b</size>
         <input_file_ref idref="fl-13"/>
      </object_component>
      <object_component id="oc-fa">
         <name>.debug_info</name>
         <load_address>0x24697</load_address>
         <run_address>0x24697</run_address>
         <size>0x62</size>
         <input_file_ref idref="fl-13"/>
      </object_component>
      <object_component id="oc-91">
         <name>.debug_info</name>
         <load_address>0x246f9</load_address>
         <run_address>0x246f9</run_address>
         <size>0x7f2</size>
         <input_file_ref idref="fl-14"/>
      </object_component>
      <object_component id="oc-8e">
         <name>.debug_info</name>
         <load_address>0x24eeb</load_address>
         <run_address>0x24eeb</run_address>
         <size>0x123</size>
         <input_file_ref idref="fl-14"/>
      </object_component>
      <object_component id="oc-16d">
         <name>.debug_info</name>
         <load_address>0x2500e</load_address>
         <run_address>0x2500e</run_address>
         <size>0xda</size>
         <input_file_ref idref="fl-14"/>
      </object_component>
      <object_component id="oc-c3">
         <name>.debug_info</name>
         <load_address>0x250e8</load_address>
         <run_address>0x250e8</run_address>
         <size>0x163f</size>
         <input_file_ref idref="fl-14"/>
      </object_component>
      <object_component id="oc-eb">
         <name>.debug_info</name>
         <load_address>0x26727</load_address>
         <run_address>0x26727</run_address>
         <size>0x2f8</size>
         <input_file_ref idref="fl-14"/>
      </object_component>
      <object_component id="oc-e6">
         <name>.debug_info</name>
         <load_address>0x26a1f</load_address>
         <run_address>0x26a1f</run_address>
         <size>0x8b</size>
         <input_file_ref idref="fl-14"/>
      </object_component>
      <object_component id="oc-f0">
         <name>.debug_info</name>
         <load_address>0x26aaa</load_address>
         <run_address>0x26aaa</run_address>
         <size>0x6f</size>
         <input_file_ref idref="fl-14"/>
      </object_component>
      <object_component id="oc-f5">
         <name>.debug_info</name>
         <load_address>0x26b19</load_address>
         <run_address>0x26b19</run_address>
         <size>0x116</size>
         <input_file_ref idref="fl-14"/>
      </object_component>
      <object_component id="oc-27e">
         <name>.debug_info</name>
         <load_address>0x26c2f</load_address>
         <run_address>0x26c2f</run_address>
         <size>0x9ab</size>
         <input_file_ref idref="fl-15"/>
      </object_component>
      <object_component id="oc-170">
         <name>.debug_info</name>
         <load_address>0x275da</load_address>
         <run_address>0x275da</run_address>
         <size>0x1fc9</size>
         <input_file_ref idref="fl-15"/>
      </object_component>
      <object_component id="oc-3c">
         <name>.debug_info</name>
         <load_address>0x295a3</load_address>
         <run_address>0x295a3</run_address>
         <size>0x151</size>
         <input_file_ref idref="fl-18"/>
      </object_component>
      <object_component id="oc-10">
         <name>.debug_info</name>
         <load_address>0x296f4</load_address>
         <run_address>0x296f4</run_address>
         <size>0xea</size>
         <input_file_ref idref="fl-18"/>
      </object_component>
      <object_component id="oc-2f">
         <name>.debug_info</name>
         <load_address>0x297de</load_address>
         <run_address>0x297de</run_address>
         <size>0x269</size>
         <input_file_ref idref="fl-18"/>
      </object_component>
      <object_component id="oc-1ec">
         <name>.debug_info</name>
         <load_address>0x29a47</load_address>
         <run_address>0x29a47</run_address>
         <size>0x346</size>
         <input_file_ref idref="fl-19"/>
      </object_component>
      <object_component id="oc-1d7">
         <name>.debug_info</name>
         <load_address>0x29d8d</load_address>
         <run_address>0x29d8d</run_address>
         <size>0xcc</size>
         <input_file_ref idref="fl-19"/>
      </object_component>
      <object_component id="oc-1d4">
         <name>.debug_info</name>
         <load_address>0x29e59</load_address>
         <run_address>0x29e59</run_address>
         <size>0xcc</size>
         <input_file_ref idref="fl-19"/>
      </object_component>
      <object_component id="oc-1d1">
         <name>.debug_info</name>
         <load_address>0x29f25</load_address>
         <run_address>0x29f25</run_address>
         <size>0xcc</size>
         <input_file_ref idref="fl-19"/>
      </object_component>
      <object_component id="oc-1ce">
         <name>.debug_info</name>
         <load_address>0x29ff1</load_address>
         <run_address>0x29ff1</run_address>
         <size>0xcc</size>
         <input_file_ref idref="fl-19"/>
      </object_component>
      <object_component id="oc-1c5">
         <name>.debug_info</name>
         <load_address>0x2a0bd</load_address>
         <run_address>0x2a0bd</run_address>
         <size>0xcc</size>
         <input_file_ref idref="fl-19"/>
      </object_component>
      <object_component id="oc-1da">
         <name>.debug_info</name>
         <load_address>0x2a189</load_address>
         <run_address>0x2a189</run_address>
         <size>0xcc</size>
         <input_file_ref idref="fl-19"/>
      </object_component>
      <object_component id="oc-1dd">
         <name>.debug_info</name>
         <load_address>0x2a255</load_address>
         <run_address>0x2a255</run_address>
         <size>0xcc</size>
         <input_file_ref idref="fl-19"/>
      </object_component>
      <object_component id="oc-11e">
         <name>.debug_info</name>
         <load_address>0x2a321</load_address>
         <run_address>0x2a321</run_address>
         <size>0x2441</size>
         <input_file_ref idref="fl-19"/>
      </object_component>
      <object_component id="oc-216">
         <name>.debug_info</name>
         <load_address>0x2c762</load_address>
         <run_address>0x2c762</run_address>
         <size>0x230</size>
         <input_file_ref idref="fl-1f"/>
      </object_component>
      <object_component id="oc-13d">
         <name>.debug_info</name>
         <load_address>0x2c992</load_address>
         <run_address>0x2c992</run_address>
         <size>0x2a3</size>
         <input_file_ref idref="fl-1f"/>
      </object_component>
      <object_component id="oc-210">
         <name>.debug_info</name>
         <load_address>0x2cc35</load_address>
         <run_address>0x2cc35</run_address>
         <size>0x2b3</size>
         <input_file_ref idref="fl-1f"/>
      </object_component>
      <object_component id="oc-20a">
         <name>.debug_info</name>
         <load_address>0x2cee8</load_address>
         <run_address>0x2cee8</run_address>
         <size>0x316</size>
         <input_file_ref idref="fl-1f"/>
      </object_component>
      <object_component id="oc-136">
         <name>.debug_info</name>
         <load_address>0x2d1fe</load_address>
         <run_address>0x2d1fe</run_address>
         <size>0x2b7</size>
         <input_file_ref idref="fl-1f"/>
      </object_component>
      <object_component id="oc-145">
         <name>.debug_info</name>
         <load_address>0x2d4b5</load_address>
         <run_address>0x2d4b5</run_address>
         <size>0x23e</size>
         <input_file_ref idref="fl-20"/>
      </object_component>
      <object_component id="oc-207">
         <name>.debug_info</name>
         <load_address>0x2d6f3</load_address>
         <run_address>0x2d6f3</run_address>
         <size>0x298</size>
         <input_file_ref idref="fl-21"/>
      </object_component>
      <object_component id="oc-1fe">
         <name>.debug_info</name>
         <load_address>0x2d98b</load_address>
         <run_address>0x2d98b</run_address>
         <size>0x14d</size>
         <input_file_ref idref="fl-21"/>
      </object_component>
      <object_component id="oc-201">
         <name>.debug_info</name>
         <load_address>0x2dad8</load_address>
         <run_address>0x2dad8</run_address>
         <size>0x159</size>
         <input_file_ref idref="fl-21"/>
      </object_component>
      <object_component id="oc-2cf">
         <name>.debug_info</name>
         <load_address>0x2dc31</load_address>
         <run_address>0x2dc31</run_address>
         <size>0x153</size>
         <input_file_ref idref="fl-21"/>
      </object_component>
      <object_component id="oc-204">
         <name>.debug_info</name>
         <load_address>0x2dd84</load_address>
         <run_address>0x2dd84</run_address>
         <size>0x160</size>
         <input_file_ref idref="fl-21"/>
      </object_component>
      <object_component id="oc-130">
         <name>.debug_info</name>
         <load_address>0x2dee4</load_address>
         <run_address>0x2dee4</run_address>
         <size>0x27d</size>
         <input_file_ref idref="fl-21"/>
      </object_component>
      <object_component id="oc-1f2">
         <name>.debug_info</name>
         <load_address>0x2e161</load_address>
         <run_address>0x2e161</run_address>
         <size>0x270</size>
         <input_file_ref idref="fl-21"/>
      </object_component>
      <object_component id="oc-1f8">
         <name>.debug_info</name>
         <load_address>0x2e3d1</load_address>
         <run_address>0x2e3d1</run_address>
         <size>0x2ba</size>
         <input_file_ref idref="fl-21"/>
      </object_component>
      <object_component id="oc-12a">
         <name>.debug_info</name>
         <load_address>0x2e68b</load_address>
         <run_address>0x2e68b</run_address>
         <size>0x47f</size>
         <input_file_ref idref="fl-21"/>
      </object_component>
      <object_component id="oc-2db">
         <name>.debug_info</name>
         <load_address>0x2eb0a</load_address>
         <run_address>0x2eb0a</run_address>
         <size>0x5f</size>
         <input_file_ref idref="fl-21"/>
      </object_component>
      <object_component id="oc-220">
         <name>.debug_info</name>
         <load_address>0x2eb69</load_address>
         <run_address>0x2eb69</run_address>
         <size>0x19d</size>
         <input_file_ref idref="fl-22"/>
      </object_component>
      <object_component id="oc-88">
         <name>.debug_info</name>
         <load_address>0x2ed06</load_address>
         <run_address>0x2ed06</run_address>
         <size>0x22c</size>
         <input_file_ref idref="fl-22"/>
      </object_component>
      <object_component id="oc-149">
         <name>.debug_info</name>
         <load_address>0x2ef32</load_address>
         <run_address>0x2ef32</run_address>
         <size>0x261</size>
         <input_file_ref idref="fl-22"/>
      </object_component>
      <object_component id="oc-14f">
         <name>.debug_info</name>
         <load_address>0x2f193</load_address>
         <run_address>0x2f193</run_address>
         <size>0x227</size>
         <input_file_ref idref="fl-22"/>
      </object_component>
      <object_component id="oc-15b">
         <name>.debug_info</name>
         <load_address>0x2f3ba</load_address>
         <run_address>0x2f3ba</run_address>
         <size>0x221</size>
         <input_file_ref idref="fl-22"/>
      </object_component>
      <object_component id="oc-219">
         <name>.debug_info</name>
         <load_address>0x2f5db</load_address>
         <run_address>0x2f5db</run_address>
         <size>0x212</size>
         <input_file_ref idref="fl-23"/>
      </object_component>
      <object_component id="oc-25">
         <name>.debug_info</name>
         <load_address>0x2f7ed</load_address>
         <run_address>0x2f7ed</run_address>
         <size>0x160</size>
         <input_file_ref idref="fl-d9"/>
      </object_component>
      <object_component id="oc-a1">
         <name>.debug_info</name>
         <load_address>0x2f94d</load_address>
         <run_address>0x2f94d</run_address>
         <size>0xf9</size>
         <input_file_ref idref="fl-da"/>
      </object_component>
      <object_component id="oc-13">
         <name>.debug_info</name>
         <load_address>0x2fa46</load_address>
         <run_address>0x2fa46</run_address>
         <size>0x245</size>
         <input_file_ref idref="fl-da"/>
      </object_component>
      <object_component id="oc-3e">
         <name>.debug_info</name>
         <load_address>0x2fc8b</load_address>
         <run_address>0x2fc8b</run_address>
         <size>0x60</size>
         <input_file_ref idref="fl-da"/>
      </object_component>
      <object_component id="oc-9c">
         <name>.debug_info</name>
         <load_address>0x2fceb</load_address>
         <run_address>0x2fceb</run_address>
         <size>0x46</size>
         <input_file_ref idref="fl-da"/>
      </object_component>
      <object_component id="oc-53">
         <name>.debug_info</name>
         <load_address>0x2fd31</load_address>
         <run_address>0x2fd31</run_address>
         <size>0x140</size>
         <input_file_ref idref="fl-db"/>
      </object_component>
      <object_component id="oc-19">
         <name>.debug_info</name>
         <load_address>0x2fe71</load_address>
         <run_address>0x2fe71</run_address>
         <size>0x1df</size>
         <input_file_ref idref="fl-db"/>
      </object_component>
      <object_component id="oc-4e">
         <name>.debug_info</name>
         <load_address>0x30050</load_address>
         <run_address>0x30050</run_address>
         <size>0x46</size>
         <input_file_ref idref="fl-db"/>
      </object_component>
      <object_component id="oc-a3">
         <name>.debug_info</name>
         <load_address>0x30096</load_address>
         <run_address>0x30096</run_address>
         <size>0x2c</size>
         <input_file_ref idref="fl-db"/>
      </object_component>
      <object_component id="oc-5f">
         <name>.debug_info</name>
         <load_address>0x300c2</load_address>
         <run_address>0x300c2</run_address>
         <size>0x12f</size>
         <input_file_ref idref="fl-dc"/>
      </object_component>
      <object_component id="oc-1f">
         <name>.debug_info</name>
         <load_address>0x301f1</load_address>
         <run_address>0x301f1</run_address>
[...]
      </symbol>
      <symbol id="sm-bb3">
         <name>_ftable</name>
         <value>0x2002fe00</value>
         <object_component_ref idref="oc-234"/>
      </symbol>
      <symbol id="sm-bb4">
         <name>__TI_ft_end</name>
         <value>0x2002ffc0</value>
         <object_component_ref idref="oc-3bf"/>
      </symbol>
      <symbol id="sm-c44">
         <name>pow</name>
         <value>0x243d1</value>
         <object_component_ref idref="oc-1e5"/>
      </symbol>
      <symbol id="sm-c45">
         <name>powl</name>
         <value>0x243d1</value>
         <object_component_ref idref="oc-1e5"/>
      </symbol>
      <symbol id="sm-c69">
         <name>sqrtl</name>
         <value>0x269e5</value>
         <object_component_ref idref="oc-1b4"/>
      </symbol>
      <symbol id="sm-c6a">
         <name>sqrt</name>
         <value>0x269e5</value>
         <object_component_ref idref="oc-1b4"/>
      </symbol>
      <symbol id="sm-c72">
         <name>errno</name>
         <value>0x2002fff8</value>
         <object_component_ref idref="oc-29b"/>
      </symbol>
      <symbol id="sm-c93">
         <name>C$$EXIT</name>
         <value>0x27bb1</value>
         <object_component_ref idref="oc-78"/>
      </symbol>
      <symbol id="sm-c94">
         <name>abort</name>
         <value>0x27bb5</value>
         <object_component_ref idref="oc-78"/>
      </symbol>
      <symbol id="sm-c95">
         <name>exit</name>
         <value>0x27bbd</value>
         <object_component_ref idref="oc-78"/>
      </symbol>
      <symbol id="sm-c96">
         <name>__TI_dtors_ptr</name>
         <value>0x2002ffd4</value>
         <object_component_ref idref="oc-ca"/>
      </symbol>
      <symbol id="sm-c97">
         <name>__TI_cleanup_ptr</name>
         <value>0x2002ffd0</value>
         <object_component_ref idref="oc-ca"/>
      </symbol>
      <symbol id="sm-c98">
         <name>__TI_enable_exit_profile_output</name>
         <value>0x2002ffd8</value>
         <object_component_ref idref="oc-ca"/>
      </symbol>
      <symbol id="sm-cae">
         <name>__TI_closefile</name>
         <value>0x27549</value>
         <object_component_ref idref="oc-45b"/>
      </symbol>
      <symbol id="sm-caf">
         <name>fclose</name>
         <value>0x275af</value>
         <object_component_ref idref="oc-45b"/>
      </symbol>
      <symbol id="sm-cc6">
         <name>__aeabi_dsub</name>
         <value>0x2682d</value>
         <object_component_ref idref="oc-17f"/>
      </symbol>
      <symbol id="sm-cc7">
         <name>__aeabi_dadd</name>
         <value>0x26837</value>
         <object_component_ref idref="oc-17f"/>
      </symbol>
      <symbol id="sm-ce9">
         <name>__aeabi_cdcmpeq</name>
         <value>0x27679</value>
         <object_component_ref idref="oc-1bf"/>
      </symbol>
      <symbol id="sm-cea">
         <name>__aeabi_cdcmple</name>
         <value>0x27679</value>
         <object_component_ref idref="oc-1bf"/>
      </symbol>
      <symbol id="sm-ceb">
         <name>__aeabi_cdrcmple</name>
         <value>0x276ff</value>
         <object_component_ref idref="oc-1ba"/>
      </symbol>
      <symbol id="sm-cff">
         <name>__aeabi_ddiv</name>
         <value>0x26b55</value>
         <object_component_ref idref="oc-17a"/>
      </symbol>
      <symbol id="sm-d0a">
         <name>__aeabi_dmul</name>
         <value>0x26ef3</value>
         <object_component_ref idref="oc-1af"/>
      </symbol>
      <symbol id="sm-d24">
         <name>__TI_doflush</name>
         <value>0x27295</value>
         <object_component_ref idref="oc-2ed"/>
      </symbol>
      <symbol id="sm-d25">
         <name>fflush</name>
         <value>0x272e1</value>
         <object_component_ref idref="oc-2ed"/>
      </symbol>
      <symbol id="sm-d5c">
         <name>__TI_cleanup</name>
         <value>0x26731</value>
         <object_component_ref idref="oc-416"/>
      </symbol>
      <symbol id="sm-d5d">
         <name>freopen</name>
         <value>0x2675d</value>
         <object_component_ref idref="oc-416"/>
      </symbol>
      <symbol id="sm-d5e">
         <name>fopen</name>
         <value>0x26787</value>
         <object_component_ref idref="oc-416"/>
      </symbol>
      <symbol id="sm-d76">
         <name>fprintf</name>
         <value>0x27961</value>
         <object_component_ref idref="oc-1a7"/>
      </symbol>
      <symbol id="sm-d8d">
         <name>putc</name>
         <value>0x275e1</value>
         <object_component_ref idref="oc-222"/>
      </symbol>
      <symbol id="sm-d8e">
         <name>fputc</name>
         <value>0x275e1</value>
         <object_component_ref idref="oc-222"/>
      </symbol>
      <symbol id="sm-d8f">
         <name>putchar</name>
         <value>0x27665</value>
         <object_component_ref idref="oc-222"/>
      </symbol>
      <symbol id="sm-db1">
         <name>puts</name>
         <value>0x26d99</value>
         <object_component_ref idref="oc-228"/>
      </symbol>
      <symbol id="sm-db2">
         <name>fputs</name>
         <value>0x26c8d</value>
         <object_component_ref idref="oc-228"/>
      </symbol>
      <symbol id="sm-dbd">
         <name>__aeabi_i2d</name>
         <value>0x27ded</value>
         <object_component_ref idref="oc-175"/>
      </symbol>
      <symbol id="sm-e10">
         <name>open</name>
         <value>0x259e3</value>
         <object_component_ref idref="oc-2f3"/>
      </symbol>
      <symbol id="sm-e11">
         <name>add_device</name>
         <value>0x25b05</value>
         <object_component_ref idref="oc-2f3"/>
      </symbol>
      <symbol id="sm-e12">
         <name>remove_device</name>
         <value>0x25997</value>
         <object_component_ref idref="oc-2f3"/>
      </symbol>
      <symbol id="sm-e13">
         <name>lseek</name>
         <value>0x25a91</value>
         <object_component_ref idref="oc-2f3"/>
      </symbol>
      <symbol id="sm-e14">
         <name>read</name>
         <value>0x259bf</value>
         <object_component_ref idref="oc-2f3"/>
      </symbol>
      <symbol id="sm-e15">
         <name>rename</name>
         <value>0x25959</value>
         <object_component_ref idref="oc-2f3"/>
      </symbol>
      <symbol id="sm-e16">
         <name>write</name>
         <value>0x258a5</value>
         <object_component_ref idref="oc-2f3"/>
      </symbol>
      <symbol id="sm-e17">
         <name>close</name>
         <value>0x25ab5</value>
         <object_component_ref idref="oc-2f3"/>
      </symbol>
      <symbol id="sm-e18">
         <name>unlink</name>
         <value>0x25935</value>
         <object_component_ref idref="oc-2f3"/>
      </symbol>
      <symbol id="sm-e28">
         <name>memchr</name>
         <value>0x27e65</value>
         <object_component_ref idref="oc-301"/>
      </symbol>
      <symbol id="sm-e43">
         <name>memcpy</name>
         <value>0x274ab</value>
         <object_component_ref idref="oc-48"/>
      </symbol>
      <symbol id="sm-e44">
         <name>__aeabi_memcpy</name>
         <value>0x274ab</value>
         <object_component_ref idref="oc-48"/>
      </symbol>
      <symbol id="sm-e45">
         <name>__aeabi_memcpy8</name>
         <value>0x274ab</value>
         <object_component_ref idref="oc-48"/>
      </symbol>
      <symbol id="sm-e46">
         <name>__aeabi_memcpy4</name>
         <value>0x274ab</value>
         <object_component_ref idref="oc-48"/>
      </symbol>
      <symbol id="sm-eb5">
         <name>_sys_memory</name>
         <value>0x20000000</value>
         <object_component_ref idref="oc-2b"/>
      </symbol>
      <symbol id="sm-eb6">
         <name>free</name>
         <value>0x2529b</value>
         <object_component_ref idref="oc-123"/>
      </symbol>
      <symbol id="sm-eb7">
         <name>realloc</name>
         <value>0x2535d</value>
         <object_component_ref idref="oc-123"/>
      </symbol>
      <symbol id="sm-eb8">
         <name>memalign</name>
         <value>0x25465</value>
         <object_component_ref idref="oc-123"/>
      </symbol>
      <symbol id="sm-eb9">
         <name>calloc</name>
         <value>0x25551</value>
         <object_component_ref idref="oc-123"/>
      </symbol>
      <symbol id="sm-eba">
         <name>malloc</name>
         <value>0x25231</value>
         <object_component_ref idref="oc-123"/>
      </symbol>
      <symbol id="sm-ebb">
         <name>minit</name>
         <value>0x251b1</value>
         <object_component_ref idref="oc-123"/>
      </symbol>
      <symbol id="sm-eca">
         <name>__aeabi_memset</name>
         <value>0x27787</value>
         <object_component_ref idref="oc-54"/>
      </symbol>
      <symbol id="sm-ecb">
         <name>memset</name>
         <value>0x2778d</value>
         <object_component_ref idref="oc-54"/>
      </symbol>
      <symbol id="sm-ecc">
         <name>__aeabi_memset8</name>
         <value>0x27787</value>
         <object_component_ref idref="oc-54"/>
      </symbol>
      <symbol id="sm-ecd">
         <name>__aeabi_memset4</name>
         <value>0x27787</value>
         <object_component_ref idref="oc-54"/>
      </symbol>
      <symbol id="sm-ece">
         <name>__aeabi_memclr8</name>
         <value>0x27785</value>
         <object_component_ref idref="oc-54"/>
      </symbol>
      <symbol id="sm-ecf">
         <name>__aeabi_memclr4</name>
         <value>0x27785</value>
         <object_component_ref idref="oc-54"/>
      </symbol>
      <symbol id="sm-ed0">
         <name>__aeabi_memclr</name>
         <value>0x27785</value>
         <object_component_ref idref="oc-54"/>
      </symbol>
      <symbol id="sm-eda">
         <name>__mpu_init</name>
         <value>0xaab7</value>
         <object_component_ref idref="oc-60"/>
      </symbol>
      <symbol id="sm-ee4">
         <name>_system_pre_init</name>
         <value>0x1208d</value>
         <object_component_ref idref="oc-66"/>
      </symbol>
      <symbol id="sm-efd">
         <name>printf</name>
         <value>0x278f1</value>
         <object_component_ref idref="oc-154"/>
      </symbol>
      <symbol id="sm-f19">
         <name>frexpl</name>
         <value>0x27af9</value>
         <object_component_ref idref="oc-1df"/>
      </symbol>
      <symbol id="sm-f1a">
         <name>frexp</name>
         <value>0x27af9</value>
         <object_component_ref idref="oc-1df"/>
      </symbol>
      <symbol id="sm-f37">
         <name>scalbn</name>
         <value>0x26ff1</value>
         <object_component_ref idref="oc-2c1"/>
      </symbol>
      <symbol id="sm-f38">
         <name>scalbnl</name>
         <value>0x26ff1</value>
         <object_component_ref idref="oc-2c1"/>
      </symbol>
      <symbol id="sm-f39">
         <name>ldexpl</name>
         <value>0x26ff1</value>
         <object_component_ref idref="oc-2c1"/>
      </symbol>
      <symbol id="sm-f3a">
         <name>ldexp</name>
         <value>0x26ff1</value>
         <object_component_ref idref="oc-2c1"/>
      </symbol>
      <symbol id="sm-f42">
         <name>main_func_sp</name>
         <value>0x20030000</value>
         <object_component_ref idref="oc-7e"/>
      </symbol>
      <symbol id="sm-f52">
         <name>strchr</name>
         <value>0x27f05</value>
         <object_component_ref idref="oc-319"/>
      </symbol>
      <symbol id="sm-f61">
         <name>strcmp</name>
         <value>0x27eed</value>
         <object_component_ref idref="oc-3c4"/>
      </symbol>
      <symbol id="sm-f6f">
         <name>strlen</name>
         <value>0x27f81</value>
         <object_component_ref idref="oc-2fb"/>
      </symbol>
      <symbol id="sm-f7f">
         <name>strncpy</name>
         <value>0x27d81</value>
         <object_component_ref idref="oc-3ca"/>
      </symbol>
      <symbol id="sm-fa5">
         <name>fmin</name>
         <value>0x25eaf</value>
         <object_component_ref idref="oc-36e"/>
      </symbol>
      <symbol id="sm-fa6">
         <name>fmax</name>
         <value>0x25fd7</value>
         <object_component_ref idref="oc-36e"/>
      </symbol>
      <symbol id="sm-fa7">
         <name>fmaxl</name>
         <value>0x25fd7</value>
         <object_component_ref idref="oc-36e"/>
      </symbol>
      <symbol id="sm-fa8">
         <name>fmaxf</name>
         <value>0x25f79</value>
         <object_component_ref idref="oc-36e"/>
      </symbol>
      <symbol id="sm-fa9">
         <name>fminl</name>
         <value>0x25eaf</value>
         <object_component_ref idref="oc-36e"/>
      </symbol>
      <symbol id="sm-faa">
         <name>fminf</name>
         <value>0x25e49</value>
         <object_component_ref idref="oc-36e"/>
      </symbol>
      <symbol id="sm-fd1">
         <name>HOSTgetenv</name>
         <value>0x257e5</value>
         <object_component_ref idref="oc-42d"/>
      </symbol>
      <symbol id="sm-fd2">
         <name>HOSTrename</name>
         <value>0x2568d</value>
         <object_component_ref idref="oc-42d"/>
      </symbol>
      <symbol id="sm-fd3">
         <name>HOSTclose</name>
         <value>0x25823</value>
         <object_component_ref idref="oc-42d"/>
      </symbol>
      <symbol id="sm-fd4">
         <name>HOSTtime64</name>
         <value>0x25605</value>
         <object_component_ref idref="oc-42d"/>
      </symbol>
      <symbol id="sm-fd5">
         <name>HOSTunlink</name>
         <value>0x255cd</value>
         <object_component_ref idref="oc-42d"/>
      </symbol>
      <symbol id="sm-fd6">
         <name>HOSTlseek</name>
         <value>0x25789</value>
         <object_component_ref idref="oc-42d"/>
      </symbol>
      <symbol id="sm-fd7">
         <name>HOSTopen</name>
         <value>0x25737</value>
         <object_component_ref idref="oc-42d"/>
      </symbol>
      <symbol id="sm-fd8">
         <name>HOSTclock</name>
         <value>0x2585b</value>
         <object_component_ref idref="oc-42d"/>
      </symbol>
      <symbol id="sm-fd9">
         <name>HOSTwrite</name>
         <value>0x25581</value>
         <object_component_ref idref="oc-42d"/>
      </symbol>
      <symbol id="sm-fda">
         <name>HOSTread</name>
         <value>0x256eb</value>
         <object_component_ref idref="oc-42d"/>
      </symbol>
      <symbol id="sm-fdb">
         <name>HOSTtime</name>
         <value>0x25653</value>
         <object_component_ref idref="oc-42d"/>
      </symbol>
      <symbol id="sm-ff6">
         <name>__TI_readmsg</name>
         <value>0x27a5f</value>
         <object_component_ref idref="oc-46b"/>
      </symbol>
      <symbol id="sm-ff7">
         <name>C$$IO$$</name>
         <value>0x27a5b</value>
         <object_component_ref idref="oc-46b"/>
      </symbol>
      <symbol id="sm-ff8">
         <name>__CIOBUF_</name>
         <value>0x20030004</value>
         <object_component_ref idref="oc-48a"/>
      </symbol>
      <symbol id="sm-ff9">
         <name>__TI_writemsg</name>
         <value>0x27a2d</value>
         <object_component_ref idref="oc-46b"/>
      </symbol>
      <symbol id="sm-105e">
         <name>__vla_dealloc</name>
         <value>0x25bb1</value>
         <object_component_ref idref="oc-160"/>
      </symbol>
      <symbol id="sm-105f">
         <name>__vla_dealloc_eh</name>
         <value>0x25c39</value>
         <object_component_ref idref="oc-160"/>
      </symbol>
      <symbol id="sm-1060">
         <name>__vla_alloc</name>
         <value>0x25cb9</value>
         <object_component_ref idref="oc-160"/>
      </symbol>
      <symbol id="sm-1079">
         <name>__TI_wrt_ok</name>
         <value>0x2735d</value>
         <object_component_ref idref="oc-2e7"/>
      </symbol>
      <symbol id="sm-107a">
         <name>__TI_rd_ok</name>
         <value>0x273bf</value>
         <object_component_ref idref="oc-2e7"/>
      </symbol>
      <symbol id="sm-1093">
         <name>_nop</name>
         <value>0x27f53</value>
         <object_component_ref idref="oc-18e"/>
      </symbol>
      <symbol id="sm-1094">
         <name>_lock</name>
         <value>0x2002ffe8</value>
         <object_component_ref idref="oc-cd"/>
      </symbol>
      <symbol id="sm-1095">
         <name>_unlock</name>
         <value>0x2002ffec</value>
         <object_component_ref idref="oc-cd"/>
      </symbol>
      <symbol id="sm-1096">
         <name>_register_lock</name>
         <value>0x27f4b</value>
         <object_component_ref idref="oc-18e"/>
      </symbol>
      <symbol id="sm-1097">
         <name>_register_unlock</name>
         <value>0x27f45</value>
         <object_component_ref idref="oc-18e"/>
      </symbol>
      <symbol id="sm-1198">
         <name>__TI_printfi</name>
         <value>0x22cf5</value>
         <object_component_ref idref="oc-22e"/>
      </symbol>
      <symbol id="sm-11ad">
         <name>_args_main</name>
         <value>0x27ed5</value>
         <object_component_ref idref="oc-72"/>
      </symbol>
      <symbol id="sm-11c3">
         <name>atoi</name>
         <value>0x27c59</value>
         <object_component_ref idref="oc-31f"/>
      </symbol>
      <symbol id="sm-11ed">
         <name>__TI_auto_init</name>
         <value>0x27879</value>
         <object_component_ref idref="oc-6c"/>
      </symbol>
      <symbol id="sm-1207">
         <name>copy_in</name>
         <value>0x27ca5</value>
         <object_component_ref idref="oc-b4"/>
      </symbol>
      <symbol id="sm-1212">
         <name>_ctypes_</name>
         <value>0x281a0</value>
         <object_component_ref idref="oc-3e9"/>
      </symbol>
      <symbol id="sm-121c">
         <name>__abort_execution</name>
         <value>0x577d</value>
         <object_component_ref idref="oc-23f"/>
      </symbol>
      <symbol id="sm-1226">
         <name>__aeabi_d2iz</name>
         <value>0x27d39</value>
         <object_component_ref idref="oc-30e"/>
      </symbol>
      <symbol id="sm-123a">
         <name>fseek</name>
         <value>0x27a95</value>
         <object_component_ref idref="oc-3b1"/>
      </symbol>
      <symbol id="sm-1249">
         <name>ltoa</name>
         <value>0x27c05</value>
         <object_component_ref idref="oc-313"/>
      </symbol>
      <symbol id="sm-1259">
         <name>memccpy</name>
         <value>0x27e85</value>
         <object_component_ref idref="oc-325"/>
      </symbol>
      <symbol id="sm-1263">
         <name>copysign</name>
         <value>0x27f59</value>
         <object_component_ref idref="oc-3a5"/>
      </symbol>
      <symbol id="sm-1264">
         <name>copysignl</name>
         <value>0x27f59</value>
         <object_component_ref idref="oc-3a5"/>
      </symbol>
      <symbol id="sm-1280">
         <name>setvbuf</name>
         <value>0x270ed</value>
         <object_component_ref idref="oc-3b7"/>
      </symbol>
      <symbol id="sm-128a">
         <name>_system_post_cinit</name>
         <value>0x14cb7</value>
         <object_component_ref idref="oc-ba"/>
      </symbol>
      <symbol id="sm-1298">
         <name>strcpy</name>
         <value>0x27f6d</value>
         <object_component_ref idref="oc-471"/>
      </symbol>
      <symbol id="sm-12ba">
         <name>__aeabi_uldivmod</name>
         <value>0x260a5</value>
         <object_component_ref idref="oc-309"/>
      </symbol>
      <symbol id="sm-12bd">
         <name>__TI_static_base__</name>
         <value>0x0</value>
      </symbol>
      <symbol id="sm-12c0">
         <name>SHT$$INIT_ARRAY$$Limit</name>
         <value>0x0</value>
      </symbol>
      <symbol id="sm-12c1">
         <name>SHT$$INIT_ARRAY$$Base</name>
         <value>0x0</value>
      </symbol>
      <symbol id="sm-12c2">
         <name>v_free</name>
         <value>0x2529b</value>
      </symbol>
      <symbol id="sm-12c3">
         <name>v_free_align</name>
         <value>0x2529b</value>
      </symbol>
      <symbol id="sm-12c4">
         <name>remove</name>
         <value>0x25935</value>
      </symbol>
   </symbol_table>
   <title>Link successful</title>
</link_info>
