******************************************************************************
                  TI ARM Linker PC v16.9.0                     
******************************************************************************
>> Linked Tue Mar 14 15:18:54 2017

OUTPUT FILE NAME:   <NOqpoases2.out>
ENTRY POINT SYMBOL: "_c_int00"  address: 00025d55


MEMORY CONFIGURATION

         name            origin    length      used     unused   attr    fill
----------------------  --------  ---------  --------  --------  ----  --------
  FLASH                 00000000   00100000  000263c6  000d9c3a  R  X
  SRAM                  20000000   00040000  000009e0  0003f620  RW X


SEGMENT ALLOCATION MAP

run origin  load origin   length   init length attrs members
----------  ----------- ---------- ----------- ----- -------
00000000    00000000    000263d0   000263d0    r-x
  00000000    00000000    00000208   00000208    r-- .intvecs
  00000208    00000208    00025e3a   00025e3a    r-x .text
  00026048    00026048    000002ec   000002ec    r-- .const
  00026338    00026338    00000098   00000098    r-- .cinit
20000000    20000000    000009e0   00000000    rw-
  20000000    20000000    00000400   00000000    rw- .sysmem
  20000400    20000400    00000200   00000000    rw- .stack
  20000600    20000600    000001fc   00000000    rw- .data
  200007fc    200007fc    000001e4   00000000    rw- .bss


SECTION ALLOCATION MAP

 output                                  attributes/
section   page    origin      length       input sections
--------  ----  ----------  ----------   ----------------
.intvecs   0    00000000    00000208     
                  00000000    00000208     tm4c129encpdt_startup_ccs.obj (.intvecs)

.text      0    00000208    00025e3a     
                  00000208    00005c4a     d_aux_ip_hard_libstr.obj (.text)
                  00005e52    00000002     rtsv7M4_T_le_v4SPD16_eabi.lib : mpu_init.obj (.text)
                  00005e54    00003dac     d_blas3_lib.obj (.text)
                  00009c00    00003a00     d_back_ric_rec_libstr.obj (.text)
                  0000d600    000039d8     d_lapack_lib.obj (.text)
                  00010fd8    00002ffc     d_part_cond_libstr.obj (.text)
                  00013fd4    00002790     ocp_qp_hpmpc.obj (.text)
                  00016764    00001d74     d_blas2_lib.obj (.text)
                  000184d8    00001bb8     fortran_order_interface_libstr.obj (.text)
                  0001a090    000017d2     d_aux_lib.obj (.text)
                  0001b862    00000002     rtsv7M4_T_le_v4SPD16_eabi.lib : startup.obj (.text)
                  0001b864    00001728     tools.obj (.text)
                  0001cf8c    000015fc     d_ip2_res_hard_libstr.obj (.text)
                  0001e588    000014d8     main.obj (.text)
                  0001fa60    000013ec     d_res_ip_res_hard_libstr.obj (.text)
                  00020e4c    0000113a     rtsv7M4_T_le_v4SPD16_eabi.lib : _printfi.obj (.text)
                  00021f86    00000002     --HOLE-- [fill = 0]
                  00021f88    000009ac                                   : e_pow.obj (.text)
                  00022934    00000760     d_blas3_diag_lib.obj (.text)
                  00023094    00000726     d_aux_extern_depend_lib.obj (.text)
                  000237ba    00000002     --HOLE-- [fill = 0]
                  000237bc    000003d0     rtsv7M4_T_le_v4SPD16_eabi.lib : memory.obj (.text)
                  00023b8c    00000324                                   : trgdrv.obj (.text)
                  00023eb0    0000030c                                   : lowlev.obj (.text)
                  000241bc    00000298                                   : vla_alloc.obj (.text)
                  00024454    0000026c                                   : ti_fmax.obj (.text)
                  000246c0    000001f4                                   : ull_div_t2.obj (.text)
                  000248b4    000001c4                                   : fopen.obj (.text)
                  00024a78    000001b6                                   : fd_add_t2.obj (.text)
                  00024c2e    00000002     --HOLE-- [fill = 0]
                  00024c30    00000170                                   : e_sqrt.obj (.text)
                  00024da0    00000136                                   : fd_div_t2.obj (.text)
                  00024ed6    00000002     --HOLE-- [fill = 0]
                  00024ed8    00000134                                   : fputs.obj (.text)
                  0002500c    00000110     d_blas1_lib.obj (.text)
                  0002511c    000000fc     rtsv7M4_T_le_v4SPD16_eabi.lib : fd_mul_t2.obj (.text)
                  00025218    000000fc                                   : s_scalbn.obj (.text)
                  00025314    000000dc                                   : setvbuf.obj (.text)
                  000253f0    000000ca     i_aux.obj (.text)
                  000254ba    00000002     --HOLE-- [fill = 0]
                  000254bc    000000c8     rtsv7M4_T_le_v4SPD16_eabi.lib : fflush.obj (.text)
                  00025584    000000ac                                   : _io_perm.obj (.text)
                  00025630    0000009c                                   : memcpy_t2.obj (.text)
                  000256cc    00000098                                   : fclose.obj (.text)
                  00025764    00000098                                   : fputc.obj (.text)
                  000257fc    00000094     d_aux_extern_depend_lib4.obj (.text)
                  00025890    00000086     rtsv7M4_T_le_v4SPD16_eabi.lib : fd_cmp_t2.obj (.text:__aeabi_cdcmple)
                  00025916    00000086                                   : fd_cmp_t2.obj (.text:__aeabi_cdrcmple)
                  0002599c    0000007a                                   : memset_t2.obj (.text)
                  00025a16    00000002     --HOLE-- [fill = 0]
                  00025a18    00000070                                   : autoinit.obj (.text)
                  00025a88    00000070                                   : printf.obj (.text)
                  00025af8    0000006c                                   : fprintf.obj (.text)
                  00025b64    00000068                                   : copy_decompress_lzss.obj (.text:decompress:lzss)
                  00025bcc    00000068                                   : trgmsg.obj (.text)
                  00025c34    00000064                                   : fseek.obj (.text)
                  00025c98    00000064                                   : s_frexp.obj (.text)
                  00025cfc    00000056                                   : ltoa.obj (.text)
                  00025d52    00000002     --HOLE-- [fill = 0]
                  00025d54    00000054                                   : boot.obj (.text)
                  00025da8    00000054                                   : exit.obj (.text)
                  00025dfc    0000004c                                   : atoi.obj (.text)
                  00025e48    0000004c                                   : cpy_tbl.obj (.text)
                  00025e94    00000048                                   : fd_toi_t2.obj (.text)
                  00025edc    00000036                                   : strncpy.obj (.text)
                  00025f12    0000002e                                   : i_tofd_t2.obj (.text)
                  00025f40    00000020                                   : memchr.obj (.text)
                  00025f60    0000001c                                   : memccpy.obj (.text)
                  00025f7c    00000018                                   : args_main.obj (.text)
                  00025f94    00000018                                   : strcmp.obj (.text)
                  00025fac    00000016                                   : strchr.obj (.text)
                  00025fc2    00000002     --HOLE-- [fill = 0]
                  00025fc4    00000014                                   : _lock.obj (.text)
                  00025fd8    00000014                                   : s_copysign.obj (.text)
                  00025fec    00000014                                   : strcpy.obj (.text)
                  00026000    00000014                                   : strlen.obj (.text)
                  00026014    0000000e                                   : copy_decompress_none.obj (.text:decompress:none)
                  00026022    0000000c                                   : copy_zero_init.obj (.text:decompress:ZI)
                  0002602e    0000000c     tm4c129encpdt_startup_ccs.obj (.text)
                  0002603a    00000004     rtsv7M4_T_le_v4SPD16_eabi.lib : error.obj (.text)
                  0002603e    00000004                                   : pre_init.obj (.text)

.const     0    00026048    000002ec     
                  00026048    00000101     rtsv7M4_T_le_v4SPD16_eabi.lib : ctype.obj (.const:.string:_ctypes_)
                  00026149    00000007     --HOLE-- [fill = 0]
                  00026150    00000070     tools.obj (.const:$P$T4$5)
                  000261c0    00000050     tools.obj (.const:$P$T3$4)
                  00026210    00000040     tools.obj (.const:$P$T2$3)
                  00026250    00000030     rtsv7M4_T_le_v4SPD16_eabi.lib : e_pow.obj (.const:$O1$$)
                  00026280    00000030     tools.obj (.const:$P$T1$2)
                  000262b0    00000028     main.obj (.const:$P$T19$1)
                  000262d8    00000028     tools.obj (.const:$P$T6$7)
                  00026300    00000020     tools.obj (.const:$P$T0$1)
                  00026320    00000014     tools.obj (.const:$P$T5$6)

.cinit     0    00026338    00000098     
                  00026338    00000070     (.cinit..data.load) [load image, compression = lzss]
                  000263a8    0000000c     (__TI_handler_table)
                  000263b4    00000004     --HOLE-- [fill = 0]
                  000263b8    00000008     (.cinit..bss.load) [load image, compression = zero_init]
                  000263c0    00000010     (__TI_cinit_table)

.init_array 
*          0    00000000    00000000     UNINITIALIZED

.sysmem    0    20000000    00000400     UNINITIALIZED
                  20000000    00000008     rtsv7M4_T_le_v4SPD16_eabi.lib : memory.obj (.sysmem)
                  20000008    000003f8     --HOLE--

.stack     0    20000400    00000200     UNINITIALIZED
                  20000400    00000200     --HOLE--

.data      0    20000600    000001fc     UNINITIALIZED
                  20000600    000000f0     rtsv7M4_T_le_v4SPD16_eabi.lib : defs.obj (.data:_ftable)
                  200006f0    000000d0                                   : lowlev.obj (.data:$O1$$)
                  200007c0    00000010                                   : defs.obj (.data)
                  200007d0    0000000c                                   : exit.obj (.data:$O1$$)
                  200007dc    0000000c                                   : memory.obj (.data:$O1$$)
                  200007e8    00000008                                   : _lock.obj (.data:$O1$$)
                  200007f0    00000004                                   : errno.obj (.data)
                  200007f4    00000004                                   : fopen.obj (.data)
                  200007f8    00000004                                   : stkdepth_vars.obj (.data)

.bss       0    200007fc    000001e4     UNINITIALIZED
                  200007fc    00000120     rtsv7M4_T_le_v4SPD16_eabi.lib : trgmsg.obj (.bss:_CIOBUF_)
                  2000091c    000000a0     (.common:__TI_tmpnams)
                  200009bc    0000001c                                   : vla_alloc.obj (.bss:$O1$$)
                  200009d8    00000008                                   : trgdrv.obj (.bss:parmbuf)

MODULE SUMMARY

       Module                               code     ro data   rw data
       ------                               ----     -------   -------
    .\
       d_aux_ip_hard_libstr.obj             23626    0         0      
       d_blas3_lib.obj                      15788    0         0      
       d_back_ric_rec_libstr.obj            14848    0         0      
       d_lapack_lib.obj                     14808    0         0      
       d_part_cond_libstr.obj               12284    0         0      
       ocp_qp_hpmpc.obj                     10128    0         0      
       d_blas2_lib.obj                      7540     0         0      
       fortran_order_interface_libstr.obj   7096     0         0      
       tools.obj                            5928     396       0      
       d_aux_lib.obj                        6098     0         0      
       d_ip2_res_hard_libstr.obj            5628     0         0      
       main.obj                             5336     40        0      
       d_res_ip_res_hard_libstr.obj         5100     0         0      
       d_blas3_diag_lib.obj                 1888     0         0      
       d_aux_extern_depend_lib.obj          1830     0         0      
       tm4c129encpdt_startup_ccs.obj        12       520       0      
       d_blas1_lib.obj                      272      0         0      
       i_aux.obj                            202      0         0      
       d_aux_extern_depend_lib4.obj         148      0         0      
    +--+------------------------------------+--------+---------+---------+
       Total:                               138560   956       0      
                                                                      
    E:\ti\ccsv7\tools\compiler\ti-cgt-arm_16.9.0.LTS\lib\rtsv7M4_T_le_v4SPD16_eabi.lib
       _printfi.obj                         4410     0         0      
       e_pow.obj                            2476     48        0      
       lowlev.obj                           780      0         208    
       memory.obj                           976      0         12     
       trgdrv.obj                           804      0         8      
       vla_alloc.obj                        664      0         28     
       ti_fmax.obj                          620      0         0      
       ull_div_t2.obj                       500      0         0      
       fopen.obj                            452      0         4      
       fd_add_t2.obj                        438      0         0      
       defs.obj                             0        0         416    
       trgmsg.obj                           104      0         288    
       e_sqrt.obj                           368      0         0      
       fd_div_t2.obj                        310      0         0      
       fputs.obj                            308      0         0      
       fd_cmp_t2.obj                        268      0         0      
       ctype.obj                            0        257       0      
       fd_mul_t2.obj                        252      0         0      
       s_scalbn.obj                         252      0         0      
       setvbuf.obj                          220      0         0      
       fflush.obj                           200      0         0      
       _io_perm.obj                         172      0         0      
       memcpy_t2.obj                        156      0         0      
       fclose.obj                           152      0         0      
       fputc.obj                            152      0         0      
       memset_t2.obj                        122      0         0      
       autoinit.obj                         112      0         0      
       printf.obj                           112      0         0      
       fprintf.obj                          108      0         0      
       copy_decompress_lzss.obj             104      0         0      
       fseek.obj                            100      0         0      
       s_frexp.obj                          100      0         0      
       exit.obj                             84       0         12     
       ltoa.obj                             86       0         0      
       boot.obj                             84       0         0      
       atoi.obj                             76       0         0      
       cpy_tbl.obj                          76       0         0      
       fd_toi_t2.obj                        72       0         0      
       strncpy.obj                          54       0         0      
       i_tofd_t2.obj                        46       0         0      
       memchr.obj                           32       0         0      
       _lock.obj                            20       0         8      
       memccpy.obj                          28       0         0      
       args_main.obj                        24       0         0      
       strcmp.obj                           24       0         0      
       strchr.obj                           22       0         0      
       s_copysign.obj                       20       0         0      
       strcpy.obj                           20       0         0      
       strlen.obj                           20       0         0      
       copy_decompress_none.obj             14       0         0      
       copy_zero_init.obj                   12       0         0      
       errno.obj                            0        0         4      
       error.obj                            4        0         0      
       pre_init.obj                         4        0         0      
       stkdepth_vars.obj                    0        0         4      
       mpu_init.obj                         2        0         0      
       startup.obj                          2        0         0      
    +--+------------------------------------+--------+---------+---------+
       Total:                               16618    305       992    
                                                                      
       Heap:                                0        0         1024   
       Stack:                               0        0         512    
       Linker Generated:                    0        148       0      
    +--+------------------------------------+--------+---------+---------+
       Grand Total:                         155178   1409      2528   


LINKER GENERATED COPY TABLES

__TI_cinit_table @ 000263c0 records: 2, size/record: 8, table size: 16
	.data: load addr=00026338, load size=00000070 bytes, run addr=20000600, run size=000001fc bytes, compression=lzss
	.bss: load addr=000263b8, load size=00000008 bytes, run addr=200007fc, run size=000001e4 bytes, compression=zero_init


LINKER GENERATED HANDLER TABLE

__TI_handler_table @ 000263a8 records: 3, size/record: 4, table size: 12
	index: 0, handler: __TI_decompress_lzss
	index: 1, handler: __TI_decompress_none
	index: 2, handler: __TI_zero_init


GLOBAL SYMBOLS: SORTED ALPHABETICALLY BY Name 

address   name                                              
-------   ----                                              
00025da9  C$$EXIT                                           
00025bfb  C$$IO$$                                           
00023e67  HOSTclock                                         
00023e2f  HOSTclose                                         
00023df1  HOSTgetenv                                        
00023d95  HOSTlseek                                         
00023d43  HOSTopen                                          
00023cf7  HOSTread                                          
00023c99  HOSTrename                                        
00023c5f  HOSTtime                                          
00023c11  HOSTtime64                                        
00023bd9  HOSTunlink                                        
00023b8d  HOSTwrite                                         
0002602f  ResetISR                                          
UNDEFED   SHT$$INIT_ARRAY$$Base                             
UNDEFED   SHT$$INIT_ARRAY$$Limit                            
200007fc  __CIOBUF_                                         
20000600  __STACK_END                                       
00000200  __STACK_SIZE                                      
20000600  __STACK_TOP                                       
00000400  __SYSMEM_SIZE                                     
000263c0  __TI_CINIT_Base                                   
000263d0  __TI_CINIT_Limit                                  
000263a8  __TI_Handler_Table_Base                           
000263b4  __TI_Handler_Table_Limit                          
00025a19  __TI_auto_init                                    
0002497d  __TI_cleanup                                      
200007d0  __TI_cleanup_ptr                                  
000256cd  __TI_closefile                                    
00025b65  __TI_decompress_lzss                              
00026015  __TI_decompress_none                              
000254bd  __TI_doflush                                      
200007d4  __TI_dtors_ptr                                    
200007d8  __TI_enable_exit_profile_output                   
200007c0  __TI_ft_end                                       
ffffffff  __TI_pprof_out_hndl                               
0002168d  __TI_printfi                                      
ffffffff  __TI_prof_data_size                               
ffffffff  __TI_prof_data_start                              
000255e7  __TI_rd_ok                                        
00025bff  __TI_readmsg                                      
00000000  __TI_static_base__                                
2000091c  __TI_tmpnams                                      
00025bcd  __TI_writemsg                                     
00025585  __TI_wrt_ok                                       
00026023  __TI_zero_init                                    
0002603b  __abort_execution                                 
00025891  __aeabi_cdcmpeq                                   
00025891  __aeabi_cdcmple                                   
00025917  __aeabi_cdrcmple                                  
00025e95  __aeabi_d2iz                                      
00024a83  __aeabi_dadd                                      
00024da1  __aeabi_ddiv                                      
0002511d  __aeabi_dmul                                      
00024a79  __aeabi_dsub                                      
00025f13  __aeabi_i2d                                       
0002599d  __aeabi_memclr                                    
0002599d  __aeabi_memclr4                                   
0002599d  __aeabi_memclr8                                   
00025631  __aeabi_memcpy                                    
00025631  __aeabi_memcpy4                                   
00025631  __aeabi_memcpy8                                   
0002599f  __aeabi_memset                                    
0002599f  __aeabi_memset4                                   
0002599f  __aeabi_memset8                                   
200007cc  __aeabi_stderr                                    
200007c4  __aeabi_stdin                                     
200007c8  __aeabi_stdout                                    
000246c1  __aeabi_uldivmod                                  
ffffffff  __binit__                                         
ffffffff  __c_args__                                        
00005e53  __mpu_init                                        
20000400  __stack                                           
000242c5  __vla_alloc                                       
000241bd  __vla_dealloc                                     
00024245  __vla_dealloc_eh                                  
00025f7d  _args_main                                        
00025d55  _c_int00                                          
00026048  _ctypes_                                          
20000600  _ftable                                           
200007e8  _lock                                             
00025fd3  _nop                                              
00025fcb  _register_lock                                    
00025fc5  _register_unlock                                  
20000000  _sys_memory                                       
0001b863  _system_post_cinit                                
0002603f  _system_pre_init                                  
200007ec  _unlock                                           
00025dad  abort                                             
00024111  add_device                                        
00025dfd  atoi                                              
ffffffff  binit                                             
00023549  c_free                                            
00023555  c_free_align                                      
000234b9  c_zeros                                           
000234f9  c_zeros_align                                     
00023b5d  calloc                                            
000240c1  close                                             
00025e49  copy_in                                           
00025fd9  copysign                                          
00025fd9  copysignl                                         
00023561  d_allocate_strmat                                 
000235d5  d_allocate_strvec                                 
0000c5f9  d_back_ric_rec_sv_back_libstr                     
0000d2cd  d_back_ric_rec_sv_forw_libstr                     
00009d95  d_back_ric_rec_sv_libstr                          
0000b099  d_back_ric_rec_trf_libstr                         
0000b881  d_back_ric_rec_trs_libstr                         
00009c01  d_back_ric_rec_work_space_size_bytes_libstr       
00004e8d  d_backup_update_var_res_mpc_hard_libstr           
0001a759  d_cast_diag_mat2strmat                            
0001a747  d_cast_mat2strmat                                 
0001a76b  d_cast_vec2vecmat                                 
00002431  d_compute_alpha_mpc_hard_libstr                   
00004801  d_compute_alpha_res_mpc_hard_libstr               
00005481  d_compute_centering_correction_res_mpc_hard_libstr
00003165  d_compute_mu_mpc_hard_libstr                      
0000519b  d_compute_mu_res_mpc_hard_libstr                  
00010fd9  d_cond_BAbt_libstr                                
00011d45  d_cond_DCtd_libstr                                
00011231  d_cond_RSQrq_libstr                               
0001a0e5  d_create_strmat                                   
0001a161  d_create_strvec                                   
0001a187  d_cvt_mat2strmat                                  
0001a467  d_cvt_strmat2mat                                  
0001a6f9  d_cvt_strvec2vec                                  
0001a2d3  d_cvt_tran_mat2strmat                             
0001a5b3  d_cvt_tran_strmat2mat                             
0001a419  d_cvt_vec2strvec                                  
000257fd  d_eye                                             
0002313f  d_free                                            
0002314b  d_free_align                                      
000235b9  d_free_strmat                                     
000235f9  d_free_strvec                                     
00000209  d_init_var_mpc_hard_libstr                        
0001d0b9  d_ip2_res_mpc_hard_libstr                         
0001cf8d  d_ip2_res_mpc_hard_work_space_size_bytes_libstr   
00012525  d_part_cond_compute_problem_size_libstr           
00012b5d  d_part_cond_libstr                                
00012a57  d_part_cond_memory_space_size_bytes_libstr        
000126d3  d_part_cond_work_space_size_bytes_libstr          
00013245  d_part_expand_solution_libstr                     
0001318f  d_part_expand_work_space_size_bytes_libstr        
0002331d  d_print_e_mat                                     
00023731  d_print_e_strmat                                  
0002376b  d_print_e_strvec                                  
000233a1  d_print_e_tran_mat                                
00023793  d_print_e_tran_strvec                             
00023157  d_print_mat                                       
00023607  d_print_strmat                                    
00023641  d_print_strvec                                    
0002322f  d_print_to_file_mat                               
00023691  d_print_to_file_strmat                            
000236d5  d_print_to_file_strvec                            
00023703  d_print_to_file_tran_strvec                       
000231c3  d_print_tran_mat                                  
00023669  d_print_tran_strvec                               
000232a1  d_print_tran_to_file_mat                          
0001fad1  d_res_res_mpc_hard_libstr                         
0001fa61  d_res_res_mpc_hard_work_space_size_bytes_libstr   
0001a0bd  d_size_diag_strmat                                
0001a091  d_size_strmat                                     
0001a14f  d_size_strvec                                     
00001abd  d_update_gradient_mpc_hard_libstr                 
0000344d  d_update_gradient_new_rhs_mpc_hard_tv             
0000564d  d_update_gradient_res_mpc_hard_libstr             
00003915  d_update_hessian_gradient_res_mpc_hard_libstr     
00000775  d_update_hessian_mpc_hard_libstr                  
00002ac1  d_update_var_mpc_hard_libstr                      
00023095  d_zeros                                           
000230e5  d_zeros_align                                     
0001baab  daxpy_3l                                          
00025083  daxpy_bkp_libstr                                  
0002500d  daxpy_libstr                                      
0001aca5  dcolpe_libstr                                     
0001ac0d  dcolsw_libstr                                     
0001ba21  dcopy_3l                                          
0001b615  ddiaad_libspstr                                   
0001b6ab  ddiaadin_libspstr                                 
0001b58b  ddiaex_libspstr                                   
0001b501  ddiain_libspstr                                   
0001a907  ddiain_libstr                                     
0001b03f  dgead_libstr                                      
0001acfd  dgecp_libstr                                      
00022935  dgemm_l_diag_libstr                               
0001b865  dgemm_nn_3l                                       
00006535  dgemm_nn_libstr                                   
00005e55  dgemm_nt_libstr                                   
00022ce5  dgemm_r_diag_libstr                               
0001b925  dgemv_n_3l                                        
00016765  dgemv_n_libstr                                    
00016d7d  dgemv_nt_libstr                                   
0001b9a3  dgemv_t_3l                                        
00016a71  dgemv_t_libstr                                    
0001bcd9  dger_3l                                           
0001c343  dgesv_3l                                          
0001bd9d  dgetf2_3l                                         
0000e98d  dgetf2_nopivot                                    
0001b20b  dgetr_libstr                                      
0000fc51  dgetrf_libstr                                     
0000eb05  dgetrf_nopivot_libstr                             
0001c2eb  dgetrs_3l                                         
0001bfb1  dlaswp_3l                                         
0001a7bb  dmatex1_libstr                                    
0001a77d  dmatin1_libstr                                    
0001a837  dmatse_libstr                                     
0001bb59  dmcopy                                            
0000d601  dpotrf_l_libstr                                   
0001b753  drowad_libspstr                                   
0001aa83  drowad_libstr                                     
0001a987  drowex_libstr                                     
0001aa05  drowin_libstr                                     
0001abb5  drowpe_libstr                                     
0001ab0d  drowsw_libstr                                     
0001bb11  dscal_3l                                          
0001bc79  dswap_3l                                          
00016f49  dsymv_l_libstr                                    
0000de25  dsyrk_dpotrf_ln_libstr                            
000093e5  dsyrk_ln_libstr                                   
0001af8b  dtrcp_l_libstr                                    
00008c45  dtrmm_rlnn_libstr                                 
000084a3  dtrmm_rutn_libstr                                 
000170a9  dtrmv_lnn_libstr                                  
00017343  dtrmv_ltn_libstr                                  
00017651  dtrmv_unn_libstr                                  
00017949  dtrmv_utn_libstr                                  
0001c155  dtrsm_l_l_n_u_3l                                  
0001c20b  dtrsm_l_u_n_n_3l                                  
00006c15  dtrsm_llnu_libstr                                 
00007205  dtrsm_lunn_libstr                                 
00007dbb  dtrsm_rltn_libstr                                 
000078ef  dtrsm_rltu_libstr                                 
000083f5  dtrsm_rutn_libstr                                 
00017bcf  dtrsv_lnn_libstr                                  
0001812b  dtrsv_ltn_libstr                                  
0001b399  dtrtr_l_libstr                                    
0001b44d  dtrtr_u_libstr                                    
0001b7e7  dvecad_libspstr                                   
0001ae8b  dveccp_libstr                                     
0001a817  dvecex1_libstr                                    
0001a7ed  dvecin1_libstr                                    
0001a8b9  dvecse_libstr                                     
200007f0  errno                                             
00025db5  exit                                              
0001cdcb  expm                                              
00025733  fclose                                            
00025509  fflush                                            
000245eb  fmax                                              
0002458d  fmaxf                                             
000245eb  fmaxl                                             
000244bb  fmin                                              
00024455  fminf                                             
000244bb  fminl                                             
000249d3  fopen                                             
0001883b  fortran_order_d_ip_ocp_hard_tv                    
00025b01  fprintf                                           
00025765  fputc                                             
00024ed9  fputs                                             
000238a7  free                                              
000249a9  freopen                                           
00025c99  frexp                                             
00025c99  frexpl                                            
00025c35  fseek                                             
00000000  g_pfnVectors                                      
000184d9  hpmpc_d_ip_ocp_hard_tv_work_space_size_bytes      
0001bbc7  idamax_3l                                         
0002543d  int_free                                          
00025449  int_print_mat                                     
000253f1  int_zeros                                         
00025219  ldexp                                             
00025219  ldexpl                                            
0002409d  lseek                                             
00025cfd  ltoa                                              
0001e959  main                                              
200007f8  main_func_sp                                      
0002383d  malloc                                            
0001e589  mass_spring_system                                
00023a71  memalign                                          
00025f61  memccpy                                           
00025f41  memchr                                            
00025631  memcpy                                            
000259a5  memset                                            
000237bd  minit                                             
0001404b  ocp_qp_hpmpc                                      
00014311  ocp_qp_hpmpc_libstr                               
00015025  ocp_qp_hpmpc_libstr_pt                            
00013fd5  ocp_qp_hpmpc_workspace_size_bytes                 
0001c387  onenorm                                           
00023fef  open                                              
0001c4ad  padeapprox                                        
00021f89  pow                                               
00021f89  powl                                              
00025a91  printf                                            
00025765  putc                                              
000257e9  putchar                                           
00024fe5  puts                                              
00023fcb  read                                              
00023969  realloc                                           
00023f41  remove                                            
00023fa3  remove_device                                     
00023f65  rename                                            
00025219  scalbn                                            
00025219  scalbnl                                           
00025315  setvbuf                                           
00024c31  sqrt                                              
00024c31  sqrtl                                             
00025fad  strchr                                            
00025f95  strcmp                                            
00025fed  strcpy                                            
00026001  strlen                                            
00025edd  strncpy                                           
0001c441  twonormv                                          
00023f41  unlink                                            
000234a1  v_free                                            
000234ad  v_free_align                                      
00023417  v_zeros                                           
00023457  v_zeros_align                                     
00023eb1  write                                             


GLOBAL SYMBOLS: SORTED BY Symbol Address 

address   name                                              
-------   ----                                              
00000000  __TI_static_base__                                
00000000  g_pfnVectors                                      
00000200  __STACK_SIZE                                      
00000209  d_init_var_mpc_hard_libstr                        
00000400  __SYSMEM_SIZE                                     
00000775  d_update_hessian_mpc_hard_libstr                  
00001abd  d_update_gradient_mpc_hard_libstr                 
00002431  d_compute_alpha_mpc_hard_libstr                   
00002ac1  d_update_var_mpc_hard_libstr                      
00003165  d_compute_mu_mpc_hard_libstr                      
0000344d  d_update_gradient_new_rhs_mpc_hard_tv             
00003915  d_update_hessian_gradient_res_mpc_hard_libstr     
00004801  d_compute_alpha_res_mpc_hard_libstr               
00004e8d  d_backup_update_var_res_mpc_hard_libstr           
0000519b  d_compute_mu_res_mpc_hard_libstr                  
00005481  d_compute_centering_correction_res_mpc_hard_libstr
0000564d  d_update_gradient_res_mpc_hard_libstr             
00005e53  __mpu_init                                        
00005e55  dgemm_nt_libstr                                   
00006535  dgemm_nn_libstr                                   
00006c15  dtrsm_llnu_libstr                                 
00007205  dtrsm_lunn_libstr                                 
000078ef  dtrsm_rltu_libstr                                 
00007dbb  dtrsm_rltn_libstr                                 
000083f5  dtrsm_rutn_libstr                                 
000084a3  dtrmm_rutn_libstr                                 
00008c45  dtrmm_rlnn_libstr                                 
000093e5  dsyrk_ln_libstr                                   
00009c01  d_back_ric_rec_work_space_size_bytes_libstr       
00009d95  d_back_ric_rec_sv_libstr                          
0000b099  d_back_ric_rec_trf_libstr                         
0000b881  d_back_ric_rec_trs_libstr                         
0000c5f9  d_back_ric_rec_sv_back_libstr                     
0000d2cd  d_back_ric_rec_sv_forw_libstr                     
0000d601  dpotrf_l_libstr                                   
0000de25  dsyrk_dpotrf_ln_libstr                            
0000e98d  dgetf2_nopivot                                    
0000eb05  dgetrf_nopivot_libstr                             
0000fc51  dgetrf_libstr                                     
00010fd9  d_cond_BAbt_libstr                                
00011231  d_cond_RSQrq_libstr                               
00011d45  d_cond_DCtd_libstr                                
00012525  d_part_cond_compute_problem_size_libstr           
000126d3  d_part_cond_work_space_size_bytes_libstr          
00012a57  d_part_cond_memory_space_size_bytes_libstr        
00012b5d  d_part_cond_libstr                                
0001318f  d_part_expand_work_space_size_bytes_libstr        
00013245  d_part_expand_solution_libstr                     
00013fd5  ocp_qp_hpmpc_workspace_size_bytes                 
0001404b  ocp_qp_hpmpc                                      
00014311  ocp_qp_hpmpc_libstr                               
00015025  ocp_qp_hpmpc_libstr_pt                            
00016765  dgemv_n_libstr                                    
00016a71  dgemv_t_libstr                                    
00016d7d  dgemv_nt_libstr                                   
00016f49  dsymv_l_libstr                                    
000170a9  dtrmv_lnn_libstr                                  
00017343  dtrmv_ltn_libstr                                  
00017651  dtrmv_unn_libstr                                  
00017949  dtrmv_utn_libstr                                  
00017bcf  dtrsv_lnn_libstr                                  
0001812b  dtrsv_ltn_libstr                                  
000184d9  hpmpc_d_ip_ocp_hard_tv_work_space_size_bytes      
0001883b  fortran_order_d_ip_ocp_hard_tv                    
0001a091  d_size_strmat                                     
0001a0bd  d_size_diag_strmat                                
0001a0e5  d_create_strmat                                   
0001a14f  d_size_strvec                                     
0001a161  d_create_strvec                                   
0001a187  d_cvt_mat2strmat                                  
0001a2d3  d_cvt_tran_mat2strmat                             
0001a419  d_cvt_vec2strvec                                  
0001a467  d_cvt_strmat2mat                                  
0001a5b3  d_cvt_tran_strmat2mat                             
0001a6f9  d_cvt_strvec2vec                                  
0001a747  d_cast_mat2strmat                                 
0001a759  d_cast_diag_mat2strmat                            
0001a76b  d_cast_vec2vecmat                                 
0001a77d  dmatin1_libstr                                    
0001a7bb  dmatex1_libstr                                    
0001a7ed  dvecin1_libstr                                    
0001a817  dvecex1_libstr                                    
0001a837  dmatse_libstr                                     
0001a8b9  dvecse_libstr                                     
0001a907  ddiain_libstr                                     
0001a987  drowex_libstr                                     
0001aa05  drowin_libstr                                     
0001aa83  drowad_libstr                                     
0001ab0d  drowsw_libstr                                     
0001abb5  drowpe_libstr                                     
0001ac0d  dcolsw_libstr                                     
0001aca5  dcolpe_libstr                                     
0001acfd  dgecp_libstr                                      
0001ae8b  dveccp_libstr                                     
0001af8b  dtrcp_l_libstr                                    
0001b03f  dgead_libstr                                      
0001b20b  dgetr_libstr                                      
0001b399  dtrtr_l_libstr                                    
0001b44d  dtrtr_u_libstr                                    
0001b501  ddiain_libspstr                                   
0001b58b  ddiaex_libspstr                                   
0001b615  ddiaad_libspstr                                   
0001b6ab  ddiaadin_libspstr                                 
0001b753  drowad_libspstr                                   
0001b7e7  dvecad_libspstr                                   
0001b863  _system_post_cinit                                
0001b865  dgemm_nn_3l                                       
0001b925  dgemv_n_3l                                        
0001b9a3  dgemv_t_3l                                        
0001ba21  dcopy_3l                                          
0001baab  daxpy_3l                                          
0001bb11  dscal_3l                                          
0001bb59  dmcopy                                            
0001bbc7  idamax_3l                                         
0001bc79  dswap_3l                                          
0001bcd9  dger_3l                                           
0001bd9d  dgetf2_3l                                         
0001bfb1  dlaswp_3l                                         
0001c155  dtrsm_l_l_n_u_3l                                  
0001c20b  dtrsm_l_u_n_n_3l                                  
0001c2eb  dgetrs_3l                                         
0001c343  dgesv_3l                                          
0001c387  onenorm                                           
0001c441  twonormv                                          
0001c4ad  padeapprox                                        
0001cdcb  expm                                              
0001cf8d  d_ip2_res_mpc_hard_work_space_size_bytes_libstr   
0001d0b9  d_ip2_res_mpc_hard_libstr                         
0001e589  mass_spring_system                                
0001e959  main                                              
0001fa61  d_res_res_mpc_hard_work_space_size_bytes_libstr   
0001fad1  d_res_res_mpc_hard_libstr                         
0002168d  __TI_printfi                                      
00021f89  pow                                               
00021f89  powl                                              
00022935  dgemm_l_diag_libstr                               
00022ce5  dgemm_r_diag_libstr                               
00023095  d_zeros                                           
000230e5  d_zeros_align                                     
0002313f  d_free                                            
0002314b  d_free_align                                      
00023157  d_print_mat                                       
000231c3  d_print_tran_mat                                  
0002322f  d_print_to_file_mat                               
000232a1  d_print_tran_to_file_mat                          
0002331d  d_print_e_mat                                     
000233a1  d_print_e_tran_mat                                
00023417  v_zeros                                           
00023457  v_zeros_align                                     
000234a1  v_free                                            
000234ad  v_free_align                                      
000234b9  c_zeros                                           
000234f9  c_zeros_align                                     
00023549  c_free                                            
00023555  c_free_align                                      
00023561  d_allocate_strmat                                 
000235b9  d_free_strmat                                     
000235d5  d_allocate_strvec                                 
000235f9  d_free_strvec                                     
00023607  d_print_strmat                                    
00023641  d_print_strvec                                    
00023669  d_print_tran_strvec                               
00023691  d_print_to_file_strmat                            
000236d5  d_print_to_file_strvec                            
00023703  d_print_to_file_tran_strvec                       
00023731  d_print_e_strmat                                  
0002376b  d_print_e_strvec                                  
00023793  d_print_e_tran_strvec                             
000237bd  minit                                             
0002383d  malloc                                            
000238a7  free                                              
00023969  realloc                                           
00023a71  memalign                                          
00023b5d  calloc                                            
00023b8d  HOSTwrite                                         
00023bd9  HOSTunlink                                        
00023c11  HOSTtime64                                        
00023c5f  HOSTtime                                          
00023c99  HOSTrename                                        
00023cf7  HOSTread                                          
00023d43  HOSTopen                                          
00023d95  HOSTlseek                                         
00023df1  HOSTgetenv                                        
00023e2f  HOSTclose                                         
00023e67  HOSTclock                                         
00023eb1  write                                             
00023f41  remove                                            
00023f41  unlink                                            
00023f65  rename                                            
00023fa3  remove_device                                     
00023fcb  read                                              
00023fef  open                                              
0002409d  lseek                                             
000240c1  close                                             
00024111  add_device                                        
000241bd  __vla_dealloc                                     
00024245  __vla_dealloc_eh                                  
000242c5  __vla_alloc                                       
00024455  fminf                                             
000244bb  fmin                                              
000244bb  fminl                                             
0002458d  fmaxf                                             
000245eb  fmax                                              
000245eb  fmaxl                                             
000246c1  __aeabi_uldivmod                                  
0002497d  __TI_cleanup                                      
000249a9  freopen                                           
000249d3  fopen                                             
00024a79  __aeabi_dsub                                      
00024a83  __aeabi_dadd                                      
00024c31  sqrt                                              
00024c31  sqrtl                                             
00024da1  __aeabi_ddiv                                      
00024ed9  fputs                                             
00024fe5  puts                                              
0002500d  daxpy_libstr                                      
00025083  daxpy_bkp_libstr                                  
0002511d  __aeabi_dmul                                      
00025219  ldexp                                             
00025219  ldexpl                                            
00025219  scalbn                                            
00025219  scalbnl                                           
00025315  setvbuf                                           
000253f1  int_zeros                                         
0002543d  int_free                                          
00025449  int_print_mat                                     
000254bd  __TI_doflush                                      
00025509  fflush                                            
00025585  __TI_wrt_ok                                       
000255e7  __TI_rd_ok                                        
00025631  __aeabi_memcpy                                    
00025631  __aeabi_memcpy4                                   
00025631  __aeabi_memcpy8                                   
00025631  memcpy                                            
000256cd  __TI_closefile                                    
00025733  fclose                                            
00025765  fputc                                             
00025765  putc                                              
000257e9  putchar                                           
000257fd  d_eye                                             
00025891  __aeabi_cdcmpeq                                   
00025891  __aeabi_cdcmple                                   
00025917  __aeabi_cdrcmple                                  
0002599d  __aeabi_memclr                                    
0002599d  __aeabi_memclr4                                   
0002599d  __aeabi_memclr8                                   
0002599f  __aeabi_memset                                    
0002599f  __aeabi_memset4                                   
0002599f  __aeabi_memset8                                   
000259a5  memset                                            
00025a19  __TI_auto_init                                    
00025a91  printf                                            
00025b01  fprintf                                           
00025b65  __TI_decompress_lzss                              
00025bcd  __TI_writemsg                                     
00025bfb  C$$IO$$                                           
00025bff  __TI_readmsg                                      
00025c35  fseek                                             
00025c99  frexp                                             
00025c99  frexpl                                            
00025cfd  ltoa                                              
00025d55  _c_int00                                          
00025da9  C$$EXIT                                           
00025dad  abort                                             
00025db5  exit                                              
00025dfd  atoi                                              
00025e49  copy_in                                           
00025e95  __aeabi_d2iz                                      
00025edd  strncpy                                           
00025f13  __aeabi_i2d                                       
00025f41  memchr                                            
00025f61  memccpy                                           
00025f7d  _args_main                                        
00025f95  strcmp                                            
00025fad  strchr                                            
00025fc5  _register_unlock                                  
00025fcb  _register_lock                                    
00025fd3  _nop                                              
00025fd9  copysign                                          
00025fd9  copysignl                                         
00025fed  strcpy                                            
00026001  strlen                                            
00026015  __TI_decompress_none                              
00026023  __TI_zero_init                                    
0002602f  ResetISR                                          
0002603b  __abort_execution                                 
0002603f  _system_pre_init                                  
00026048  _ctypes_                                          
000263a8  __TI_Handler_Table_Base                           
000263b4  __TI_Handler_Table_Limit                          
000263c0  __TI_CINIT_Base                                   
000263d0  __TI_CINIT_Limit                                  
20000000  _sys_memory                                       
20000400  __stack                                           
20000600  __STACK_END                                       
20000600  __STACK_TOP                                       
20000600  _ftable                                           
200007c0  __TI_ft_end                                       
200007c4  __aeabi_stdin                                     
200007c8  __aeabi_stdout                                    
200007cc  __aeabi_stderr                                    
200007d0  __TI_cleanup_ptr                                  
200007d4  __TI_dtors_ptr                                    
200007d8  __TI_enable_exit_profile_output                   
200007e8  _lock                                             
200007ec  _unlock                                           
200007f0  errno                                             
200007f8  main_func_sp                                      
200007fc  __CIOBUF_                                         
2000091c  __TI_tmpnams                                      
ffffffff  __TI_pprof_out_hndl                               
ffffffff  __TI_prof_data_size                               
ffffffff  __TI_prof_data_start                              
ffffffff  __binit__                                         
ffffffff  __c_args__                                        
ffffffff  binit                                             
UNDEFED   SHT$$INIT_ARRAY$$Base                             
UNDEFED   SHT$$INIT_ARRAY$$Limit                            

[318 symbols]
