<?xml version="1.0"?>
<link_info>
   <banner>TI ARM Linker PC v16.9.0.LTS</banner>
   <copyright>Copyright (c) 1996-2015 Texas Instruments Incorporated</copyright>
   <link_time>0x58c2a49a</link_time>
   <link_errors>0x0</link_errors>
   <output_file>simplecalculation.out</output_file>
   <entry_point>
      <name>_c_int00</name>
      <address>0x2f89</address>
   </entry_point>
   <input_file_list>
      <input_file id="fl-2">
         <path>.\</path>
         <kind>object</kind>
         <file>main.obj</file>
         <name>main.obj</name>
      </input_file>
      <input_file id="fl-3">
         <path>.\</path>
         <kind>object</kind>
         <file>tm4c129encpdt_startup_ccs.obj</file>
         <name>tm4c129encpdt_startup_ccs.obj</name>
      </input_file>
      <input_file id="fl-bd">
         <path>E:\ti\ccsv7\tools\compiler\ti-cgt-arm_16.9.0.LTS\lib\</path>
         <kind>archive</kind>
         <file>rtsv7M4_T_le_v4SPD16_eabi.lib</file>
         <name>boot.obj</name>
      </input_file>
      <input_file id="fl-be">
         <path>E:\ti\ccsv7\tools\compiler\ti-cgt-arm_16.9.0.LTS\lib\</path>
         <kind>archive</kind>
         <file>rtsv7M4_T_le_v4SPD16_eabi.lib</file>
         <name>copy_decompress_lzss.obj</name>
      </input_file>
      <input_file id="fl-bf">
         <path>E:\ti\ccsv7\tools\compiler\ti-cgt-arm_16.9.0.LTS\lib\</path>
         <kind>archive</kind>
         <file>rtsv7M4_T_le_v4SPD16_eabi.lib</file>
         <name>copy_decompress_none.obj</name>
      </input_file>
      <input_file id="fl-c0">
         <path>E:\ti\ccsv7\tools\compiler\ti-cgt-arm_16.9.0.LTS\lib\</path>
         <kind>archive</kind>
         <file>rtsv7M4_T_le_v4SPD16_eabi.lib</file>
         <name>copy_zero_init.obj</name>
      </input_file>
      <input_file id="fl-c1">
         <path>E:\ti\ccsv7\tools\compiler\ti-cgt-arm_16.9.0.LTS\lib\</path>
         <kind>archive</kind>
         <file>rtsv7M4_T_le_v4SPD16_eabi.lib</file>
         <name>exit.obj</name>
      </input_file>
      <input_file id="fl-c2">
         <path>E:\ti\ccsv7\tools\compiler\ti-cgt-arm_16.9.0.LTS\lib\</path>
         <kind>archive</kind>
         <file>rtsv7M4_T_le_v4SPD16_eabi.lib</file>
         <name>memcpy_t2.obj</name>
      </input_file>
      <input_file id="fl-c3">
         <path>E:\ti\ccsv7\tools\compiler\ti-cgt-arm_16.9.0.LTS\lib\</path>
         <kind>archive</kind>
         <file>rtsv7M4_T_le_v4SPD16_eabi.lib</file>
         <name>memset_t2.obj</name>
      </input_file>
      <input_file id="fl-c4">
         <path>E:\ti\ccsv7\tools\compiler\ti-cgt-arm_16.9.0.LTS\lib\</path>
         <kind>archive</kind>
         <file>rtsv7M4_T_le_v4SPD16_eabi.lib</file>
         <name>mpu_init.obj</name>
      </input_file>
      <input_file id="fl-c5">
         <path>E:\ti\ccsv7\tools\compiler\ti-cgt-arm_16.9.0.LTS\lib\</path>
         <kind>archive</kind>
         <file>rtsv7M4_T_le_v4SPD16_eabi.lib</file>
         <name>pre_init.obj</name>
      </input_file>
      <input_file id="fl-c6">
         <path>E:\ti\ccsv7\tools\compiler\ti-cgt-arm_16.9.0.LTS\lib\</path>
         <kind>archive</kind>
         <file>rtsv7M4_T_le_v4SPD16_eabi.lib</file>
         <name>printf.obj</name>
      </input_file>
      <input_file id="fl-c7">
         <path>E:\ti\ccsv7\tools\compiler\ti-cgt-arm_16.9.0.LTS\lib\</path>
         <kind>archive</kind>
         <file>rtsv7M4_T_le_v4SPD16_eabi.lib</file>
         <name>stkdepth_vars.obj</name>
      </input_file>
      <input_file id="fl-c8">
         <path>E:\ti\ccsv7\tools\compiler\ti-cgt-arm_16.9.0.LTS\lib\</path>
         <kind>archive</kind>
         <file>rtsv7M4_T_le_v4SPD16_eabi.lib</file>
         <name>_lock.obj</name>
      </input_file>
      <input_file id="fl-c9">
         <path>E:\ti\ccsv7\tools\compiler\ti-cgt-arm_16.9.0.LTS\lib\</path>
         <kind>archive</kind>
         <file>rtsv7M4_T_le_v4SPD16_eabi.lib</file>
         <name>_printfi.obj</name>
      </input_file>
      <input_file id="fl-ca">
         <path>E:\ti\ccsv7\tools\compiler\ti-cgt-arm_16.9.0.LTS\lib\</path>
         <kind>archive</kind>
         <file>rtsv7M4_T_le_v4SPD16_eabi.lib</file>
         <name>args_main.obj</name>
      </input_file>
      <input_file id="fl-cb">
         <path>E:\ti\ccsv7\tools\compiler\ti-cgt-arm_16.9.0.LTS\lib\</path>
         <kind>archive</kind>
         <file>rtsv7M4_T_le_v4SPD16_eabi.lib</file>
         <name>atoi.obj</name>
      </input_file>
      <input_file id="fl-cc">
         <path>E:\ti\ccsv7\tools\compiler\ti-cgt-arm_16.9.0.LTS\lib\</path>
         <kind>archive</kind>
         <file>rtsv7M4_T_le_v4SPD16_eabi.lib</file>
         <name>autoinit.obj</name>
      </input_file>
      <input_file id="fl-cd">
         <path>E:\ti\ccsv7\tools\compiler\ti-cgt-arm_16.9.0.LTS\lib\</path>
         <kind>archive</kind>
         <file>rtsv7M4_T_le_v4SPD16_eabi.lib</file>
         <name>cpy_tbl.obj</name>
      </input_file>
      <input_file id="fl-ce">
         <path>E:\ti\ccsv7\tools\compiler\ti-cgt-arm_16.9.0.LTS\lib\</path>
         <kind>archive</kind>
         <file>rtsv7M4_T_le_v4SPD16_eabi.lib</file>
         <name>ctype.obj</name>
      </input_file>
      <input_file id="fl-cf">
         <path>E:\ti\ccsv7\tools\compiler\ti-cgt-arm_16.9.0.LTS\lib\</path>
         <kind>archive</kind>
         <file>rtsv7M4_T_le_v4SPD16_eabi.lib</file>
         <name>defs.obj</name>
      </input_file>
      <input_file id="fl-d0">
         <path>E:\ti\ccsv7\tools\compiler\ti-cgt-arm_16.9.0.LTS\lib\</path>
         <kind>archive</kind>
         <file>rtsv7M4_T_le_v4SPD16_eabi.lib</file>
         <name>fd_add_t2.obj</name>
      </input_file>
      <input_file id="fl-d1">
         <path>E:\ti\ccsv7\tools\compiler\ti-cgt-arm_16.9.0.LTS\lib\</path>
         <kind>archive</kind>
         <file>rtsv7M4_T_le_v4SPD16_eabi.lib</file>
         <name>fd_cmp_t2.obj</name>
      </input_file>
      <input_file id="fl-d2">
         <path>E:\ti\ccsv7\tools\compiler\ti-cgt-arm_16.9.0.LTS\lib\</path>
         <kind>archive</kind>
         <file>rtsv7M4_T_le_v4SPD16_eabi.lib</file>
         <name>fd_div_t2.obj</name>
      </input_file>
      <input_file id="fl-d3">
         <path>E:\ti\ccsv7\tools\compiler\ti-cgt-arm_16.9.0.LTS\lib\</path>
         <kind>archive</kind>
         <file>rtsv7M4_T_le_v4SPD16_eabi.lib</file>
         <name>fd_mul_t2.obj</name>
      </input_file>
      <input_file id="fl-d4">
         <path>E:\ti\ccsv7\tools\compiler\ti-cgt-arm_16.9.0.LTS\lib\</path>
         <kind>archive</kind>
         <file>rtsv7M4_T_le_v4SPD16_eabi.lib</file>
         <name>fd_toi_t2.obj</name>
      </input_file>
      <input_file id="fl-d5">
         <path>E:\ti\ccsv7\tools\compiler\ti-cgt-arm_16.9.0.LTS\lib\</path>
         <kind>archive</kind>
         <file>rtsv7M4_T_le_v4SPD16_eabi.lib</file>
         <name>fputc.obj</name>
      </input_file>
      <input_file id="fl-d6">
         <path>E:\ti\ccsv7\tools\compiler\ti-cgt-arm_16.9.0.LTS\lib\</path>
         <kind>archive</kind>
         <file>rtsv7M4_T_le_v4SPD16_eabi.lib</file>
         <name>fputs.obj</name>
      </input_file>
      <input_file id="fl-d7">
         <path>E:\ti\ccsv7\tools\compiler\ti-cgt-arm_16.9.0.LTS\lib\</path>
         <kind>archive</kind>
         <file>rtsv7M4_T_le_v4SPD16_eabi.lib</file>
         <name>i_tofd_t2.obj</name>
      </input_file>
      <input_file id="fl-d8">
         <path>E:\ti\ccsv7\tools\compiler\ti-cgt-arm_16.9.0.LTS\lib\</path>
         <kind>archive</kind>
         <file>rtsv7M4_T_le_v4SPD16_eabi.lib</file>
         <name>lowlev.obj</name>
      </input_file>
      <input_file id="fl-d9">
         <path>E:\ti\ccsv7\tools\compiler\ti-cgt-arm_16.9.0.LTS\lib\</path>
         <kind>archive</kind>
         <file>rtsv7M4_T_le_v4SPD16_eabi.lib</file>
         <name>ltoa.obj</name>
      </input_file>
      <input_file id="fl-da">
         <path>E:\ti\ccsv7\tools\compiler\ti-cgt-arm_16.9.0.LTS\lib\</path>
         <kind>archive</kind>
         <file>rtsv7M4_T_le_v4SPD16_eabi.lib</file>
         <name>memccpy.obj</name>
      </input_file>
      <input_file id="fl-db">
         <path>E:\ti\ccsv7\tools\compiler\ti-cgt-arm_16.9.0.LTS\lib\</path>
         <kind>archive</kind>
         <file>rtsv7M4_T_le_v4SPD16_eabi.lib</file>
         <name>memchr.obj</name>
      </input_file>
      <input_file id="fl-dc">
         <path>E:\ti\ccsv7\tools\compiler\ti-cgt-arm_16.9.0.LTS\lib\</path>
         <kind>archive</kind>
         <file>rtsv7M4_T_le_v4SPD16_eabi.lib</file>
         <name>s_frexp.obj</name>
      </input_file>
      <input_file id="fl-dd">
         <path>E:\ti\ccsv7\tools\compiler\ti-cgt-arm_16.9.0.LTS\lib\</path>
         <kind>archive</kind>
         <file>rtsv7M4_T_le_v4SPD16_eabi.lib</file>
         <name>s_scalbn.obj</name>
      </input_file>
      <input_file id="fl-de">
         <path>E:\ti\ccsv7\tools\compiler\ti-cgt-arm_16.9.0.LTS\lib\</path>
         <kind>archive</kind>
         <file>rtsv7M4_T_le_v4SPD16_eabi.lib</file>
         <name>startup.obj</name>
      </input_file>
      <input_file id="fl-df">
         <path>E:\ti\ccsv7\tools\compiler\ti-cgt-arm_16.9.0.LTS\lib\</path>
         <kind>archive</kind>
         <file>rtsv7M4_T_le_v4SPD16_eabi.lib</file>
         <name>strchr.obj</name>
      </input_file>
      <input_file id="fl-e0">
         <path>E:\ti\ccsv7\tools\compiler\ti-cgt-arm_16.9.0.LTS\lib\</path>
         <kind>archive</kind>
         <file>rtsv7M4_T_le_v4SPD16_eabi.lib</file>
         <name>strcmp.obj</name>
      </input_file>
      <input_file id="fl-e1">
         <path>E:\ti\ccsv7\tools\compiler\ti-cgt-arm_16.9.0.LTS\lib\</path>
         <kind>archive</kind>
         <file>rtsv7M4_T_le_v4SPD16_eabi.lib</file>
         <name>strlen.obj</name>
      </input_file>
      <input_file id="fl-e2">
         <path>E:\ti\ccsv7\tools\compiler\ti-cgt-arm_16.9.0.LTS\lib\</path>
         <kind>archive</kind>
         <file>rtsv7M4_T_le_v4SPD16_eabi.lib</file>
         <name>strncpy.obj</name>
      </input_file>
      <input_file id="fl-e3">
         <path>E:\ti\ccsv7\tools\compiler\ti-cgt-arm_16.9.0.LTS\lib\</path>
         <kind>archive</kind>
         <file>rtsv7M4_T_le_v4SPD16_eabi.lib</file>
         <name>trgdrv.obj</name>
      </input_file>
      <input_file id="fl-e4">
         <path>E:\ti\ccsv7\tools\compiler\ti-cgt-arm_16.9.0.LTS\lib\</path>
         <kind>archive</kind>
         <file>rtsv7M4_T_le_v4SPD16_eabi.lib</file>
         <name>trgmsg.obj</name>
      </input_file>
      <input_file id="fl-e5">
         <path>E:\ti\ccsv7\tools\compiler\ti-cgt-arm_16.9.0.LTS\lib\</path>
         <kind>archive</kind>
         <file>rtsv7M4_T_le_v4SPD16_eabi.lib</file>
         <name>ull_div_t2.obj</name>
      </input_file>
      <input_file id="fl-e6">
         <path>E:\ti\ccsv7\tools\compiler\ti-cgt-arm_16.9.0.LTS\lib\</path>
         <kind>archive</kind>
         <file>rtsv7M4_T_le_v4SPD16_eabi.lib</file>
         <name>_io_perm.obj</name>
      </input_file>
      <input_file id="fl-e7">
         <path>E:\ti\ccsv7\tools\compiler\ti-cgt-arm_16.9.0.LTS\lib\</path>
         <kind>archive</kind>
         <file>rtsv7M4_T_le_v4SPD16_eabi.lib</file>
         <name>errno.obj</name>
      </input_file>
      <input_file id="fl-e8">
         <path>E:\ti\ccsv7\tools\compiler\ti-cgt-arm_16.9.0.LTS\lib\</path>
         <kind>archive</kind>
         <file>rtsv7M4_T_le_v4SPD16_eabi.lib</file>
         <name>fflush.obj</name>
      </input_file>
      <input_file id="fl-e9">
         <path>E:\ti\ccsv7\tools\compiler\ti-cgt-arm_16.9.0.LTS\lib\</path>
         <kind>archive</kind>
         <file>rtsv7M4_T_le_v4SPD16_eabi.lib</file>
         <name>fseek.obj</name>
      </input_file>
      <input_file id="fl-ea">
         <path>E:\ti\ccsv7\tools\compiler\ti-cgt-arm_16.9.0.LTS\lib\</path>
         <kind>archive</kind>
         <file>rtsv7M4_T_le_v4SPD16_eabi.lib</file>
         <name>s_copysign.obj</name>
      </input_file>
      <input_file id="fl-eb">
         <path>E:\ti\ccsv7\tools\compiler\ti-cgt-arm_16.9.0.LTS\lib\</path>
         <kind>archive</kind>
         <file>rtsv7M4_T_le_v4SPD16_eabi.lib</file>
         <name>setvbuf.obj</name>
      </input_file>
      <input_file id="fl-ec">
         <path>E:\ti\ccsv7\tools\compiler\ti-cgt-arm_16.9.0.LTS\lib\</path>
         <kind>archive</kind>
         <file>rtsv7M4_T_le_v4SPD16_eabi.lib</file>
         <name>strcpy.obj</name>
      </input_file>
      <input_file id="fl-ed">
         <path>E:\ti\ccsv7\tools\compiler\ti-cgt-arm_16.9.0.LTS\lib\</path>
         <kind>archive</kind>
         <file>rtsv7M4_T_le_v4SPD16_eabi.lib</file>
         <name>fopen.obj</name>
      </input_file>
      <input_file id="fl-ee">
         <path>E:\ti\ccsv7\tools\compiler\ti-cgt-arm_16.9.0.LTS\lib\</path>
         <kind>archive</kind>
         <file>rtsv7M4_T_le_v4SPD16_eabi.lib</file>
         <name>memory.obj</name>
      </input_file>
      <input_file id="fl-ef">
         <path>E:\ti\ccsv7\tools\compiler\ti-cgt-arm_16.9.0.LTS\lib\</path>
         <kind>archive</kind>
         <file>rtsv7M4_T_le_v4SPD16_eabi.lib</file>
         <name>fclose.obj</name>
      </input_file>
      <input_file id="fl-f0">
         <path>E:\ti\ccsv7\tools\compiler\ti-cgt-arm_16.9.0.LTS\lib\</path>
         <kind>archive</kind>
         <file>rtsv7M4_T_le_v4SPD16_eabi.lib</file>
         <name>remove.obj</name>
      </input_file>
   </input_file_list>
   <object_component_list>
      <object_component id="oc-f">
         <name>.intvecs</name>
         <load_address>0x0</load_address>
         <run_address>0x0</run_address>
         <size>0x208</size>
         <input_file_ref idref="fl-3"/>
      </object_component>
      <object_component id="oc-112">
         <name>.text</name>
         <load_address>0x208</load_address>
         <run_address>0x208</run_address>
         <size>0x113a</size>
         <input_file_ref idref="fl-c9"/>
      </object_component>
      <object_component id="oc-5a">
         <name>.text</name>
         <load_address>0x1342</load_address>
         <run_address>0x1342</run_address>
         <size>0x2</size>
         <input_file_ref idref="fl-c4"/>
      </object_component>
      <object_component id="oc-214">
         <name>.text</name>
         <load_address>0x1344</load_address>
         <run_address>0x1344</run_address>
         <size>0x3d0</size>
         <input_file_ref idref="fl-ee"/>
      </object_component>
      <object_component id="oc-231">
         <name>.text</name>
         <load_address>0x1714</load_address>
         <run_address>0x1714</run_address>
         <size>0x324</size>
         <input_file_ref idref="fl-e3"/>
      </object_component>
      <object_component id="oc-131">
         <name>.text</name>
         <load_address>0x1a38</load_address>
         <run_address>0x1a38</run_address>
         <size>0x30c</size>
         <input_file_ref idref="fl-d8"/>
      </object_component>
      <object_component id="oc-147">
         <name>.text</name>
         <load_address>0x1d44</load_address>
         <run_address>0x1d44</run_address>
         <size>0x1f4</size>
         <input_file_ref idref="fl-e5"/>
      </object_component>
      <object_component id="oc-21a">
         <name>.text</name>
         <load_address>0x1f38</load_address>
         <run_address>0x1f38</run_address>
         <size>0x1c4</size>
         <input_file_ref idref="fl-ed"/>
      </object_component>
      <object_component id="oc-170">
         <name>.text</name>
         <load_address>0x20fc</load_address>
         <run_address>0x20fc</run_address>
         <size>0x1b6</size>
         <input_file_ref idref="fl-d0"/>
      </object_component>
      <object_component id="oc-156">
         <name>.text</name>
         <load_address>0x22b2</load_address>
         <run_address>0x22b2</run_address>
         <size>0x136</size>
         <input_file_ref idref="fl-d2"/>
      </object_component>
      <object_component id="oc-10c">
         <name>.text</name>
         <load_address>0x23e8</load_address>
         <run_address>0x23e8</run_address>
         <size>0x134</size>
         <input_file_ref idref="fl-d6"/>
      </object_component>
      <object_component id="oc-151">
         <name>.text</name>
         <load_address>0x251c</load_address>
         <run_address>0x251c</run_address>
         <size>0xfc</size>
         <input_file_ref idref="fl-d3"/>
      </object_component>
      <object_component id="oc-17b">
         <name>.text</name>
         <load_address>0x2618</load_address>
         <run_address>0x2618</run_address>
         <size>0xfc</size>
         <input_file_ref idref="fl-dd"/>
      </object_component>
      <object_component id="oc-1b6">
         <name>.text</name>
         <load_address>0x2714</load_address>
         <run_address>0x2714</run_address>
         <size>0xdc</size>
         <input_file_ref idref="fl-eb"/>
      </object_component>
      <object_component id="oc-12b">
         <name>.text</name>
         <load_address>0x27f0</load_address>
         <run_address>0x27f0</run_address>
         <size>0xc8</size>
         <input_file_ref idref="fl-e8"/>
      </object_component>
      <object_component id="oc-125">
         <name>.text</name>
         <load_address>0x28b8</load_address>
         <run_address>0x28b8</run_address>
         <size>0xac</size>
         <input_file_ref idref="fl-e6"/>
      </object_component>
      <object_component id="oc-42">
         <name>.text</name>
         <load_address>0x2964</load_address>
         <run_address>0x2964</run_address>
         <size>0x9c</size>
         <input_file_ref idref="fl-c2"/>
      </object_component>
      <object_component id="oc-25c">
         <name>.text</name>
         <load_address>0x2a00</load_address>
         <run_address>0x2a00</run_address>
         <size>0x98</size>
         <input_file_ref idref="fl-ef"/>
      </object_component>
      <object_component id="oc-106">
         <name>.text</name>
         <load_address>0x2a98</load_address>
         <run_address>0x2a98</run_address>
         <size>0x98</size>
         <input_file_ref idref="fl-d5"/>
      </object_component>
      <object_component id="oc-14c">
         <name>.text:__aeabi_cdcmple</name>
         <load_address>0x2b30</load_address>
         <run_address>0x2b30</run_address>
         <size>0x86</size>
         <input_file_ref idref="fl-d1"/>
      </object_component>
      <object_component id="oc-15b">
         <name>.text:__aeabi_cdrcmple</name>
         <load_address>0x2bb6</load_address>
         <run_address>0x2bb6</run_address>
         <size>0x86</size>
         <input_file_ref idref="fl-d1"/>
      </object_component>
      <object_component id="oc-4e">
         <name>.text</name>
         <load_address>0x2c3c</load_address>
         <run_address>0x2c3c</run_address>
         <size>0x7a</size>
         <input_file_ref idref="fl-c3"/>
      </object_component>
      <object_component id="oc-a6">
         <name>.text</name>
         <load_address>0x2cb6</load_address>
         <run_address>0x2cb6</run_address>
         <size>0x2</size>
         <input_file_ref idref="fl-de"/>
      </object_component>
      <object_component id="oc-66">
         <name>.text</name>
         <load_address>0x2cb8</load_address>
         <run_address>0x2cb8</run_address>
         <size>0x70</size>
         <input_file_ref idref="fl-cc"/>
      </object_component>
      <object_component id="oc-de">
         <name>.text</name>
         <load_address>0x2d28</load_address>
         <run_address>0x2d28</run_address>
         <size>0x70</size>
         <input_file_ref idref="fl-c6"/>
      </object_component>
      <object_component id="oc-12">
         <name>.text:decompress:lzss</name>
         <load_address>0x2d98</load_address>
         <run_address>0x2d98</run_address>
         <size>0x68</size>
         <input_file_ref idref="fl-be"/>
      </object_component>
      <object_component id="oc-26b">
         <name>.text</name>
         <load_address>0x2e00</load_address>
         <run_address>0x2e00</run_address>
         <size>0x68</size>
         <input_file_ref idref="fl-e4"/>
      </object_component>
      <object_component id="oc-1b0">
         <name>.text</name>
         <load_address>0x2e68</load_address>
         <run_address>0x2e68</run_address>
         <size>0x64</size>
         <input_file_ref idref="fl-e9"/>
      </object_component>
      <object_component id="oc-175">
         <name>.text</name>
         <load_address>0x2ecc</load_address>
         <run_address>0x2ecc</run_address>
         <size>0x64</size>
         <input_file_ref idref="fl-dc"/>
      </object_component>
      <object_component id="oc-165">
         <name>.text</name>
         <load_address>0x2f30</load_address>
         <run_address>0x2f30</run_address>
         <size>0x56</size>
         <input_file_ref idref="fl-d9"/>
      </object_component>
      <object_component id="oc-24">
         <name>.text</name>
         <load_address>0x2f88</load_address>
         <run_address>0x2f88</run_address>
         <size>0x54</size>
         <input_file_ref idref="fl-bd"/>
      </object_component>
      <object_component id="oc-72">
         <name>.text</name>
         <load_address>0x2fdc</load_address>
         <run_address>0x2fdc</run_address>
         <size>0x54</size>
         <input_file_ref idref="fl-c1"/>
      </object_component>
      <object_component id="oc-187">
         <name>.text</name>
         <load_address>0x3030</load_address>
         <run_address>0x3030</run_address>
         <size>0x4c</size>
         <input_file_ref idref="fl-cb"/>
      </object_component>
      <object_component id="oc-a0">
         <name>.text</name>
         <load_address>0x307c</load_address>
         <run_address>0x307c</run_address>
         <size>0x4c</size>
         <input_file_ref idref="fl-cd"/>
      </object_component>
      <object_component id="oc-160">
         <name>.text</name>
         <load_address>0x30c8</load_address>
         <run_address>0x30c8</run_address>
         <size>0x48</size>
         <input_file_ref idref="fl-d4"/>
      </object_component>
      <object_component id="oc-1c9">
         <name>.text</name>
         <load_address>0x3110</load_address>
         <run_address>0x3110</run_address>
         <size>0x36</size>
         <input_file_ref idref="fl-e2"/>
      </object_component>
      <object_component id="oc-16b">
         <name>.text</name>
         <load_address>0x3146</load_address>
         <run_address>0x3146</run_address>
         <size>0x2e</size>
         <input_file_ref idref="fl-d7"/>
      </object_component>
      <object_component id="oc-ae">
         <name>.text</name>
         <load_address>0x3174</load_address>
         <run_address>0x3174</run_address>
         <size>0x28</size>
         <input_file_ref idref="fl-2"/>
      </object_component>
      <object_component id="oc-13f">
         <name>.text</name>
         <load_address>0x319c</load_address>
         <run_address>0x319c</run_address>
         <size>0x20</size>
         <input_file_ref idref="fl-db"/>
      </object_component>
      <object_component id="oc-18d">
         <name>.text</name>
         <load_address>0x31bc</load_address>
         <run_address>0x31bc</run_address>
         <size>0x1c</size>
         <input_file_ref idref="fl-da"/>
      </object_component>
      <object_component id="oc-6c">
         <name>.text</name>
         <load_address>0x31d8</load_address>
         <run_address>0x31d8</run_address>
         <size>0x18</size>
         <input_file_ref idref="fl-ca"/>
      </object_component>
      <object_component id="oc-1c3">
         <name>.text</name>
         <load_address>0x31f0</load_address>
         <run_address>0x31f0</run_address>
         <size>0x18</size>
         <input_file_ref idref="fl-e0"/>
      </object_component>
      <object_component id="oc-181">
         <name>.text</name>
         <load_address>0x3208</load_address>
         <run_address>0x3208</run_address>
         <size>0x16</size>
         <input_file_ref idref="fl-df"/>
      </object_component>
      <object_component id="oc-ee">
         <name>.text</name>
         <load_address>0x3220</load_address>
         <run_address>0x3220</run_address>
         <size>0x14</size>
         <input_file_ref idref="fl-c8"/>
      </object_component>
      <object_component id="oc-1f3">
         <name>.text</name>
         <load_address>0x3234</load_address>
         <run_address>0x3234</run_address>
         <size>0x14</size>
         <input_file_ref idref="fl-ea"/>
      </object_component>
      <object_component id="oc-271">
         <name>.text</name>
         <load_address>0x3248</load_address>
         <run_address>0x3248</run_address>
         <size>0x14</size>
         <input_file_ref idref="fl-ec"/>
      </object_component>
      <object_component id="oc-139">
         <name>.text</name>
         <load_address>0x325c</load_address>
         <run_address>0x325c</run_address>
         <size>0x14</size>
         <input_file_ref idref="fl-e1"/>
      </object_component>
      <object_component id="oc-18">
         <name>.text:decompress:none</name>
         <load_address>0x3270</load_address>
         <run_address>0x3270</run_address>
         <size>0xe</size>
         <input_file_ref idref="fl-bf"/>
      </object_component>
      <object_component id="oc-1e">
         <name>.text:decompress:ZI</name>
         <load_address>0x327e</load_address>
         <run_address>0x327e</run_address>
         <size>0xc</size>
         <input_file_ref idref="fl-c0"/>
      </object_component>
      <object_component id="oc-2e">
         <name>.text</name>
         <load_address>0x328a</load_address>
         <run_address>0x328a</run_address>
         <size>0xc</size>
         <input_file_ref idref="fl-3"/>
      </object_component>
      <object_component id="oc-60">
         <name>.text</name>
         <load_address>0x3296</load_address>
         <run_address>0x3296</run_address>
         <size>0x4</size>
         <input_file_ref idref="fl-c5"/>
      </object_component>
      <object_component id="oc-200">
         <name>.const:.string:_ctypes_</name>
         <load_address>0x329a</load_address>
         <run_address>0x329a</run_address>
         <size>0x101</size>
         <input_file_ref idref="fl-ce"/>
      </object_component>
      <object_component id="oc-2be">
         <name>.cinit..data.load</name>
         <load_address>0x33a0</load_address>
         <run_address>0x33a0</run_address>
         <size>0x6d</size>
      </object_component>
      <object_component id="oc-2bc">
         <name>__TI_handler_table</name>
         <load_address>0x3410</load_address>
         <run_address>0x3410</run_address>
         <size>0xc</size>
      </object_component>
      <object_component id="oc-2bf">
         <name>.cinit..bss.load</name>
         <load_address>0x3420</load_address>
         <run_address>0x3420</run_address>
         <size>0x8</size>
      </object_component>
      <object_component id="oc-2bd">
         <name>__TI_cinit_table</name>
         <load_address>0x3428</load_address>
         <run_address>0x3428</run_address>
         <size>0x10</size>
      </object_component>
      <object_component id="oc-b6">
         <name>.data:$O1$$</name>
         <load_address>0x200007d0</load_address>
         <run_address>0x200007d0</run_address>
         <size>0xc</size>
         <input_file_ref idref="fl-c1"/>
      </object_component>
      <object_component id="oc-78">
         <name>.data</name>
         <load_address>0x200007f8</load_address>
         <run_address>0x200007f8</run_address>
         <size>0x4</size>
         <input_file_ref idref="fl-c7"/>
      </object_component>
      <object_component id="oc-b9">
         <name>.data:$O1$$</name>
         <load_address>0x200007e8</load_address>
         <run_address>0x200007e8</run_address>
         <size>0x8</size>
         <input_file_ref idref="fl-c8"/>
      </object_component>
      <object_component id="oc-118">
         <name>.data:_ftable</name>
         <load_address>0x20000600</load_address>
         <run_address>0x20000600</run_address>
         <size>0xf0</size>
         <input_file_ref idref="fl-cf"/>
      </object_component>
      <object_component id="oc-1be">
         <name>.data</name>
         <load_address>0x200007c0</load_address>
         <run_address>0x200007c0</run_address>
         <size>0x10</size>
         <input_file_ref idref="fl-cf"/>
      </object_component>
      <object_component id="oc-1cf">
         <name>.data:$O1$$</name>
         <load_address>0x200006f0</load_address>
         <run_address>0x200006f0</run_address>
         <size>0xd0</size>
         <input_file_ref idref="fl-d8"/>
      </object_component>
      <object_component id="oc-1f9">
         <name>.data</name>
         <load_address>0x200007f0</load_address>
         <run_address>0x200007f0</run_address>
         <size>0x4</size>
         <input_file_ref idref="fl-e7"/>
      </object_component>
      <object_component id="oc-262">
         <name>.data</name>
         <load_address>0x200007f4</load_address>
         <run_address>0x200007f4</run_address>
         <size>0x4</size>
         <input_file_ref idref="fl-ed"/>
      </object_component>
      <object_component id="oc-258">
         <name>.data:$O1$$</name>
         <load_address>0x200007dc</load_address>
         <run_address>0x200007dc</run_address>
         <size>0xc</size>
         <input_file_ref idref="fl-ee"/>
      </object_component>
      <object_component id="oc-277">
         <name>.bss:parmbuf</name>
         <uninitialized>true</uninitialized>
         <run_address>0x200009bc</run_address>
         <size>0x8</size>
         <input_file_ref idref="fl-e3"/>
      </object_component>
      <object_component id="oc-28a">
         <name>.bss:_CIOBUF_</name>
         <uninitialized>true</uninitialized>
         <run_address>0x200007fc</run_address>
         <size>0x120</size>
         <input_file_ref idref="fl-e4"/>
      </object_component>
      <object_component id="oc-285">
         <name>.common:__TI_tmpnams</name>
         <uninitialized>true</uninitialized>
         <run_address>0x2000091c</run_address>
         <size>0xa0</size>
      </object_component>
      <object_component id="oc-2b">
         <name>.sysmem</name>
         <uninitialized>true</uninitialized>
         <run_address>0x20000000</run_address>
         <size>0x8</size>
         <input_file_ref idref="fl-ee"/>
      </object_component>
      <object_component id="oc-2c1">
         <name>.sysmem</name>
         <uninitialized>true</uninitialized>
         <run_address>0x20000000</run_address>
         <size>0x0</size>
      </object_component>
      <object_component id="oc-2a">
         <name>.stack</name>
         <uninitialized>true</uninitialized>
         <run_address>0x20000400</run_address>
         <size>0x0</size>
         <input_file_ref idref="fl-bd"/>
      </object_component>
      <object_component id="oc-2c0">
         <name>.stack</name>
         <uninitialized>true</uninitialized>
         <run_address>0x20000400</run_address>
         <size>0x0</size>
      </object_component>
      <object_component id="oc-1af">
         <name>.debug_info</name>
         <load_address>0x0</load_address>
         <run_address>0x0</run_address>
         <size>0x104</size>
         <input_file_ref idref="fl-2"/>
      </object_component>
      <object_component id="oc-af">
         <name>.debug_info</name>
         <load_address>0x104</load_address>
         <run_address>0x104</run_address>
         <size>0x142</size>
         <input_file_ref idref="fl-2"/>
      </object_component>
      <object_component id="oc-3d">
         <name>.debug_info</name>
         <load_address>0x246</load_address>
         <run_address>0x246</run_address>
         <size>0x84</size>
         <input_file_ref idref="fl-2"/>
      </object_component>
      <object_component id="oc-11d">
         <name>.debug_info</name>
         <load_address>0x2ca</load_address>
         <run_address>0x2ca</run_address>
         <size>0x4e</size>
         <input_file_ref idref="fl-2"/>
      </object_component>
      <object_component id="oc-36">
         <name>.debug_info</name>
         <load_address>0x318</load_address>
         <run_address>0x318</run_address>
         <size>0x11d</size>
         <input_file_ref idref="fl-3"/>
      </object_component>
      <object_component id="oc-10">
         <name>.debug_info</name>
         <load_address>0x435</load_address>
         <run_address>0x435</run_address>
         <size>0x108</size>
         <input_file_ref idref="fl-3"/>
      </object_component>
      <object_component id="oc-2f">
         <name>.debug_info</name>
         <load_address>0x53d</load_address>
         <run_address>0x53d</run_address>
         <size>0x287</size>
         <input_file_ref idref="fl-3"/>
      </object_component>
      <object_component id="oc-83">
         <name>.debug_info</name>
         <load_address>0x7c4</load_address>
         <run_address>0x7c4</run_address>
         <size>0x18b</size>
         <input_file_ref idref="fl-3"/>
      </object_component>
      <object_component id="oc-26">
         <name>.debug_info</name>
         <load_address>0x94f</load_address>
         <run_address>0x94f</run_address>
         <size>0x160</size>
         <input_file_ref idref="fl-bd"/>
      </object_component>
      <object_component id="oc-8d">
         <name>.debug_info</name>
         <load_address>0xaaf</load_address>
         <run_address>0xaaf</run_address>
         <size>0xf9</size>
         <input_file_ref idref="fl-be"/>
      </object_component>
      <object_component id="oc-13">
         <name>.debug_info</name>
         <load_address>0xba8</load_address>
         <run_address>0xba8</run_address>
         <size>0x245</size>
         <input_file_ref idref="fl-be"/>
      </object_component>
      <object_component id="oc-38">
         <name>.debug_info</name>
         <load_address>0xded</load_address>
         <run_address>0xded</run_address>
         <size>0x60</size>
         <input_file_ref idref="fl-be"/>
      </object_component>
      <object_component id="oc-88">
         <name>.debug_info</name>
         <load_address>0xe4d</load_address>
         <run_address>0xe4d</run_address>
         <size>0x46</size>
         <input_file_ref idref="fl-be"/>
      </object_component>
      <object_component id="oc-4d">
         <name>.debug_info</name>
         <load_address>0xe93</load_address>
         <run_address>0xe93</run_address>
         <size>0x140</size>
         <input_file_ref idref="fl-bf"/>
      </object_component>
      <object_component id="oc-19">
         <name>.debug_info</name>
         <load_address>0xfd3</load_address>
         <run_address>0xfd3</run_address>
         <size>0x1df</size>
         <input_file_ref idref="fl-bf"/>
      </object_component>
      <object_component id="oc-48">
         <name>.debug_info</name>
         <load_address>0x11b2</load_address>
         <run_address>0x11b2</run_address>
         <size>0x46</size>
         <input_file_ref idref="fl-bf"/>
      </object_component>
      <object_component id="oc-8f">
         <name>.debug_info</name>
         <load_address>0x11f8</load_address>
         <run_address>0x11f8</run_address>
         <size>0x2c</size>
         <input_file_ref idref="fl-bf"/>
      </object_component>
      <object_component id="oc-59">
         <name>.debug_info</name>
         <load_address>0x1224</load_address>
         <run_address>0x1224</run_address>
         <size>0x12f</size>
         <input_file_ref idref="fl-c0"/>
      </object_component>
      <object_component id="oc-20">
         <name>.debug_info</name>
         <load_address>0x1353</load_address>
         <run_address>0x1353</run_address>
         <size>0x1aa</size>
         <input_file_ref idref="fl-c0"/>
      </object_component>
      <object_component id="oc-54">
         <name>.debug_info</name>
         <load_address>0x14fd</load_address>
         <run_address>0x14fd</run_address>
         <size>0x46</size>
         <input_file_ref idref="fl-c0"/>
      </object_component>
      <object_component id="oc-97">
         <name>.debug_info</name>
         <load_address>0x1543</load_address>
         <run_address>0x1543</run_address>
         <size>0x2c</size>
         <input_file_ref idref="fl-c0"/>
      </object_component>
      <object_component id="oc-bd">
         <name>.debug_info</name>
         <load_address>0x156f</load_address>
         <run_address>0x156f</run_address>
         <size>0x234</size>
         <input_file_ref idref="fl-c1"/>
      </object_component>
      <object_component id="oc-b7">
         <name>.debug_info</name>
         <load_address>0x17a3</load_address>
         <run_address>0x17a3</run_address>
         <size>0x185</size>
         <input_file_ref idref="fl-c1"/>
      </object_component>
      <object_component id="oc-73">
         <name>.debug_info</name>
         <load_address>0x1928</load_address>
         <run_address>0x1928</run_address>
         <size>0x214</size>
         <input_file_ref idref="fl-c1"/>
      </object_component>
      <object_component id="oc-43">
         <name>.debug_info</name>
         <load_address>0x1b3c</load_address>
         <run_address>0x1b3c</run_address>
         <size>0x111</size>
         <input_file_ref idref="fl-c2"/>
      </object_component>
      <object_component id="oc-4f">
         <name>.debug_info</name>
         <load_address>0x1c4d</load_address>
         <run_address>0x1c4d</run_address>
         <size>0x13f</size>
         <input_file_ref idref="fl-c3"/>
      </object_component>
      <object_component id="oc-5b">
         <name>.debug_info</name>
         <load_address>0x1d8c</load_address>
         <run_address>0x1d8c</run_address>
         <size>0x138</size>
         <input_file_ref idref="fl-c4"/>
      </object_component>
      <object_component id="oc-61">
         <name>.debug_info</name>
         <load_address>0x1ec4</load_address>
         <run_address>0x1ec4</run_address>
         <size>0x148</size>
         <input_file_ref idref="fl-c5"/>
      </object_component>
      <object_component id="oc-11c">
         <name>.debug_info</name>
         <load_address>0x200c</load_address>
         <run_address>0x200c</run_address>
         <size>0x22c</size>
         <input_file_ref idref="fl-c6"/>
      </object_component>
      <object_component id="oc-df">
         <name>.debug_info</name>
         <load_address>0x2238</load_address>
         <run_address>0x2238</run_address>
         <size>0x284</size>
         <input_file_ref idref="fl-c6"/>
      </object_component>
      <object_component id="oc-1aa">
         <name>.debug_info</name>
         <load_address>0x24bc</load_address>
         <run_address>0x24bc</run_address>
         <size>0xae</size>
         <input_file_ref idref="fl-c6"/>
      </object_component>
      <object_component id="oc-79">
         <name>.debug_info</name>
         <load_address>0x256a</load_address>
         <run_address>0x256a</run_address>
         <size>0x109</size>
         <input_file_ref idref="fl-c7"/>
      </object_component>
      <object_component id="oc-f6">
         <name>.debug_info</name>
         <load_address>0x2673</load_address>
         <run_address>0x2673</run_address>
         <size>0x124</size>
         <input_file_ref idref="fl-c8"/>
      </object_component>
      <object_component id="oc-ba">
         <name>.debug_info</name>
         <load_address>0x2797</load_address>
         <run_address>0x2797</run_address>
         <size>0x113</size>
         <input_file_ref idref="fl-c8"/>
      </object_component>
      <object_component id="oc-f0">
         <name>.debug_info</name>
         <load_address>0x28aa</load_address>
         <run_address>0x28aa</run_address>
         <size>0x21f</size>
         <input_file_ref idref="fl-c8"/>
      </object_component>
      <object_component id="oc-194">
         <name>.debug_info</name>
         <load_address>0x2ac9</load_address>
         <run_address>0x2ac9</run_address>
         <size>0x385</size>
         <input_file_ref idref="fl-c9"/>
      </object_component>
      <object_component id="oc-113">
         <name>.debug_info</name>
         <load_address>0x2e4e</load_address>
         <run_address>0x2e4e</run_address>
         <size>0x1543</size>
         <input_file_ref idref="fl-c9"/>
      </object_component>
      <object_component id="oc-195">
         <name>.debug_info</name>
         <load_address>0x4391</load_address>
         <run_address>0x4391</run_address>
         <size>0x86</size>
         <input_file_ref idref="fl-c9"/>
      </object_component>
      <object_component id="oc-19f">
         <name>.debug_info</name>
         <load_address>0x4417</load_address>
         <run_address>0x4417</run_address>
         <size>0x2c</size>
         <input_file_ref idref="fl-c9"/>
      </object_component>
      <object_component id="oc-209">
         <name>.debug_info</name>
         <load_address>0x4443</load_address>
         <run_address>0x4443</run_address>
         <size>0x46</size>
         <input_file_ref idref="fl-c9"/>
      </object_component>
      <object_component id="oc-19a">
         <name>.debug_info</name>
         <load_address>0x4489</load_address>
         <run_address>0x4489</run_address>
         <size>0x39</size>
         <input_file_ref idref="fl-c9"/>
      </object_component>
      <object_component id="oc-b5">
         <name>.debug_info</name>
         <load_address>0x44c2</load_address>
         <run_address>0x44c2</run_address>
         <size>0x166</size>
         <input_file_ref idref="fl-ca"/>
      </object_component>
      <object_component id="oc-6e">
         <name>.debug_info</name>
         <load_address>0x4628</load_address>
         <run_address>0x4628</run_address>
         <size>0x167</size>
         <input_file_ref idref="fl-ca"/>
      </object_component>
      <object_component id="oc-e7">
         <name>.debug_info</name>
         <load_address>0x478f</load_address>
         <run_address>0x478f</run_address>
         <size>0x5e</size>
         <input_file_ref idref="fl-ca"/>
      </object_component>
      <object_component id="oc-204">
         <name>.debug_info</name>
         <load_address>0x47ed</load_address>
         <run_address>0x47ed</run_address>
         <size>0x114</size>
         <input_file_ref idref="fl-cb"/>
      </object_component>
      <object_component id="oc-188">
         <name>.debug_info</name>
         <load_address>0x4901</load_address>
         <run_address>0x4901</run_address>
         <size>0x171</size>
         <input_file_ref idref="fl-cb"/>
      </object_component>
      <object_component id="oc-ad">
         <name>.debug_info</name>
         <load_address>0x4a72</load_address>
         <run_address>0x4a72</run_address>
         <size>0x2e9</size>
         <input_file_ref idref="fl-cc"/>
      </object_component>
      <object_component id="oc-68">
         <name>.debug_info</name>
         <load_address>0x4d5b</load_address>
         <run_address>0x4d5b</run_address>
         <size>0x190</size>
         <input_file_ref idref="fl-cc"/>
      </object_component>
      <object_component id="oc-d4">
         <name>.debug_info</name>
         <load_address>0x4eeb</load_address>
         <run_address>0x4eeb</run_address>
         <size>0x39</size>
         <input_file_ref idref="fl-cc"/>
      </object_component>
      <object_component id="oc-101">
         <name>.debug_info</name>
         <load_address>0x4f24</load_address>
         <run_address>0x4f24</run_address>
         <size>0x39</size>
         <input_file_ref idref="fl-cc"/>
      </object_component>
      <object_component id="oc-d9">
         <name>.debug_info</name>
         <load_address>0x4f5d</load_address>
         <run_address>0x4f5d</run_address>
         <size>0xcd</size>
         <input_file_ref idref="fl-cc"/>
      </object_component>
      <object_component id="oc-d0">
         <name>.debug_info</name>
         <load_address>0x502a</load_address>
         <run_address>0x502a</run_address>
         <size>0x1e0</size>
         <input_file_ref idref="fl-cd"/>
      </object_component>
      <object_component id="oc-a1">
         <name>.debug_info</name>
         <load_address>0x520a</load_address>
         <run_address>0x520a</run_address>
         <size>0x183</size>
         <input_file_ref idref="fl-cd"/>
      </object_component>
      <object_component id="oc-fc">
         <name>.debug_info</name>
         <load_address>0x538d</load_address>
         <run_address>0x538d</run_address>
         <size>0x2c</size>
         <input_file_ref idref="fl-cd"/>
      </object_component>
      <object_component id="oc-251">
         <name>.debug_info</name>
         <load_address>0x53b9</load_address>
         <run_address>0x53b9</run_address>
         <size>0xee</size>
         <input_file_ref idref="fl-ce"/>
      </object_component>
      <object_component id="oc-201">
         <name>.debug_info</name>
         <load_address>0x54a7</load_address>
         <run_address>0x54a7</run_address>
         <size>0xfa</size>
         <input_file_ref idref="fl-ce"/>
      </object_component>
      <object_component id="oc-1a6">
         <name>.debug_info</name>
         <load_address>0x55a1</load_address>
         <run_address>0x55a1</run_address>
         <size>0x139</size>
         <input_file_ref idref="fl-cf"/>
      </object_component>
      <object_component id="oc-119">
         <name>.debug_info</name>
         <load_address>0x56da</load_address>
         <run_address>0x56da</run_address>
         <size>0xf7</size>
         <input_file_ref idref="fl-cf"/>
      </object_component>
      <object_component id="oc-1bf">
         <name>.debug_info</name>
         <load_address>0x57d1</load_address>
         <run_address>0x57d1</run_address>
         <size>0x184</size>
         <input_file_ref idref="fl-cf"/>
      </object_component>
      <object_component id="oc-173">
         <name>.debug_info</name>
         <load_address>0x5955</load_address>
         <run_address>0x5955</run_address>
         <size>0x144</size>
         <input_file_ref idref="fl-d0"/>
      </object_component>
      <object_component id="oc-14d">
         <name>.debug_info</name>
         <load_address>0x5a99</load_address>
         <run_address>0x5a99</run_address>
         <size>0x120</size>
         <input_file_ref idref="fl-d1"/>
      </object_component>
      <object_component id="oc-15c">
         <name>.debug_info</name>
         <load_address>0x5bb9</load_address>
         <run_address>0x5bb9</run_address>
         <size>0x122</size>
         <input_file_ref idref="fl-d1"/>
      </object_component>
      <object_component id="oc-157">
         <name>.debug_info</name>
         <load_address>0x5cdb</load_address>
         <run_address>0x5cdb</run_address>
         <size>0x132</size>
         <input_file_ref idref="fl-d2"/>
      </object_component>
      <object_component id="oc-152">
         <name>.debug_info</name>
         <load_address>0x5e0d</load_address>
         <run_address>0x5e0d</run_address>
         <size>0x132</size>
         <input_file_ref idref="fl-d3"/>
      </object_component>
      <object_component id="oc-161">
         <name>.debug_info</name>
         <load_address>0x5f3f</load_address>
         <run_address>0x5f3f</run_address>
         <size>0x126</size>
         <input_file_ref idref="fl-d4"/>
      </object_component>
      <object_component id="oc-138">
         <name>.debug_info</name>
         <load_address>0x6065</load_address>
         <run_address>0x6065</run_address>
         <size>0x1de</size>
         <input_file_ref idref="fl-d5"/>
      </object_component>
      <object_component id="oc-107">
         <name>.debug_info</name>
         <load_address>0x6243</load_address>
         <run_address>0x6243</run_address>
         <size>0x23f</size>
         <input_file_ref idref="fl-d5"/>
      </object_component>
      <object_component id="oc-146">
         <name>.debug_info</name>
         <load_address>0x6482</load_address>
         <run_address>0x6482</run_address>
         <size>0x2a2</size>
         <input_file_ref idref="fl-d6"/>
      </object_component>
      <object_component id="oc-10e">
         <name>.debug_info</name>
         <load_address>0x6724</load_address>
         <run_address>0x6724</run_address>
         <size>0x359</size>
         <input_file_ref idref="fl-d6"/>
      </object_component>
      <object_component id="oc-16d">
         <name>.debug_info</name>
         <load_address>0x6a7d</load_address>
         <run_address>0x6a7d</run_address>
         <size>0x124</size>
         <input_file_ref idref="fl-d7"/>
      </object_component>
      <object_component id="oc-1d3">
         <name>.debug_info</name>
         <load_address>0x6ba1</load_address>
         <run_address>0x6ba1</run_address>
         <size>0x4a0</size>
         <input_file_ref idref="fl-d8"/>
      </object_component>
      <object_component id="oc-1d0">
         <name>.debug_info</name>
         <load_address>0x7041</load_address>
         <run_address>0x7041</run_address>
         <size>0x116</size>
         <input_file_ref idref="fl-d8"/>
      </object_component>
      <object_component id="oc-132">
         <name>.debug_info</name>
         <load_address>0x7157</load_address>
         <run_address>0x7157</run_address>
         <size>0xb0b</size>
         <input_file_ref idref="fl-d8"/>
      </object_component>
      <object_component id="oc-23b">
         <name>.debug_info</name>
         <load_address>0x7c62</load_address>
         <run_address>0x7c62</run_address>
         <size>0x120</size>
         <input_file_ref idref="fl-d8"/>
      </object_component>
      <object_component id="oc-1d5">
         <name>.debug_info</name>
         <load_address>0x7d82</load_address>
         <run_address>0x7d82</run_address>
         <size>0x2c</size>
         <input_file_ref idref="fl-d8"/>
      </object_component>
      <object_component id="oc-1e9">
         <name>.debug_info</name>
         <load_address>0x7dae</load_address>
         <run_address>0x7dae</run_address>
         <size>0x14c</size>
         <input_file_ref idref="fl-d9"/>
      </object_component>
      <object_component id="oc-166">
         <name>.debug_info</name>
         <load_address>0x7efa</load_address>
         <run_address>0x7efa</run_address>
         <size>0x1c2</size>
         <input_file_ref idref="fl-d9"/>
      </object_component>
      <object_component id="oc-206">
         <name>.debug_info</name>
         <load_address>0x80bc</load_address>
         <run_address>0x80bc</run_address>
         <size>0xf1</size>
         <input_file_ref idref="fl-da"/>
      </object_component>
      <object_component id="oc-190">
         <name>.debug_info</name>
         <load_address>0x81ad</load_address>
         <run_address>0x81ad</run_address>
         <size>0x1ab</size>
         <input_file_ref idref="fl-da"/>
      </object_component>
      <object_component id="oc-1df">
         <name>.debug_info</name>
         <load_address>0x8358</load_address>
         <run_address>0x8358</run_address>
         <size>0x100</size>
         <input_file_ref idref="fl-db"/>
      </object_component>
      <object_component id="oc-140">
         <name>.debug_info</name>
         <load_address>0x8458</load_address>
         <run_address>0x8458</run_address>
         <size>0x242</size>
         <input_file_ref idref="fl-db"/>
      </object_component>
      <object_component id="oc-1ed">
         <name>.debug_info</name>
         <load_address>0x869a</load_address>
         <run_address>0x869a</run_address>
         <size>0x13f</size>
         <input_file_ref idref="fl-dc"/>
      </object_component>
      <object_component id="oc-176">
         <name>.debug_info</name>
         <load_address>0x87d9</load_address>
         <run_address>0x87d9</run_address>
         <size>0x18a</size>
         <input_file_ref idref="fl-dc"/>
      </object_component>
      <object_component id="oc-1ee">
         <name>.debug_info</name>
         <load_address>0x8963</load_address>
         <run_address>0x8963</run_address>
         <size>0x2c</size>
         <input_file_ref idref="fl-dc"/>
      </object_component>
      <object_component id="oc-1fd">
         <name>.debug_info</name>
         <load_address>0x898f</load_address>
         <run_address>0x898f</run_address>
         <size>0x17c</size>
         <input_file_ref idref="fl-dd"/>
      </object_component>
      <object_component id="oc-17c">
         <name>.debug_info</name>
         <load_address>0x8b0b</load_address>
         <run_address>0x8b0b</run_address>
         <size>0x1d5</size>
         <input_file_ref idref="fl-dd"/>
      </object_component>
      <object_component id="oc-a7">
         <name>.debug_info</name>
         <load_address>0x8ce0</load_address>
         <run_address>0x8ce0</run_address>
         <size>0x145</size>
         <input_file_ref idref="fl-de"/>
      </object_component>
      <object_component id="oc-1ff">
         <name>.debug_info</name>
         <load_address>0x8e25</load_address>
         <run_address>0x8e25</run_address>
         <size>0xf5</size>
         <input_file_ref idref="fl-df"/>
      </object_component>
      <object_component id="oc-182">
         <name>.debug_info</name>
         <load_address>0x8f1a</load_address>
         <run_address>0x8f1a</run_address>
         <size>0x244</size>
         <input_file_ref idref="fl-df"/>
      </object_component>
      <object_component id="oc-22e">
         <name>.debug_info</name>
         <load_address>0x915e</load_address>
         <run_address>0x915e</run_address>
         <size>0xe5</size>
         <input_file_ref idref="fl-e0"/>
      </object_component>
      <object_component id="oc-1c4">
         <name>.debug_info</name>
         <load_address>0x9243</load_address>
         <run_address>0x9243</run_address>
         <size>0x258</size>
         <input_file_ref idref="fl-e0"/>
      </object_component>
      <object_component id="oc-1dd">
         <name>.debug_info</name>
         <load_address>0x949b</load_address>
         <run_address>0x949b</run_address>
         <size>0xea</size>
         <input_file_ref idref="fl-e1"/>
      </object_component>
      <object_component id="oc-13a">
         <name>.debug_info</name>
         <load_address>0x9585</load_address>
         <run_address>0x9585</run_address>
         <size>0x22a</size>
         <input_file_ref idref="fl-e1"/>
      </object_component>
      <object_component id="oc-230">
         <name>.debug_info</name>
         <load_address>0x97af</load_address>
         <run_address>0x97af</run_address>
         <size>0xf6</size>
         <input_file_ref idref="fl-e2"/>
      </object_component>
      <object_component id="oc-1cb">
         <name>.debug_info</name>
         <load_address>0x98a5</load_address>
         <run_address>0x98a5</run_address>
         <size>0x259</size>
         <input_file_ref idref="fl-e2"/>
      </object_component>
      <object_component id="oc-27b">
         <name>.debug_info</name>
         <load_address>0x9afe</load_address>
         <run_address>0x9afe</run_address>
         <size>0x24f</size>
         <input_file_ref idref="fl-e3"/>
      </object_component>
      <object_component id="oc-278">
         <name>.debug_info</name>
         <load_address>0x9d4d</load_address>
         <run_address>0x9d4d</run_address>
         <size>0xf8</size>
         <input_file_ref idref="fl-e3"/>
      </object_component>
      <object_component id="oc-232">
         <name>.debug_info</name>
         <load_address>0x9e45</load_address>
         <run_address>0x9e45</run_address>
         <size>0xab9</size>
         <input_file_ref idref="fl-e3"/>
      </object_component>
      <object_component id="oc-27c">
         <name>.debug_info</name>
         <load_address>0xa8fe</load_address>
         <run_address>0xa8fe</run_address>
         <size>0x53</size>
         <input_file_ref idref="fl-e3"/>
      </object_component>
      <object_component id="oc-28e">
         <name>.debug_info</name>
         <load_address>0xa951</load_address>
         <run_address>0xa951</run_address>
         <size>0x116</size>
         <input_file_ref idref="fl-e4"/>
      </object_component>
      <object_component id="oc-28b">
         <name>.debug_info</name>
         <load_address>0xaa67</load_address>
         <run_address>0xaa67</run_address>
         <size>0xfd</size>
         <input_file_ref idref="fl-e4"/>
      </object_component>
      <object_component id="oc-26c">
         <name>.debug_info</name>
         <load_address>0xab64</load_address>
         <run_address>0xab64</run_address>
         <size>0x281</size>
         <input_file_ref idref="fl-e4"/>
      </object_component>
      <object_component id="oc-149">
         <name>.debug_info</name>
         <load_address>0xade5</load_address>
         <run_address>0xade5</run_address>
         <size>0x17d</size>
         <input_file_ref idref="fl-e5"/>
      </object_component>
      <object_component id="oc-1bd">
         <name>.debug_info</name>
         <load_address>0xaf62</load_address>
         <run_address>0xaf62</run_address>
         <size>0x151</size>
         <input_file_ref idref="fl-e6"/>
      </object_component>
      <object_component id="oc-126">
         <name>.debug_info</name>
         <load_address>0xb0b3</load_address>
         <run_address>0xb0b3</run_address>
         <size>0x230</size>
         <input_file_ref idref="fl-e6"/>
      </object_component>
      <object_component id="oc-222">
         <name>.debug_info</name>
         <load_address>0xb2e3</load_address>
         <run_address>0xb2e3</run_address>
         <size>0xbb</size>
         <input_file_ref idref="fl-e6"/>
      </object_component>
      <object_component id="oc-1fa">
         <name>.debug_info</name>
         <load_address>0xb39e</load_address>
         <run_address>0xb39e</run_address>
         <size>0xf3</size>
         <input_file_ref idref="fl-e7"/>
      </object_component>
      <object_component id="oc-1c2">
         <name>.debug_info</name>
         <load_address>0xb491</load_address>
         <run_address>0xb491</run_address>
         <size>0x1a2</size>
         <input_file_ref idref="fl-e8"/>
      </object_component>
      <object_component id="oc-12c">
         <name>.debug_info</name>
         <load_address>0xb633</load_address>
         <run_address>0xb633</run_address>
         <size>0x25a</size>
         <input_file_ref idref="fl-e8"/>
      </object_component>
      <object_component id="oc-213">
         <name>.debug_info</name>
         <load_address>0xb88d</load_address>
         <run_address>0xb88d</run_address>
         <size>0x17f</size>
         <input_file_ref idref="fl-e9"/>
      </object_component>
      <object_component id="oc-1b2">
         <name>.debug_info</name>
         <load_address>0xba0c</load_address>
         <run_address>0xba0c</run_address>
         <size>0x1e1</size>
         <input_file_ref idref="fl-e9"/>
      </object_component>
      <object_component id="oc-1f6">
         <name>.debug_info</name>
         <load_address>0xbbed</load_address>
         <run_address>0xbbed</run_address>
         <size>0x156</size>
         <input_file_ref idref="fl-ea"/>
      </object_component>
      <object_component id="oc-221">
         <name>.debug_info</name>
         <load_address>0xbd43</load_address>
         <run_address>0xbd43</run_address>
         <size>0x1c0</size>
         <input_file_ref idref="fl-eb"/>
      </object_component>
      <object_component id="oc-1b7">
         <name>.debug_info</name>
         <load_address>0xbf03</load_address>
         <run_address>0xbf03</run_address>
         <size>0x200</size>
         <input_file_ref idref="fl-eb"/>
      </object_component>
      <object_component id="oc-290">
         <name>.debug_info</name>
         <load_address>0xc103</load_address>
         <run_address>0xc103</run_address>
         <size>0xf0</size>
         <input_file_ref idref="fl-ec"/>
      </object_component>
      <object_component id="oc-273">
         <name>.debug_info</name>
         <load_address>0xc1f3</load_address>
         <run_address>0xc1f3</run_address>
         <size>0x231</size>
         <input_file_ref idref="fl-ec"/>
      </object_component>
      <object_component id="oc-264">
         <name>.debug_info</name>
         <load_address>0xc424</load_address>
         <run_address>0xc424</run_address>
         <size>0x23c</size>
         <input_file_ref idref="fl-ed"/>
      </object_component>
      <object_component id="oc-21b">
         <name>.debug_info</name>
         <load_address>0xc660</load_address>
         <run_address>0xc660</run_address>
         <size>0x455</size>
         <input_file_ref idref="fl-ed"/>
      </object_component>
      <object_component id="oc-c3">
         <name>.debug_info</name>
         <load_address>0xcab5</load_address>
         <run_address>0xcab5</run_address>
         <size>0x2c</size>
         <input_file_ref idref="fl-ed"/>
      </object_component>
      <object_component id="oc-7e">
         <name>.debug_info</name>
         <load_address>0xcae1</load_address>
         <run_address>0xcae1</run_address>
         <size>0x222</size>
         <input_file_ref idref="fl-ee"/>
      </object_component>
      <object_component id="oc-2c">
         <name>.debug_info</name>
         <load_address>0xcd03</load_address>
         <run_address>0xcd03</run_address>
         <size>0x101</size>
         <input_file_ref idref="fl-ee"/>
      </object_component>
      <object_component id="oc-259">
         <name>.debug_info</name>
         <load_address>0xce04</load_address>
         <run_address>0xce04</run_address>
         <size>0x14c</size>
         <input_file_ref idref="fl-ee"/>
      </object_component>
      <object_component id="oc-215">
         <name>.debug_info</name>
         <load_address>0xcf50</load_address>
         <run_address>0xcf50</run_address>
         <size>0x885</size>
         <input_file_ref idref="fl-ee"/>
      </object_component>
      <object_component id="oc-c8">
         <name>.debug_info</name>
         <load_address>0xd7d5</load_address>
         <run_address>0xd7d5</run_address>
         <size>0x62</size>
         <input_file_ref idref="fl-ee"/>
      </object_component>
      <object_component id="oc-287">
         <name>.debug_info</name>
         <load_address>0xd837</load_address>
         <run_address>0xd837</run_address>
         <size>0x200</size>
         <input_file_ref idref="fl-ef"/>
      </object_component>
      <object_component id="oc-25f">
         <name>.debug_info</name>
         <load_address>0xda37</load_address>
         <run_address>0xda37</run_address>
         <size>0x298</size>
         <input_file_ref idref="fl-ef"/>
      </object_component>
      <object_component id="oc-2c2">
         <name>.debug_info</name>
         <load_address>0xdccf</load_address>
         <run_address>0xdccf</run_address>
         <size>0xbd</size>
      </object_component>
      <object_component id="oc-211">
         <name>.debug_line</name>
         <load_address>0x0</load_address>
         <run_address>0x0</run_address>
         <size>0x64</size>
         <input_file_ref idref="fl-2"/>
      </object_component>
      <object_component id="oc-b2">
         <name>.debug_line</name>
         <load_address>0x64</load_address>
         <run_address>0x64</run_address>
         <size>0x48</size>
         <input_file_ref idref="fl-2"/>
      </object_component>
      <object_component id="oc-40">
         <name>.debug_line</name>
         <load_address>0xac</load_address>
         <run_address>0xac</run_address>
         <size>0x20</size>
         <input_file_ref idref="fl-2"/>
      </object_component>
      <object_component id="oc-120">
         <name>.debug_line</name>
         <load_address>0xcc</load_address>
         <run_address>0xcc</run_address>
         <size>0x65</size>
         <input_file_ref idref="fl-2"/>
      </object_component>
      <object_component id="oc-82">
         <name>.debug_line</name>
         <load_address>0x131</load_address>
         <run_address>0x131</run_address>
         <size>0x42</size>
         <input_file_ref idref="fl-3"/>
      </object_component>
      <object_component id="oc-35">
         <name>.debug_line</name>
         <load_address>0x173</load_address>
         <run_address>0x173</run_address>
         <size>0x42</size>
         <input_file_ref idref="fl-3"/>
      </object_component>
      <object_component id="oc-32">
         <name>.debug_line</name>
         <load_address>0x1b5</load_address>
         <run_address>0x1b5</run_address>
         <size>0xa2</size>
         <input_file_ref idref="fl-3"/>
      </object_component>
      <object_component id="oc-86">
         <name>.debug_line</name>
         <load_address>0x257</load_address>
         <run_address>0x257</run_address>
         <size>0x65</size>
         <input_file_ref idref="fl-3"/>
      </object_component>
      <object_component id="oc-28">
         <name>.debug_line</name>
         <load_address>0x2bc</load_address>
         <run_address>0x2bc</run_address>
         <size>0x53</size>
         <input_file_ref idref="fl-bd"/>
      </object_component>
      <object_component id="oc-ce">
         <name>.debug_line</name>
         <load_address>0x30f</load_address>
         <run_address>0x30f</run_address>
         <size>0x20</size>
         <input_file_ref idref="fl-be"/>
      </object_component>
      <object_component id="oc-16">
         <name>.debug_line</name>
         <load_address>0x32f</load_address>
         <run_address>0x32f</run_address>
         <size>0xa9</size>
         <input_file_ref idref="fl-be"/>
      </object_component>
      <object_component id="oc-3b">
         <name>.debug_line</name>
         <load_address>0x3d8</load_address>
         <run_address>0x3d8</run_address>
         <size>0x3a</size>
         <input_file_ref idref="fl-be"/>
      </object_component>
      <object_component id="oc-8b">
         <name>.debug_line</name>
         <load_address>0x412</load_address>
         <run_address>0x412</run_address>
         <size>0x8a</size>
         <input_file_ref idref="fl-be"/>
      </object_component>
      <object_component id="oc-95">
         <name>.debug_line</name>
         <load_address>0x49c</load_address>
         <run_address>0x49c</run_address>
         <size>0x8a</size>
         <input_file_ref idref="fl-bf"/>
      </object_component>
      <object_component id="oc-1c">
         <name>.debug_line</name>
         <load_address>0x526</load_address>
         <run_address>0x526</run_address>
         <size>0x55</size>
         <input_file_ref idref="fl-bf"/>
      </object_component>
      <object_component id="oc-4b">
         <name>.debug_line</name>
         <load_address>0x57b</load_address>
         <run_address>0x57b</run_address>
         <size>0x3a</size>
         <input_file_ref idref="fl-bf"/>
      </object_component>
      <object_component id="oc-92">
         <name>.debug_line</name>
         <load_address>0x5b5</load_address>
         <run_address>0x5b5</run_address>
         <size>0x8a</size>
         <input_file_ref idref="fl-bf"/>
      </object_component>
      <object_component id="oc-9d">
         <name>.debug_line</name>
         <load_address>0x63f</load_address>
         <run_address>0x63f</run_address>
         <size>0x8a</size>
         <input_file_ref idref="fl-c0"/>
      </object_component>
      <object_component id="oc-22">
         <name>.debug_line</name>
         <load_address>0x6c9</load_address>
         <run_address>0x6c9</run_address>
         <size>0x4f</size>
         <input_file_ref idref="fl-c0"/>
      </object_component>
      <object_component id="oc-57">
         <name>.debug_line</name>
         <load_address>0x718</load_address>
         <run_address>0x718</run_address>
         <size>0x34</size>
         <input_file_ref idref="fl-c0"/>
      </object_component>
      <object_component id="oc-9a">
         <name>.debug_line</name>
         <load_address>0x74c</load_address>
         <run_address>0x74c</run_address>
         <size>0x8a</size>
         <input_file_ref idref="fl-c0"/>
      </object_component>
      <object_component id="oc-f9">
         <name>.debug_line</name>
         <load_address>0x7d6</load_address>
         <run_address>0x7d6</run_address>
         <size>0xf2</size>
         <input_file_ref idref="fl-c1"/>
      </object_component>
      <object_component id="oc-ed">
         <name>.debug_line</name>
         <load_address>0x8c8</load_address>
         <run_address>0x8c8</run_address>
         <size>0x2a</size>
         <input_file_ref idref="fl-c1"/>
      </object_component>
      <object_component id="oc-76">
         <name>.debug_line</name>
         <load_address>0x8f2</load_address>
         <run_address>0x8f2</run_address>
         <size>0x86</size>
         <input_file_ref idref="fl-c1"/>
      </object_component>
      <object_component id="oc-46">
         <name>.debug_line</name>
         <load_address>0x978</load_address>
         <run_address>0x978</run_address>
         <size>0x88</size>
         <input_file_ref idref="fl-c2"/>
      </object_component>
      <object_component id="oc-52">
         <name>.debug_line</name>
         <load_address>0xa00</load_address>
         <run_address>0xa00</run_address>
         <size>0x79</size>
         <input_file_ref idref="fl-c3"/>
      </object_component>
      <object_component id="oc-5e">
         <name>.debug_line</name>
         <load_address>0xa79</load_address>
         <run_address>0xa79</run_address>
         <size>0x3d</size>
         <input_file_ref idref="fl-c4"/>
      </object_component>
      <object_component id="oc-64">
         <name>.debug_line</name>
         <load_address>0xab6</load_address>
         <run_address>0xab6</run_address>
         <size>0x40</size>
         <input_file_ref idref="fl-c5"/>
      </object_component>
      <object_component id="oc-1a9">
         <name>.debug_line</name>
         <load_address>0xaf6</load_address>
         <run_address>0xaf6</run_address>
         <size>0xfe</size>
         <input_file_ref idref="fl-c6"/>
      </object_component>
      <object_component id="oc-e2">
         <name>.debug_line</name>
         <load_address>0xbf4</load_address>
         <run_address>0xbf4</run_address>
         <size>0x8d</size>
         <input_file_ref idref="fl-c6"/>
      </object_component>
      <object_component id="oc-1ad">
         <name>.debug_line</name>
         <load_address>0xc81</load_address>
         <run_address>0xc81</run_address>
         <size>0x89</size>
         <input_file_ref idref="fl-c6"/>
      </object_component>
      <object_component id="oc-c0">
         <name>.debug_line</name>
         <load_address>0xd0a</load_address>
         <run_address>0xd0a</run_address>
         <size>0x33</size>
         <input_file_ref idref="fl-c7"/>
      </object_component>
      <object_component id="oc-124">
         <name>.debug_line</name>
         <load_address>0xd3d</load_address>
         <run_address>0xd3d</run_address>
         <size>0x20</size>
         <input_file_ref idref="fl-c8"/>
      </object_component>
      <object_component id="oc-f5">
         <name>.debug_line</name>
         <load_address>0xd5d</load_address>
         <run_address>0xd5d</run_address>
         <size>0x2b</size>
         <input_file_ref idref="fl-c8"/>
      </object_component>
      <object_component id="oc-ef">
         <name>.debug_line</name>
         <load_address>0xd88</load_address>
         <run_address>0xd88</run_address>
         <size>0x68</size>
         <input_file_ref idref="fl-c8"/>
      </object_component>
      <object_component id="oc-208">
         <name>.debug_line</name>
         <load_address>0xdf0</load_address>
         <run_address>0xdf0</run_address>
         <size>0x16a</size>
         <input_file_ref idref="fl-c9"/>
      </object_component>
      <object_component id="oc-116">
         <name>.debug_line</name>
         <load_address>0xf5a</load_address>
         <run_address>0xf5a</run_address>
         <size>0xc42</size>
         <input_file_ref idref="fl-c9"/>
      </object_component>
      <object_component id="oc-198">
         <name>.debug_line</name>
         <load_address>0x1b9c</load_address>
         <run_address>0x1b9c</run_address>
         <size>0x8a</size>
         <input_file_ref idref="fl-c9"/>
      </object_component>
      <object_component id="oc-1a2">
         <name>.debug_line</name>
         <load_address>0x1c26</load_address>
         <run_address>0x1c26</run_address>
         <size>0x89</size>
         <input_file_ref idref="fl-c9"/>
      </object_component>
      <object_component id="oc-20c">
         <name>.debug_line</name>
         <load_address>0x1caf</load_address>
         <run_address>0x1caf</run_address>
         <size>0x8a</size>
         <input_file_ref idref="fl-c9"/>
      </object_component>
      <object_component id="oc-19d">
         <name>.debug_line</name>
         <load_address>0x1d39</load_address>
         <run_address>0x1d39</run_address>
         <size>0x2e</size>
         <input_file_ref idref="fl-c9"/>
      </object_component>
      <object_component id="oc-e6">
         <name>.debug_line</name>
         <load_address>0x1d67</load_address>
         <run_address>0x1d67</run_address>
         <size>0x2b</size>
         <input_file_ref idref="fl-ca"/>
      </object_component>
      <object_component id="oc-70">
         <name>.debug_line</name>
         <load_address>0x1d92</load_address>
         <run_address>0x1d92</run_address>
         <size>0x4a</size>
         <input_file_ref idref="fl-ca"/>
      </object_component>
      <object_component id="oc-ea">
         <name>.debug_line</name>
         <load_address>0x1ddc</load_address>
         <run_address>0x1ddc</run_address>
         <size>0x2b</size>
         <input_file_ref idref="fl-ca"/>
      </object_component>
      <object_component id="oc-253">
         <name>.debug_line</name>
         <load_address>0x1e07</load_address>
         <run_address>0x1e07</run_address>
         <size>0x89</size>
         <input_file_ref idref="fl-cb"/>
      </object_component>
      <object_component id="oc-18b">
         <name>.debug_line</name>
         <load_address>0x1e90</load_address>
         <run_address>0x1e90</run_address>
         <size>0x63</size>
         <input_file_ref idref="fl-cb"/>
      </object_component>
      <object_component id="oc-d3">
         <name>.debug_line</name>
         <load_address>0x1ef3</load_address>
         <run_address>0x1ef3</run_address>
         <size>0xa9</size>
         <input_file_ref idref="fl-cc"/>
      </object_component>
      <object_component id="oc-67">
         <name>.debug_line</name>
         <load_address>0x1f9c</load_address>
         <run_address>0x1f9c</run_address>
         <size>0x8b</size>
         <input_file_ref idref="fl-cc"/>
      </object_component>
      <object_component id="oc-d7">
         <name>.debug_line</name>
         <load_address>0x2027</load_address>
         <run_address>0x2027</run_address>
         <size>0x2e</size>
         <input_file_ref idref="fl-cc"/>
      </object_component>
      <object_component id="oc-104">
         <name>.debug_line</name>
         <load_address>0x2055</load_address>
         <run_address>0x2055</run_address>
         <size>0x8a</size>
         <input_file_ref idref="fl-cc"/>
      </object_component>
      <object_component id="oc-dc">
         <name>.debug_line</name>
         <load_address>0x20df</load_address>
         <run_address>0x20df</run_address>
         <size>0x8b</size>
         <input_file_ref idref="fl-cc"/>
      </object_component>
      <object_component id="oc-fb">
         <name>.debug_line</name>
         <load_address>0x216a</load_address>
         <run_address>0x216a</run_address>
         <size>0x98</size>
         <input_file_ref idref="fl-cd"/>
      </object_component>
      <object_component id="oc-a4">
         <name>.debug_line</name>
         <load_address>0x2202</load_address>
         <run_address>0x2202</run_address>
         <size>0x68</size>
         <input_file_ref idref="fl-cd"/>
      </object_component>
      <object_component id="oc-ff">
         <name>.debug_line</name>
         <load_address>0x226a</load_address>
         <run_address>0x226a</run_address>
         <size>0x2e</size>
         <input_file_ref idref="fl-cd"/>
      </object_component>
      <object_component id="oc-282">
         <name>.debug_line</name>
         <load_address>0x2298</load_address>
         <run_address>0x2298</run_address>
         <size>0x20</size>
         <input_file_ref idref="fl-ce"/>
      </object_component>
      <object_component id="oc-250">
         <name>.debug_line</name>
         <load_address>0x22b8</load_address>
         <run_address>0x22b8</run_address>
         <size>0x2b</size>
         <input_file_ref idref="fl-ce"/>
      </object_component>
      <object_component id="oc-20f">
         <name>.debug_line</name>
         <load_address>0x22e3</load_address>
         <run_address>0x22e3</run_address>
         <size>0x2a</size>
         <input_file_ref idref="fl-cf"/>
      </object_component>
      <object_component id="oc-1a5">
         <name>.debug_line</name>
         <load_address>0x230d</load_address>
         <run_address>0x230d</run_address>
         <size>0x2a</size>
         <input_file_ref idref="fl-cf"/>
      </object_component>
[...]
         <value>0xffffffff</value>
      </symbol>
      <symbol id="sm-e">
         <name>__TI_prof_data_size</name>
         <value>0xffffffff</value>
      </symbol>
      <symbol id="sm-3c">
         <name>main</name>
         <value>0x3175</value>
         <object_component_ref idref="oc-ae"/>
      </symbol>
      <symbol id="sm-5d">
         <name>ResetISR</name>
         <value>0x328b</value>
         <object_component_ref idref="oc-2e"/>
      </symbol>
      <symbol id="sm-5e">
         <name>g_pfnVectors</name>
         <value>0x0</value>
         <object_component_ref idref="oc-f"/>
      </symbol>
      <symbol id="sm-6f">
         <name>_c_int00</name>
         <value>0x2f89</value>
         <object_component_ref idref="oc-24"/>
      </symbol>
      <symbol id="sm-70">
         <name>__stack</name>
         <value>0x20000400</value>
         <object_component_ref idref="oc-2a"/>
      </symbol>
      <symbol id="sm-8e">
         <name>__TI_decompress_lzss</name>
         <value>0x2d99</value>
         <object_component_ref idref="oc-12"/>
      </symbol>
      <symbol id="sm-a5">
         <name>__TI_decompress_none</name>
         <value>0x3271</value>
         <object_component_ref idref="oc-18"/>
      </symbol>
      <symbol id="sm-bc">
         <name>__TI_zero_init</name>
         <value>0x327f</value>
         <object_component_ref idref="oc-1e"/>
      </symbol>
      <symbol id="sm-dd">
         <name>C$$EXIT</name>
         <value>0x2fdd</value>
         <object_component_ref idref="oc-72"/>
      </symbol>
      <symbol id="sm-de">
         <name>abort</name>
         <value>0x2fe1</value>
         <object_component_ref idref="oc-72"/>
      </symbol>
      <symbol id="sm-df">
         <name>exit</name>
         <value>0x2fe9</value>
         <object_component_ref idref="oc-72"/>
      </symbol>
      <symbol id="sm-e0">
         <name>__TI_dtors_ptr</name>
         <value>0x200007d4</value>
         <object_component_ref idref="oc-b6"/>
      </symbol>
      <symbol id="sm-e1">
         <name>__TI_cleanup_ptr</name>
         <value>0x200007d0</value>
         <object_component_ref idref="oc-b6"/>
      </symbol>
      <symbol id="sm-e2">
         <name>__TI_enable_exit_profile_output</name>
         <value>0x200007d8</value>
         <object_component_ref idref="oc-b6"/>
      </symbol>
      <symbol id="sm-fd">
         <name>memcpy</name>
         <value>0x2965</value>
         <object_component_ref idref="oc-42"/>
      </symbol>
      <symbol id="sm-fe">
         <name>__aeabi_memcpy</name>
         <value>0x2965</value>
         <object_component_ref idref="oc-42"/>
      </symbol>
      <symbol id="sm-ff">
         <name>__aeabi_memcpy8</name>
         <value>0x2965</value>
         <object_component_ref idref="oc-42"/>
      </symbol>
      <symbol id="sm-100">
         <name>__aeabi_memcpy4</name>
         <value>0x2965</value>
         <object_component_ref idref="oc-42"/>
      </symbol>
      <symbol id="sm-10f">
         <name>__aeabi_memset</name>
         <value>0x2c3f</value>
         <object_component_ref idref="oc-4e"/>
      </symbol>
      <symbol id="sm-110">
         <name>memset</name>
         <value>0x2c45</value>
         <object_component_ref idref="oc-4e"/>
      </symbol>
      <symbol id="sm-111">
         <name>__aeabi_memset8</name>
         <value>0x2c3f</value>
         <object_component_ref idref="oc-4e"/>
      </symbol>
      <symbol id="sm-112">
         <name>__aeabi_memset4</name>
         <value>0x2c3f</value>
         <object_component_ref idref="oc-4e"/>
      </symbol>
      <symbol id="sm-113">
         <name>__aeabi_memclr8</name>
         <value>0x2c3d</value>
         <object_component_ref idref="oc-4e"/>
      </symbol>
      <symbol id="sm-114">
         <name>__aeabi_memclr4</name>
         <value>0x2c3d</value>
         <object_component_ref idref="oc-4e"/>
      </symbol>
      <symbol id="sm-115">
         <name>__aeabi_memclr</name>
         <value>0x2c3d</value>
         <object_component_ref idref="oc-4e"/>
      </symbol>
      <symbol id="sm-11f">
         <name>__mpu_init</name>
         <value>0x1343</value>
         <object_component_ref idref="oc-5a"/>
      </symbol>
      <symbol id="sm-129">
         <name>_system_pre_init</name>
         <value>0x3297</value>
         <object_component_ref idref="oc-60"/>
      </symbol>
      <symbol id="sm-147">
         <name>printf</name>
         <value>0x2d31</value>
         <object_component_ref idref="oc-de"/>
      </symbol>
      <symbol id="sm-14f">
         <name>main_func_sp</name>
         <value>0x200007f8</value>
         <object_component_ref idref="oc-78"/>
      </symbol>
      <symbol id="sm-168">
         <name>_nop</name>
         <value>0x322f</value>
         <object_component_ref idref="oc-ee"/>
      </symbol>
      <symbol id="sm-169">
         <name>_lock</name>
         <value>0x200007e8</value>
         <object_component_ref idref="oc-b9"/>
      </symbol>
      <symbol id="sm-16a">
         <name>_unlock</name>
         <value>0x200007ec</value>
         <object_component_ref idref="oc-b9"/>
      </symbol>
      <symbol id="sm-16b">
         <name>_register_lock</name>
         <value>0x3227</value>
         <object_component_ref idref="oc-ee"/>
      </symbol>
      <symbol id="sm-16c">
         <name>_register_unlock</name>
         <value>0x3221</value>
         <object_component_ref idref="oc-ee"/>
      </symbol>
      <symbol id="sm-272">
         <name>__TI_printfi</name>
         <value>0xa49</value>
         <object_component_ref idref="oc-112"/>
      </symbol>
      <symbol id="sm-286">
         <name>_args_main</name>
         <value>0x31d9</value>
         <object_component_ref idref="oc-6c"/>
      </symbol>
      <symbol id="sm-29c">
         <name>atoi</name>
         <value>0x3031</value>
         <object_component_ref idref="oc-187"/>
      </symbol>
      <symbol id="sm-2c6">
         <name>__TI_auto_init</name>
         <value>0x2cb9</value>
         <object_component_ref idref="oc-66"/>
      </symbol>
      <symbol id="sm-2e0">
         <name>copy_in</name>
         <value>0x307d</value>
         <object_component_ref idref="oc-a0"/>
      </symbol>
      <symbol id="sm-2eb">
         <name>_ctypes_</name>
         <value>0x329a</value>
         <object_component_ref idref="oc-200"/>
      </symbol>
      <symbol id="sm-300">
         <name>__TI_tmpnams</name>
         <value>0x2000091c</value>
      </symbol>
      <symbol id="sm-301">
         <name>__aeabi_stdout</name>
         <value>0x200007c8</value>
         <object_component_ref idref="oc-1be"/>
      </symbol>
      <symbol id="sm-302">
         <name>__aeabi_stderr</name>
         <value>0x200007cc</value>
         <object_component_ref idref="oc-1be"/>
      </symbol>
      <symbol id="sm-303">
         <name>__aeabi_stdin</name>
         <value>0x200007c4</value>
         <object_component_ref idref="oc-1be"/>
      </symbol>
      <symbol id="sm-304">
         <name>_ftable</name>
         <value>0x20000600</value>
         <object_component_ref idref="oc-118"/>
      </symbol>
      <symbol id="sm-305">
         <name>__TI_ft_end</name>
         <value>0x200007c0</value>
         <object_component_ref idref="oc-1be"/>
      </symbol>
      <symbol id="sm-31c">
         <name>__aeabi_dsub</name>
         <value>0x20fd</value>
         <object_component_ref idref="oc-170"/>
      </symbol>
      <symbol id="sm-31d">
         <name>__aeabi_dadd</name>
         <value>0x2107</value>
         <object_component_ref idref="oc-170"/>
      </symbol>
      <symbol id="sm-33f">
         <name>__aeabi_cdcmpeq</name>
         <value>0x2b31</value>
         <object_component_ref idref="oc-14c"/>
      </symbol>
      <symbol id="sm-340">
         <name>__aeabi_cdcmple</name>
         <value>0x2b31</value>
         <object_component_ref idref="oc-14c"/>
      </symbol>
      <symbol id="sm-341">
         <name>__aeabi_cdrcmple</name>
         <value>0x2bb7</value>
         <object_component_ref idref="oc-15b"/>
      </symbol>
      <symbol id="sm-355">
         <name>__aeabi_ddiv</name>
         <value>0x22b3</value>
         <object_component_ref idref="oc-156"/>
      </symbol>
      <symbol id="sm-360">
         <name>__aeabi_dmul</name>
         <value>0x251d</value>
         <object_component_ref idref="oc-151"/>
      </symbol>
      <symbol id="sm-36a">
         <name>__aeabi_d2iz</name>
         <value>0x30c9</value>
         <object_component_ref idref="oc-160"/>
      </symbol>
      <symbol id="sm-381">
         <name>putc</name>
         <value>0x2a99</value>
         <object_component_ref idref="oc-106"/>
      </symbol>
      <symbol id="sm-382">
         <name>fputc</name>
         <value>0x2a99</value>
         <object_component_ref idref="oc-106"/>
      </symbol>
      <symbol id="sm-383">
         <name>putchar</name>
         <value>0x2b1d</value>
         <object_component_ref idref="oc-106"/>
      </symbol>
      <symbol id="sm-3a5">
         <name>puts</name>
         <value>0x24f5</value>
         <object_component_ref idref="oc-10c"/>
      </symbol>
      <symbol id="sm-3a6">
         <name>fputs</name>
         <value>0x23e9</value>
         <object_component_ref idref="oc-10c"/>
      </symbol>
      <symbol id="sm-3b0">
         <name>__aeabi_i2d</name>
         <value>0x3147</value>
         <object_component_ref idref="oc-16b"/>
      </symbol>
      <symbol id="sm-3fe">
         <name>open</name>
         <value>0x1b77</value>
         <object_component_ref idref="oc-131"/>
      </symbol>
      <symbol id="sm-3ff">
         <name>add_device</name>
         <value>0x1c99</value>
         <object_component_ref idref="oc-131"/>
      </symbol>
      <symbol id="sm-400">
         <name>remove_device</name>
         <value>0x1b2b</value>
         <object_component_ref idref="oc-131"/>
      </symbol>
      <symbol id="sm-401">
         <name>lseek</name>
         <value>0x1c25</value>
         <object_component_ref idref="oc-131"/>
      </symbol>
      <symbol id="sm-402">
         <name>read</name>
         <value>0x1b53</value>
         <object_component_ref idref="oc-131"/>
      </symbol>
      <symbol id="sm-403">
         <name>rename</name>
         <value>0x1aed</value>
         <object_component_ref idref="oc-131"/>
      </symbol>
      <symbol id="sm-404">
         <name>write</name>
         <value>0x1a39</value>
         <object_component_ref idref="oc-131"/>
      </symbol>
      <symbol id="sm-405">
         <name>close</name>
         <value>0x1c49</value>
         <object_component_ref idref="oc-131"/>
      </symbol>
      <symbol id="sm-406">
         <name>unlink</name>
         <value>0x1ac9</value>
         <object_component_ref idref="oc-131"/>
      </symbol>
      <symbol id="sm-415">
         <name>ltoa</name>
         <value>0x2f31</value>
         <object_component_ref idref="oc-165"/>
      </symbol>
      <symbol id="sm-425">
         <name>memccpy</name>
         <value>0x31bd</value>
         <object_component_ref idref="oc-18d"/>
      </symbol>
      <symbol id="sm-435">
         <name>memchr</name>
         <value>0x319d</value>
         <object_component_ref idref="oc-13f"/>
      </symbol>
      <symbol id="sm-450">
         <name>frexpl</name>
         <value>0x2ecd</value>
         <object_component_ref idref="oc-175"/>
      </symbol>
      <symbol id="sm-451">
         <name>frexp</name>
         <value>0x2ecd</value>
         <object_component_ref idref="oc-175"/>
      </symbol>
      <symbol id="sm-46e">
         <name>scalbn</name>
         <value>0x2619</value>
         <object_component_ref idref="oc-17b"/>
      </symbol>
      <symbol id="sm-46f">
         <name>scalbnl</name>
         <value>0x2619</value>
         <object_component_ref idref="oc-17b"/>
      </symbol>
      <symbol id="sm-470">
         <name>ldexpl</name>
         <value>0x2619</value>
         <object_component_ref idref="oc-17b"/>
      </symbol>
      <symbol id="sm-471">
         <name>ldexp</name>
         <value>0x2619</value>
         <object_component_ref idref="oc-17b"/>
      </symbol>
      <symbol id="sm-47b">
         <name>_system_post_cinit</name>
         <value>0x2cb7</value>
         <object_component_ref idref="oc-a6"/>
      </symbol>
      <symbol id="sm-48b">
         <name>strchr</name>
         <value>0x3209</value>
         <object_component_ref idref="oc-181"/>
      </symbol>
      <symbol id="sm-49a">
         <name>strcmp</name>
         <value>0x31f1</value>
         <object_component_ref idref="oc-1c3"/>
      </symbol>
      <symbol id="sm-4a8">
         <name>strlen</name>
         <value>0x325d</value>
         <object_component_ref idref="oc-139"/>
      </symbol>
      <symbol id="sm-4b8">
         <name>strncpy</name>
         <value>0x3111</value>
         <object_component_ref idref="oc-1c9"/>
      </symbol>
      <symbol id="sm-4df">
         <name>HOSTgetenv</name>
         <value>0x1979</value>
         <object_component_ref idref="oc-231"/>
      </symbol>
      <symbol id="sm-4e0">
         <name>HOSTrename</name>
         <value>0x1821</value>
         <object_component_ref idref="oc-231"/>
      </symbol>
      <symbol id="sm-4e1">
         <name>HOSTclose</name>
         <value>0x19b7</value>
         <object_component_ref idref="oc-231"/>
      </symbol>
      <symbol id="sm-4e2">
         <name>HOSTtime64</name>
         <value>0x1799</value>
         <object_component_ref idref="oc-231"/>
      </symbol>
      <symbol id="sm-4e3">
         <name>HOSTunlink</name>
         <value>0x1761</value>
         <object_component_ref idref="oc-231"/>
      </symbol>
      <symbol id="sm-4e4">
         <name>HOSTlseek</name>
         <value>0x191d</value>
         <object_component_ref idref="oc-231"/>
      </symbol>
      <symbol id="sm-4e5">
         <name>HOSTopen</name>
         <value>0x18cb</value>
         <object_component_ref idref="oc-231"/>
      </symbol>
      <symbol id="sm-4e6">
         <name>HOSTclock</name>
         <value>0x19ef</value>
         <object_component_ref idref="oc-231"/>
      </symbol>
      <symbol id="sm-4e7">
         <name>HOSTwrite</name>
         <value>0x1715</value>
         <object_component_ref idref="oc-231"/>
      </symbol>
      <symbol id="sm-4e8">
         <name>HOSTread</name>
         <value>0x187f</value>
         <object_component_ref idref="oc-231"/>
      </symbol>
      <symbol id="sm-4e9">
         <name>HOSTtime</name>
         <value>0x17e7</value>
         <object_component_ref idref="oc-231"/>
      </symbol>
      <symbol id="sm-504">
         <name>__TI_readmsg</name>
         <value>0x2e33</value>
         <object_component_ref idref="oc-26b"/>
      </symbol>
      <symbol id="sm-505">
         <name>C$$IO$$</name>
         <value>0x2e2f</value>
         <object_component_ref idref="oc-26b"/>
      </symbol>
      <symbol id="sm-506">
         <name>__CIOBUF_</name>
         <value>0x200007fc</value>
         <object_component_ref idref="oc-28a"/>
      </symbol>
      <symbol id="sm-507">
         <name>__TI_writemsg</name>
         <value>0x2e01</value>
         <object_component_ref idref="oc-26b"/>
      </symbol>
      <symbol id="sm-523">
         <name>__aeabi_uldivmod</name>
         <value>0x1d45</value>
         <object_component_ref idref="oc-147"/>
      </symbol>
      <symbol id="sm-541">
         <name>__TI_wrt_ok</name>
         <value>0x28b9</value>
         <object_component_ref idref="oc-125"/>
      </symbol>
      <symbol id="sm-542">
         <name>__TI_rd_ok</name>
         <value>0x291b</value>
         <object_component_ref idref="oc-125"/>
      </symbol>
      <symbol id="sm-54a">
         <name>errno</name>
         <value>0x200007f0</value>
         <object_component_ref idref="oc-1f9"/>
      </symbol>
      <symbol id="sm-564">
         <name>__TI_doflush</name>
         <value>0x27f1</value>
         <object_component_ref idref="oc-12b"/>
      </symbol>
      <symbol id="sm-565">
         <name>fflush</name>
         <value>0x283d</value>
         <object_component_ref idref="oc-12b"/>
      </symbol>
      <symbol id="sm-577">
         <name>fseek</name>
         <value>0x2e69</value>
         <object_component_ref idref="oc-1b0"/>
      </symbol>
      <symbol id="sm-581">
         <name>copysign</name>
         <value>0x3235</value>
         <object_component_ref idref="oc-1f3"/>
      </symbol>
      <symbol id="sm-582">
         <name>copysignl</name>
         <value>0x3235</value>
         <object_component_ref idref="oc-1f3"/>
      </symbol>
      <symbol id="sm-59e">
         <name>setvbuf</name>
         <value>0x2715</value>
         <object_component_ref idref="oc-1b6"/>
      </symbol>
      <symbol id="sm-5ac">
         <name>strcpy</name>
         <value>0x3249</value>
         <object_component_ref idref="oc-271"/>
      </symbol>
      <symbol id="sm-5e3">
         <name>__TI_cleanup</name>
         <value>0x2001</value>
         <object_component_ref idref="oc-21a"/>
      </symbol>
      <symbol id="sm-5e4">
         <name>freopen</name>
         <value>0x202d</value>
         <object_component_ref idref="oc-21a"/>
      </symbol>
      <symbol id="sm-5e5">
         <name>fopen</name>
         <value>0x2057</value>
         <object_component_ref idref="oc-21a"/>
      </symbol>
      <symbol id="sm-654">
         <name>_sys_memory</name>
         <value>0x20000000</value>
         <object_component_ref idref="oc-2b"/>
      </symbol>
      <symbol id="sm-655">
         <name>free</name>
         <value>0x142f</value>
         <object_component_ref idref="oc-214"/>
      </symbol>
      <symbol id="sm-656">
         <name>realloc</name>
         <value>0x14f1</value>
         <object_component_ref idref="oc-214"/>
      </symbol>
      <symbol id="sm-657">
         <name>memalign</name>
         <value>0x15f9</value>
         <object_component_ref idref="oc-214"/>
      </symbol>
      <symbol id="sm-658">
         <name>calloc</name>
         <value>0x16e5</value>
         <object_component_ref idref="oc-214"/>
      </symbol>
      <symbol id="sm-659">
         <name>malloc</name>
         <value>0x13c5</value>
         <object_component_ref idref="oc-214"/>
      </symbol>
      <symbol id="sm-65a">
         <name>minit</name>
         <value>0x1345</value>
         <object_component_ref idref="oc-214"/>
      </symbol>
      <symbol id="sm-670">
         <name>__TI_closefile</name>
         <value>0x2a01</value>
         <object_component_ref idref="oc-25c"/>
      </symbol>
      <symbol id="sm-671">
         <name>fclose</name>
         <value>0x2a67</value>
         <object_component_ref idref="oc-25c"/>
      </symbol>
      <symbol id="sm-673">
         <name>__TI_static_base__</name>
         <value>0x0</value>
      </symbol>
      <symbol id="sm-676">
         <name>SHT$$INIT_ARRAY$$Limit</name>
         <value>0x0</value>
      </symbol>
      <symbol id="sm-677">
         <name>SHT$$INIT_ARRAY$$Base</name>
         <value>0x0</value>
      </symbol>
      <symbol id="sm-678">
         <name>remove</name>
         <value>0x1ac9</value>
      </symbol>
   </symbol_table>
   <title>Link successful</title>
</link_info>
