<?xml version="1.0"?>
<link_info>
   <banner>TI ARM Linker PC v16.9.0.LTS</banner>
   <copyright>Copyright (c) 1996-2015 Texas Instruments Incorporated</copyright>
   <link_time>0x58eb60f7</link_time>
   <link_errors>0x0</link_errors>
   <output_file>test_ocp_qp_hpmpc.out</output_file>
   <entry_point>
      <name>_c_int00</name>
      <address>0x25e31</address>
   </entry_point>
   <input_file_list>
      <input_file id="fl-2">
         <path>.\</path>
         <kind>object</kind>
         <file>d_aux_extern_depend_lib.obj</file>
         <name>d_aux_extern_depend_lib.obj</name>
      </input_file>
      <input_file id="fl-3">
         <path>.\</path>
         <kind>object</kind>
         <file>d_aux_extern_depend_lib4.obj</file>
         <name>d_aux_extern_depend_lib4.obj</name>
      </input_file>
      <input_file id="fl-4">
         <path>.\</path>
         <kind>object</kind>
         <file>d_aux_ip_hard_libstr.obj</file>
         <name>d_aux_ip_hard_libstr.obj</name>
      </input_file>
      <input_file id="fl-5">
         <path>.\</path>
         <kind>object</kind>
         <file>d_aux_lib.obj</file>
         <name>d_aux_lib.obj</name>
      </input_file>
      <input_file id="fl-6">
         <path>.\</path>
         <kind>object</kind>
         <file>d_back_ric_rec_libstr.obj</file>
         <name>d_back_ric_rec_libstr.obj</name>
      </input_file>
      <input_file id="fl-7">
         <path>.\</path>
         <kind>object</kind>
         <file>d_blas1_lib.obj</file>
         <name>d_blas1_lib.obj</name>
      </input_file>
      <input_file id="fl-8">
         <path>.\</path>
         <kind>object</kind>
         <file>d_blas2_lib.obj</file>
         <name>d_blas2_lib.obj</name>
      </input_file>
      <input_file id="fl-9">
         <path>.\</path>
         <kind>object</kind>
         <file>d_blas3_diag_lib.obj</file>
         <name>d_blas3_diag_lib.obj</name>
      </input_file>
      <input_file id="fl-a">
         <path>.\</path>
         <kind>object</kind>
         <file>d_blas3_lib.obj</file>
         <name>d_blas3_lib.obj</name>
      </input_file>
      <input_file id="fl-b">
         <path>.\</path>
         <kind>object</kind>
         <file>d_ip2_res_hard_libstr.obj</file>
         <name>d_ip2_res_hard_libstr.obj</name>
      </input_file>
      <input_file id="fl-c">
         <path>.\</path>
         <kind>object</kind>
         <file>d_lapack_lib.obj</file>
         <name>d_lapack_lib.obj</name>
      </input_file>
      <input_file id="fl-d">
         <path>.\</path>
         <kind>object</kind>
         <file>d_part_cond_libstr.obj</file>
         <name>d_part_cond_libstr.obj</name>
      </input_file>
      <input_file id="fl-e">
         <path>.\</path>
         <kind>object</kind>
         <file>d_res_ip_res_hard_libstr.obj</file>
         <name>d_res_ip_res_hard_libstr.obj</name>
      </input_file>
      <input_file id="fl-f">
         <path>.\</path>
         <kind>object</kind>
         <file>fortran_order_interface_libstr.obj</file>
         <name>fortran_order_interface_libstr.obj</name>
      </input_file>
      <input_file id="fl-10">
         <path>.\</path>
         <kind>object</kind>
         <file>i_aux.obj</file>
         <name>i_aux.obj</name>
      </input_file>
      <input_file id="fl-11">
         <path>.\</path>
         <kind>object</kind>
         <file>kernel_sgemm_4x4_lib4.obj</file>
         <name>kernel_sgemm_4x4_lib4.obj</name>
      </input_file>
      <input_file id="fl-12">
         <path>.\</path>
         <kind>object</kind>
         <file>kernel_sgemv_4_lib4.obj</file>
         <name>kernel_sgemv_4_lib4.obj</name>
      </input_file>
      <input_file id="fl-13">
         <path>.\</path>
         <kind>object</kind>
         <file>main.obj</file>
         <name>main.obj</name>
      </input_file>
      <input_file id="fl-14">
         <path>.\</path>
         <kind>object</kind>
         <file>ocp_qp_hpmpc.obj</file>
         <name>ocp_qp_hpmpc.obj</name>
      </input_file>
      <input_file id="fl-15">
         <path>.\</path>
         <kind>object</kind>
         <file>print.obj</file>
         <name>print.obj</name>
      </input_file>
      <input_file id="fl-16">
         <path>.\</path>
         <kind>object</kind>
         <file>timing.obj</file>
         <name>timing.obj</name>
      </input_file>
      <input_file id="fl-17">
         <path>.\</path>
         <kind>object</kind>
         <file>tm4c129encpdt_startup_ccs.obj</file>
         <name>tm4c129encpdt_startup_ccs.obj</name>
      </input_file>
      <input_file id="fl-18">
         <path>.\</path>
         <kind>object</kind>
         <file>tools.obj</file>
         <name>tools.obj</name>
      </input_file>
      <input_file id="fl-d2">
         <path>E:\ti\ccsv7\tools\compiler\ti-cgt-arm_16.9.0.LTS\lib\</path>
         <kind>archive</kind>
         <file>rtsv7M4_T_le_v4SPD16_eabi.lib</file>
         <name>boot.obj</name>
      </input_file>
      <input_file id="fl-d3">
         <path>E:\ti\ccsv7\tools\compiler\ti-cgt-arm_16.9.0.LTS\lib\</path>
         <kind>archive</kind>
         <file>rtsv7M4_T_le_v4SPD16_eabi.lib</file>
         <name>copy_decompress_lzss.obj</name>
      </input_file>
      <input_file id="fl-d4">
         <path>E:\ti\ccsv7\tools\compiler\ti-cgt-arm_16.9.0.LTS\lib\</path>
         <kind>archive</kind>
         <file>rtsv7M4_T_le_v4SPD16_eabi.lib</file>
         <name>copy_decompress_none.obj</name>
      </input_file>
      <input_file id="fl-d5">
         <path>E:\ti\ccsv7\tools\compiler\ti-cgt-arm_16.9.0.LTS\lib\</path>
         <kind>archive</kind>
         <file>rtsv7M4_T_le_v4SPD16_eabi.lib</file>
         <name>copy_zero_init.obj</name>
      </input_file>
      <input_file id="fl-d6">
         <path>E:\ti\ccsv7\tools\compiler\ti-cgt-arm_16.9.0.LTS\lib\</path>
         <kind>archive</kind>
         <file>rtsv7M4_T_le_v4SPD16_eabi.lib</file>
         <name>defs.obj</name>
      </input_file>
      <input_file id="fl-d7">
         <path>E:\ti\ccsv7\tools\compiler\ti-cgt-arm_16.9.0.LTS\lib\</path>
         <kind>archive</kind>
         <file>rtsv7M4_T_le_v4SPD16_eabi.lib</file>
         <name>e_pow.obj</name>
      </input_file>
      <input_file id="fl-d8">
         <path>E:\ti\ccsv7\tools\compiler\ti-cgt-arm_16.9.0.LTS\lib\</path>
         <kind>archive</kind>
         <file>rtsv7M4_T_le_v4SPD16_eabi.lib</file>
         <name>e_sqrt.obj</name>
      </input_file>
      <input_file id="fl-d9">
         <path>E:\ti\ccsv7\tools\compiler\ti-cgt-arm_16.9.0.LTS\lib\</path>
         <kind>archive</kind>
         <file>rtsv7M4_T_le_v4SPD16_eabi.lib</file>
         <name>errno.obj</name>
      </input_file>
      <input_file id="fl-da">
         <path>E:\ti\ccsv7\tools\compiler\ti-cgt-arm_16.9.0.LTS\lib\</path>
         <kind>archive</kind>
         <file>rtsv7M4_T_le_v4SPD16_eabi.lib</file>
         <name>exit.obj</name>
      </input_file>
      <input_file id="fl-db">
         <path>E:\ti\ccsv7\tools\compiler\ti-cgt-arm_16.9.0.LTS\lib\</path>
         <kind>archive</kind>
         <file>rtsv7M4_T_le_v4SPD16_eabi.lib</file>
         <name>fclose.obj</name>
      </input_file>
      <input_file id="fl-dc">
         <path>E:\ti\ccsv7\tools\compiler\ti-cgt-arm_16.9.0.LTS\lib\</path>
         <kind>archive</kind>
         <file>rtsv7M4_T_le_v4SPD16_eabi.lib</file>
         <name>fd_add_t2.obj</name>
      </input_file>
      <input_file id="fl-dd">
         <path>E:\ti\ccsv7\tools\compiler\ti-cgt-arm_16.9.0.LTS\lib\</path>
         <kind>archive</kind>
         <file>rtsv7M4_T_le_v4SPD16_eabi.lib</file>
         <name>fd_cmp_t2.obj</name>
      </input_file>
      <input_file id="fl-de">
         <path>E:\ti\ccsv7\tools\compiler\ti-cgt-arm_16.9.0.LTS\lib\</path>
         <kind>archive</kind>
         <file>rtsv7M4_T_le_v4SPD16_eabi.lib</file>
         <name>fd_div_t2.obj</name>
      </input_file>
      <input_file id="fl-df">
         <path>E:\ti\ccsv7\tools\compiler\ti-cgt-arm_16.9.0.LTS\lib\</path>
         <kind>archive</kind>
         <file>rtsv7M4_T_le_v4SPD16_eabi.lib</file>
         <name>fd_mul_t2.obj</name>
      </input_file>
      <input_file id="fl-e0">
         <path>E:\ti\ccsv7\tools\compiler\ti-cgt-arm_16.9.0.LTS\lib\</path>
         <kind>archive</kind>
         <file>rtsv7M4_T_le_v4SPD16_eabi.lib</file>
         <name>fd_tos_t2.obj</name>
      </input_file>
      <input_file id="fl-e1">
         <path>E:\ti\ccsv7\tools\compiler\ti-cgt-arm_16.9.0.LTS\lib\</path>
         <kind>archive</kind>
         <file>rtsv7M4_T_le_v4SPD16_eabi.lib</file>
         <name>fflush.obj</name>
      </input_file>
      <input_file id="fl-e2">
         <path>E:\ti\ccsv7\tools\compiler\ti-cgt-arm_16.9.0.LTS\lib\</path>
         <kind>archive</kind>
         <file>rtsv7M4_T_le_v4SPD16_eabi.lib</file>
         <name>fopen.obj</name>
      </input_file>
      <input_file id="fl-e3">
         <path>E:\ti\ccsv7\tools\compiler\ti-cgt-arm_16.9.0.LTS\lib\</path>
         <kind>archive</kind>
         <file>rtsv7M4_T_le_v4SPD16_eabi.lib</file>
         <name>fprintf.obj</name>
      </input_file>
      <input_file id="fl-e4">
         <path>E:\ti\ccsv7\tools\compiler\ti-cgt-arm_16.9.0.LTS\lib\</path>
         <kind>archive</kind>
         <file>rtsv7M4_T_le_v4SPD16_eabi.lib</file>
         <name>fputc.obj</name>
      </input_file>
      <input_file id="fl-e5">
         <path>E:\ti\ccsv7\tools\compiler\ti-cgt-arm_16.9.0.LTS\lib\</path>
         <kind>archive</kind>
         <file>rtsv7M4_T_le_v4SPD16_eabi.lib</file>
         <name>fputs.obj</name>
      </input_file>
      <input_file id="fl-e6">
         <path>E:\ti\ccsv7\tools\compiler\ti-cgt-arm_16.9.0.LTS\lib\</path>
         <kind>archive</kind>
         <file>rtsv7M4_T_le_v4SPD16_eabi.lib</file>
         <name>fs_tod_t2.obj</name>
      </input_file>
      <input_file id="fl-e7">
         <path>E:\ti\ccsv7\tools\compiler\ti-cgt-arm_16.9.0.LTS\lib\</path>
         <kind>archive</kind>
         <file>rtsv7M4_T_le_v4SPD16_eabi.lib</file>
         <name>i_tofd_t2.obj</name>
      </input_file>
      <input_file id="fl-e8">
         <path>E:\ti\ccsv7\tools\compiler\ti-cgt-arm_16.9.0.LTS\lib\</path>
         <kind>archive</kind>
         <file>rtsv7M4_T_le_v4SPD16_eabi.lib</file>
         <name>lowlev.obj</name>
      </input_file>
      <input_file id="fl-e9">
         <path>E:\ti\ccsv7\tools\compiler\ti-cgt-arm_16.9.0.LTS\lib\</path>
         <kind>archive</kind>
         <file>rtsv7M4_T_le_v4SPD16_eabi.lib</file>
         <name>memchr.obj</name>
      </input_file>
      <input_file id="fl-ea">
         <path>E:\ti\ccsv7\tools\compiler\ti-cgt-arm_16.9.0.LTS\lib\</path>
         <kind>archive</kind>
         <file>rtsv7M4_T_le_v4SPD16_eabi.lib</file>
         <name>memcpy_t2.obj</name>
      </input_file>
      <input_file id="fl-eb">
         <path>E:\ti\ccsv7\tools\compiler\ti-cgt-arm_16.9.0.LTS\lib\</path>
         <kind>archive</kind>
         <file>rtsv7M4_T_le_v4SPD16_eabi.lib</file>
         <name>memory.obj</name>
      </input_file>
      <input_file id="fl-ec">
         <path>E:\ti\ccsv7\tools\compiler\ti-cgt-arm_16.9.0.LTS\lib\</path>
         <kind>archive</kind>
         <file>rtsv7M4_T_le_v4SPD16_eabi.lib</file>
         <name>memset_t2.obj</name>
      </input_file>
      <input_file id="fl-ed">
         <path>E:\ti\ccsv7\tools\compiler\ti-cgt-arm_16.9.0.LTS\lib\</path>
         <kind>archive</kind>
         <file>rtsv7M4_T_le_v4SPD16_eabi.lib</file>
         <name>mpu_init.obj</name>
      </input_file>
      <input_file id="fl-ee">
         <path>E:\ti\ccsv7\tools\compiler\ti-cgt-arm_16.9.0.LTS\lib\</path>
         <kind>archive</kind>
         <file>rtsv7M4_T_le_v4SPD16_eabi.lib</file>
         <name>pre_init.obj</name>
      </input_file>
      <input_file id="fl-ef">
         <path>E:\ti\ccsv7\tools\compiler\ti-cgt-arm_16.9.0.LTS\lib\</path>
         <kind>archive</kind>
         <file>rtsv7M4_T_le_v4SPD16_eabi.lib</file>
         <name>printf.obj</name>
      </input_file>
      <input_file id="fl-f0">
         <path>E:\ti\ccsv7\tools\compiler\ti-cgt-arm_16.9.0.LTS\lib\</path>
         <kind>archive</kind>
         <file>rtsv7M4_T_le_v4SPD16_eabi.lib</file>
         <name>remove.obj</name>
      </input_file>
      <input_file id="fl-f1">
         <path>E:\ti\ccsv7\tools\compiler\ti-cgt-arm_16.9.0.LTS\lib\</path>
         <kind>archive</kind>
         <file>rtsv7M4_T_le_v4SPD16_eabi.lib</file>
         <name>s_frexp.obj</name>
      </input_file>
      <input_file id="fl-f2">
         <path>E:\ti\ccsv7\tools\compiler\ti-cgt-arm_16.9.0.LTS\lib\</path>
         <kind>archive</kind>
         <file>rtsv7M4_T_le_v4SPD16_eabi.lib</file>
         <name>s_scalbn.obj</name>
      </input_file>
      <input_file id="fl-f3">
         <path>E:\ti\ccsv7\tools\compiler\ti-cgt-arm_16.9.0.LTS\lib\</path>
         <kind>archive</kind>
         <file>rtsv7M4_T_le_v4SPD16_eabi.lib</file>
         <name>stkdepth_vars.obj</name>
      </input_file>
      <input_file id="fl-f4">
         <path>E:\ti\ccsv7\tools\compiler\ti-cgt-arm_16.9.0.LTS\lib\</path>
         <kind>archive</kind>
         <file>rtsv7M4_T_le_v4SPD16_eabi.lib</file>
         <name>strchr.obj</name>
      </input_file>
      <input_file id="fl-f5">
         <path>E:\ti\ccsv7\tools\compiler\ti-cgt-arm_16.9.0.LTS\lib\</path>
         <kind>archive</kind>
         <file>rtsv7M4_T_le_v4SPD16_eabi.lib</file>
         <name>strcmp.obj</name>
      </input_file>
      <input_file id="fl-f6">
         <path>E:\ti\ccsv7\tools\compiler\ti-cgt-arm_16.9.0.LTS\lib\</path>
         <kind>archive</kind>
         <file>rtsv7M4_T_le_v4SPD16_eabi.lib</file>
         <name>strlen.obj</name>
      </input_file>
      <input_file id="fl-f7">
         <path>E:\ti\ccsv7\tools\compiler\ti-cgt-arm_16.9.0.LTS\lib\</path>
         <kind>archive</kind>
         <file>rtsv7M4_T_le_v4SPD16_eabi.lib</file>
         <name>strncpy.obj</name>
      </input_file>
      <input_file id="fl-f8">
         <path>E:\ti\ccsv7\tools\compiler\ti-cgt-arm_16.9.0.LTS\lib\</path>
         <kind>archive</kind>
         <file>rtsv7M4_T_le_v4SPD16_eabi.lib</file>
         <name>ti_fmax.obj</name>
      </input_file>
      <input_file id="fl-f9">
         <path>E:\ti\ccsv7\tools\compiler\ti-cgt-arm_16.9.0.LTS\lib\</path>
         <kind>archive</kind>
         <file>rtsv7M4_T_le_v4SPD16_eabi.lib</file>
         <name>trgdrv.obj</name>
      </input_file>
      <input_file id="fl-fa">
         <path>E:\ti\ccsv7\tools\compiler\ti-cgt-arm_16.9.0.LTS\lib\</path>
         <kind>archive</kind>
         <file>rtsv7M4_T_le_v4SPD16_eabi.lib</file>
         <name>trgmsg.obj</name>
      </input_file>
      <input_file id="fl-fb">
         <path>E:\ti\ccsv7\tools\compiler\ti-cgt-arm_16.9.0.LTS\lib\</path>
         <kind>archive</kind>
         <file>rtsv7M4_T_le_v4SPD16_eabi.lib</file>
         <name>vla_alloc.obj</name>
      </input_file>
      <input_file id="fl-fc">
         <path>E:\ti\ccsv7\tools\compiler\ti-cgt-arm_16.9.0.LTS\lib\</path>
         <kind>archive</kind>
         <file>rtsv7M4_T_le_v4SPD16_eabi.lib</file>
         <name>_io_perm.obj</name>
      </input_file>
      <input_file id="fl-fd">
         <path>E:\ti\ccsv7\tools\compiler\ti-cgt-arm_16.9.0.LTS\lib\</path>
         <kind>archive</kind>
         <file>rtsv7M4_T_le_v4SPD16_eabi.lib</file>
         <name>_lock.obj</name>
      </input_file>
      <input_file id="fl-fe">
         <path>E:\ti\ccsv7\tools\compiler\ti-cgt-arm_16.9.0.LTS\lib\</path>
         <kind>archive</kind>
         <file>rtsv7M4_T_le_v4SPD16_eabi.lib</file>
         <name>_printfi.obj</name>
      </input_file>
      <input_file id="fl-ff">
         <path>E:\ti\ccsv7\tools\compiler\ti-cgt-arm_16.9.0.LTS\lib\</path>
         <kind>archive</kind>
         <file>rtsv7M4_T_le_v4SPD16_eabi.lib</file>
         <name>args_main.obj</name>
      </input_file>
      <input_file id="fl-100">
         <path>E:\ti\ccsv7\tools\compiler\ti-cgt-arm_16.9.0.LTS\lib\</path>
         <kind>archive</kind>
         <file>rtsv7M4_T_le_v4SPD16_eabi.lib</file>
         <name>atoi.obj</name>
      </input_file>
      <input_file id="fl-101">
         <path>E:\ti\ccsv7\tools\compiler\ti-cgt-arm_16.9.0.LTS\lib\</path>
         <kind>archive</kind>
         <file>rtsv7M4_T_le_v4SPD16_eabi.lib</file>
         <name>autoinit.obj</name>
      </input_file>
      <input_file id="fl-102">
         <path>E:\ti\ccsv7\tools\compiler\ti-cgt-arm_16.9.0.LTS\lib\</path>
         <kind>archive</kind>
         <file>rtsv7M4_T_le_v4SPD16_eabi.lib</file>
         <name>cpy_tbl.obj</name>
      </input_file>
      <input_file id="fl-103">
         <path>E:\ti\ccsv7\tools\compiler\ti-cgt-arm_16.9.0.LTS\lib\</path>
         <kind>archive</kind>
         <file>rtsv7M4_T_le_v4SPD16_eabi.lib</file>
         <name>ctype.obj</name>
      </input_file>
      <input_file id="fl-104">
         <path>E:\ti\ccsv7\tools\compiler\ti-cgt-arm_16.9.0.LTS\lib\</path>
         <kind>archive</kind>
         <file>rtsv7M4_T_le_v4SPD16_eabi.lib</file>
         <name>error.obj</name>
      </input_file>
      <input_file id="fl-105">
         <path>E:\ti\ccsv7\tools\compiler\ti-cgt-arm_16.9.0.LTS\lib\</path>
         <kind>archive</kind>
         <file>rtsv7M4_T_le_v4SPD16_eabi.lib</file>
         <name>fd_toi_t2.obj</name>
      </input_file>
      <input_file id="fl-106">
         <path>E:\ti\ccsv7\tools\compiler\ti-cgt-arm_16.9.0.LTS\lib\</path>
         <kind>archive</kind>
         <file>rtsv7M4_T_le_v4SPD16_eabi.lib</file>
         <name>fseek.obj</name>
      </input_file>
      <input_file id="fl-107">
         <path>E:\ti\ccsv7\tools\compiler\ti-cgt-arm_16.9.0.LTS\lib\</path>
         <kind>archive</kind>
         <file>rtsv7M4_T_le_v4SPD16_eabi.lib</file>
         <name>ltoa.obj</name>
      </input_file>
      <input_file id="fl-108">
         <path>E:\ti\ccsv7\tools\compiler\ti-cgt-arm_16.9.0.LTS\lib\</path>
         <kind>archive</kind>
         <file>rtsv7M4_T_le_v4SPD16_eabi.lib</file>
         <name>memccpy.obj</name>
      </input_file>
      <input_file id="fl-109">
         <path>E:\ti\ccsv7\tools\compiler\ti-cgt-arm_16.9.0.LTS\lib\</path>
         <kind>archive</kind>
         <file>rtsv7M4_T_le_v4SPD16_eabi.lib</file>
         <name>s_copysign.obj</name>
      </input_file>
      <input_file id="fl-10a">
         <path>E:\ti\ccsv7\tools\compiler\ti-cgt-arm_16.9.0.LTS\lib\</path>
         <kind>archive</kind>
         <file>rtsv7M4_T_le_v4SPD16_eabi.lib</file>
         <name>setvbuf.obj</name>
      </input_file>
      <input_file id="fl-10b">
         <path>E:\ti\ccsv7\tools\compiler\ti-cgt-arm_16.9.0.LTS\lib\</path>
         <kind>archive</kind>
         <file>rtsv7M4_T_le_v4SPD16_eabi.lib</file>
         <name>startup.obj</name>
      </input_file>
      <input_file id="fl-10c">
         <path>E:\ti\ccsv7\tools\compiler\ti-cgt-arm_16.9.0.LTS\lib\</path>
         <kind>archive</kind>
         <file>rtsv7M4_T_le_v4SPD16_eabi.lib</file>
         <name>strcpy.obj</name>
      </input_file>
      <input_file id="fl-10d">
         <path>E:\ti\ccsv7\tools\compiler\ti-cgt-arm_16.9.0.LTS\lib\</path>
         <kind>archive</kind>
         <file>rtsv7M4_T_le_v4SPD16_eabi.lib</file>
         <name>ull_div_t2.obj</name>
      </input_file>
   </input_file_list>
   <object_component_list>
      <object_component id="oc-f">
         <name>.intvecs</name>
         <load_address>0x0</load_address>
         <run_address>0x0</run_address>
         <size>0x208</size>
         <input_file_ref idref="fl-17"/>
      </object_component>
      <object_component id="oc-1dd">
         <name>.text</name>
         <load_address>0x208</load_address>
         <run_address>0x208</run_address>
         <size>0x5c4a</size>
         <input_file_ref idref="fl-4"/>
      </object_component>
      <object_component id="oc-5a">
         <name>.text</name>
         <load_address>0x5e52</load_address>
         <run_address>0x5e52</run_address>
         <size>0x2</size>
         <input_file_ref idref="fl-ed"/>
      </object_component>
      <object_component id="oc-1e3">
         <name>.text</name>
         <load_address>0x5e54</load_address>
         <run_address>0x5e54</run_address>
         <size>0x3dac</size>
         <input_file_ref idref="fl-a"/>
      </object_component>
      <object_component id="oc-1d7">
         <name>.text</name>
         <load_address>0x9c00</load_address>
         <run_address>0x9c00</run_address>
         <size>0x3a00</size>
         <input_file_ref idref="fl-6"/>
      </object_component>
      <object_component id="oc-2df">
         <name>.text</name>
         <load_address>0xd600</load_address>
         <run_address>0xd600</run_address>
         <size>0x39d8</size>
         <input_file_ref idref="fl-c"/>
      </object_component>
      <object_component id="oc-2c1">
         <name>.text</name>
         <load_address>0x10fd8</load_address>
         <run_address>0x10fd8</run_address>
         <size>0x2ffc</size>
         <input_file_ref idref="fl-d"/>
      </object_component>
      <object_component id="oc-102">
         <name>.text</name>
         <load_address>0x13fd4</load_address>
         <run_address>0x13fd4</run_address>
         <size>0x2790</size>
         <input_file_ref idref="fl-14"/>
      </object_component>
      <object_component id="oc-2e5">
         <name>.text</name>
         <load_address>0x16764</load_address>
         <run_address>0x16764</run_address>
         <size>0x1d74</size>
         <input_file_ref idref="fl-8"/>
      </object_component>
      <object_component id="oc-1c5">
         <name>.text</name>
         <load_address>0x184d8</load_address>
         <run_address>0x184d8</run_address>
         <size>0x1bb8</size>
         <input_file_ref idref="fl-f"/>
      </object_component>
      <object_component id="oc-1cb">
         <name>.text</name>
         <load_address>0x1a090</load_address>
         <run_address>0x1a090</run_address>
         <size>0x17d2</size>
         <input_file_ref idref="fl-5"/>
      </object_component>
      <object_component id="oc-a6">
         <name>.text</name>
         <load_address>0x1b862</load_address>
         <run_address>0x1b862</run_address>
         <size>0x2</size>
         <input_file_ref idref="fl-10b"/>
      </object_component>
      <object_component id="oc-e4">
         <name>.text</name>
         <load_address>0x1b864</load_address>
         <run_address>0x1b864</run_address>
         <size>0x1748</size>
         <input_file_ref idref="fl-18"/>
      </object_component>
      <object_component id="oc-1d1">
         <name>.text</name>
         <load_address>0x1cfac</load_address>
         <run_address>0x1cfac</run_address>
         <size>0x15fc</size>
         <input_file_ref idref="fl-b"/>
      </object_component>
      <object_component id="oc-ae">
         <name>.text</name>
         <load_address>0x1e5a8</load_address>
         <run_address>0x1e5a8</run_address>
         <size>0x1594</size>
         <input_file_ref idref="fl-13"/>
      </object_component>
      <object_component id="oc-2c7">
         <name>.text</name>
         <load_address>0x1fb3c</load_address>
         <run_address>0x1fb3c</run_address>
         <size>0x13ec</size>
         <input_file_ref idref="fl-e"/>
      </object_component>
      <object_component id="oc-19d">
         <name>.text</name>
         <load_address>0x20f28</load_address>
         <run_address>0x20f28</run_address>
         <size>0x113a</size>
         <input_file_ref idref="fl-fe"/>
      </object_component>
      <object_component id="oc-17f">
         <name>.text</name>
         <load_address>0x22064</load_address>
         <run_address>0x22064</run_address>
         <size>0x9ac</size>
         <input_file_ref idref="fl-d7"/>
      </object_component>
      <object_component id="oc-2d9">
         <name>.text</name>
         <load_address>0x22a10</load_address>
         <run_address>0x22a10</run_address>
         <size>0x760</size>
         <input_file_ref idref="fl-9"/>
      </object_component>
      <object_component id="oc-de">
         <name>.text</name>
         <load_address>0x23170</load_address>
         <run_address>0x23170</run_address>
         <size>0x726</size>
         <input_file_ref idref="fl-2"/>
      </object_component>
      <object_component id="oc-ea">
         <name>.text</name>
         <load_address>0x23898</load_address>
         <run_address>0x23898</run_address>
         <size>0x3d0</size>
         <input_file_ref idref="fl-eb"/>
      </object_component>
      <object_component id="oc-38d">
         <name>.text</name>
         <load_address>0x23c68</load_address>
         <run_address>0x23c68</run_address>
         <size>0x324</size>
         <input_file_ref idref="fl-f9"/>
      </object_component>
      <object_component id="oc-252">
         <name>.text</name>
         <load_address>0x23f8c</load_address>
         <run_address>0x23f8c</run_address>
         <size>0x30c</size>
         <input_file_ref idref="fl-e8"/>
      </object_component>
      <object_component id="oc-f6">
         <name>.text</name>
         <load_address>0x24298</load_address>
         <run_address>0x24298</run_address>
         <size>0x298</size>
         <input_file_ref idref="fl-fb"/>
      </object_component>
      <object_component id="oc-2cd">
         <name>.text</name>
         <load_address>0x24530</load_address>
         <run_address>0x24530</run_address>
         <size>0x26c</size>
         <input_file_ref idref="fl-f8"/>
      </object_component>
      <object_component id="oc-268">
         <name>.text</name>
         <load_address>0x2479c</load_address>
         <run_address>0x2479c</run_address>
         <size>0x1f4</size>
         <input_file_ref idref="fl-10d"/>
      </object_component>
      <object_component id="oc-376">
         <name>.text</name>
         <load_address>0x24990</load_address>
         <run_address>0x24990</run_address>
         <size>0x1c4</size>
         <input_file_ref idref="fl-e2"/>
      </object_component>
      <object_component id="oc-145">
         <name>.text</name>
         <load_address>0x24b54</load_address>
         <run_address>0x24b54</run_address>
         <size>0x1b6</size>
         <input_file_ref idref="fl-dc"/>
      </object_component>
      <object_component id="oc-159">
         <name>.text</name>
         <load_address>0x24d0c</load_address>
         <run_address>0x24d0c</run_address>
         <size>0x170</size>
         <input_file_ref idref="fl-d8"/>
      </object_component>
      <object_component id="oc-154">
         <name>.text</name>
         <load_address>0x24e7c</load_address>
         <run_address>0x24e7c</run_address>
         <size>0x136</size>
         <input_file_ref idref="fl-de"/>
      </object_component>
      <object_component id="oc-197">
         <name>.text</name>
         <load_address>0x24fb4</load_address>
         <run_address>0x24fb4</run_address>
         <size>0x134</size>
         <input_file_ref idref="fl-e5"/>
      </object_component>
      <object_component id="oc-2eb">
         <name>.text</name>
         <load_address>0x250e8</load_address>
         <run_address>0x250e8</run_address>
         <size>0x110</size>
         <input_file_ref idref="fl-7"/>
      </object_component>
      <object_component id="oc-140">
         <name>.text</name>
         <load_address>0x251f8</load_address>
         <run_address>0x251f8</run_address>
         <size>0xfc</size>
         <input_file_ref idref="fl-df"/>
      </object_component>
      <object_component id="oc-235">
         <name>.text</name>
         <load_address>0x252f4</load_address>
         <run_address>0x252f4</run_address>
         <size>0xfc</size>
         <input_file_ref idref="fl-f2"/>
      </object_component>
      <object_component id="oc-315">
         <name>.text</name>
         <load_address>0x253f0</load_address>
         <run_address>0x253f0</run_address>
         <size>0xdc</size>
         <input_file_ref idref="fl-10a"/>
      </object_component>
      <object_component id="oc-fc">
         <name>.text</name>
         <load_address>0x254cc</load_address>
         <run_address>0x254cc</run_address>
         <size>0xca</size>
         <input_file_ref idref="fl-10"/>
      </object_component>
      <object_component id="oc-24c">
         <name>.text</name>
         <load_address>0x25598</load_address>
         <run_address>0x25598</run_address>
         <size>0xc8</size>
         <input_file_ref idref="fl-e1"/>
      </object_component>
      <object_component id="oc-246">
         <name>.text</name>
         <load_address>0x25660</load_address>
         <run_address>0x25660</run_address>
         <size>0xac</size>
         <input_file_ref idref="fl-fc"/>
      </object_component>
      <object_component id="oc-42">
         <name>.text</name>
         <load_address>0x2570c</load_address>
         <run_address>0x2570c</run_address>
         <size>0x9c</size>
         <input_file_ref idref="fl-ea"/>
      </object_component>
      <object_component id="oc-3bb">
         <name>.text</name>
         <load_address>0x257a8</load_address>
         <run_address>0x257a8</run_address>
         <size>0x98</size>
         <input_file_ref idref="fl-db"/>
      </object_component>
      <object_component id="oc-191">
         <name>.text</name>
         <load_address>0x25840</load_address>
         <run_address>0x25840</run_address>
         <size>0x98</size>
         <input_file_ref idref="fl-e4"/>
      </object_component>
      <object_component id="oc-15f">
         <name>.text</name>
         <load_address>0x258d8</load_address>
         <run_address>0x258d8</run_address>
         <size>0x94</size>
         <input_file_ref idref="fl-3"/>
      </object_component>
      <object_component id="oc-14f">
         <name>.text:__aeabi_cdcmple</name>
         <load_address>0x2596c</load_address>
         <run_address>0x2596c</run_address>
         <size>0x86</size>
         <input_file_ref idref="fl-dd"/>
      </object_component>
      <object_component id="oc-14a">
         <name>.text:__aeabi_cdrcmple</name>
         <load_address>0x259f2</load_address>
         <run_address>0x259f2</run_address>
         <size>0x86</size>
         <input_file_ref idref="fl-dd"/>
      </object_component>
      <object_component id="oc-4e">
         <name>.text</name>
         <load_address>0x25a78</load_address>
         <run_address>0x25a78</run_address>
         <size>0x7a</size>
         <input_file_ref idref="fl-ec"/>
      </object_component>
      <object_component id="oc-66">
         <name>.text</name>
         <load_address>0x25af4</load_address>
         <run_address>0x25af4</run_address>
         <size>0x70</size>
         <input_file_ref idref="fl-101"/>
      </object_component>
      <object_component id="oc-f0">
         <name>.text</name>
         <load_address>0x25b64</load_address>
         <run_address>0x25b64</run_address>
         <size>0x70</size>
         <input_file_ref idref="fl-ef"/>
      </object_component>
      <object_component id="oc-138">
         <name>.text</name>
         <load_address>0x25bd4</load_address>
         <run_address>0x25bd4</run_address>
         <size>0x6c</size>
         <input_file_ref idref="fl-e3"/>
      </object_component>
      <object_component id="oc-12">
         <name>.text:decompress:lzss</name>
         <load_address>0x25c40</load_address>
         <run_address>0x25c40</run_address>
         <size>0x68</size>
         <input_file_ref idref="fl-d3"/>
      </object_component>
      <object_component id="oc-3ca">
         <name>.text</name>
         <load_address>0x25ca8</load_address>
         <run_address>0x25ca8</run_address>
         <size>0x68</size>
         <input_file_ref idref="fl-fa"/>
      </object_component>
      <object_component id="oc-30f">
         <name>.text</name>
         <load_address>0x25d10</load_address>
         <run_address>0x25d10</run_address>
         <size>0x64</size>
         <input_file_ref idref="fl-106"/>
      </object_component>
      <object_component id="oc-174">
         <name>.text</name>
         <load_address>0x25d74</load_address>
         <run_address>0x25d74</run_address>
         <size>0x64</size>
         <input_file_ref idref="fl-f1"/>
      </object_component>
      <object_component id="oc-272">
         <name>.text</name>
         <load_address>0x25dd8</load_address>
         <run_address>0x25dd8</run_address>
         <size>0x56</size>
         <input_file_ref idref="fl-107"/>
      </object_component>
      <object_component id="oc-24">
         <name>.text</name>
         <load_address>0x25e30</load_address>
         <run_address>0x25e30</run_address>
         <size>0x54</size>
         <input_file_ref idref="fl-d2"/>
      </object_component>
      <object_component id="oc-72">
         <name>.text</name>
         <load_address>0x25e84</load_address>
         <run_address>0x25e84</run_address>
         <size>0x54</size>
         <input_file_ref idref="fl-da"/>
      </object_component>
      <object_component id="oc-27e">
         <name>.text</name>
         <load_address>0x25ed8</load_address>
         <run_address>0x25ed8</run_address>
         <size>0x4c</size>
         <input_file_ref idref="fl-100"/>
      </object_component>
      <object_component id="oc-a0">
         <name>.text</name>
         <load_address>0x25f24</load_address>
         <run_address>0x25f24</run_address>
         <size>0x4c</size>
         <input_file_ref idref="fl-102"/>
      </object_component>
      <object_component id="oc-26d">
         <name>.text</name>
         <load_address>0x25f70</load_address>
         <run_address>0x25f70</run_address>
         <size>0x48</size>
         <input_file_ref idref="fl-105"/>
      </object_component>
      <object_component id="oc-328">
         <name>.text</name>
         <load_address>0x25fb8</load_address>
         <run_address>0x25fb8</run_address>
         <size>0x36</size>
         <input_file_ref idref="fl-f7"/>
      </object_component>
      <object_component id="oc-17a">
         <name>.text</name>
         <load_address>0x25fee</load_address>
         <run_address>0x25fee</run_address>
         <size>0x2e</size>
         <input_file_ref idref="fl-e7"/>
      </object_component>
      <object_component id="oc-260">
         <name>.text</name>
         <load_address>0x2601c</load_address>
         <run_address>0x2601c</run_address>
         <size>0x20</size>
         <input_file_ref idref="fl-e9"/>
      </object_component>
      <object_component id="oc-284">
         <name>.text</name>
         <load_address>0x2603c</load_address>
         <run_address>0x2603c</run_address>
         <size>0x1c</size>
         <input_file_ref idref="fl-108"/>
      </object_component>
      <object_component id="oc-6c">
         <name>.text</name>
         <load_address>0x26058</load_address>
         <run_address>0x26058</run_address>
         <size>0x18</size>
         <input_file_ref idref="fl-ff"/>
      </object_component>
      <object_component id="oc-322">
         <name>.text</name>
         <load_address>0x26070</load_address>
         <run_address>0x26070</run_address>
         <size>0x18</size>
         <input_file_ref idref="fl-f5"/>
      </object_component>
      <object_component id="oc-278">
         <name>.text</name>
         <load_address>0x26088</load_address>
         <run_address>0x26088</run_address>
         <size>0x16</size>
         <input_file_ref idref="fl-f4"/>
      </object_component>
      <object_component id="oc-120">
         <name>.text</name>
         <load_address>0x260a0</load_address>
         <run_address>0x260a0</run_address>
         <size>0x14</size>
         <input_file_ref idref="fl-fd"/>
      </object_component>
      <object_component id="oc-305">
         <name>.text</name>
         <load_address>0x260b4</load_address>
         <run_address>0x260b4</run_address>
         <size>0x14</size>
         <input_file_ref idref="fl-109"/>
      </object_component>
      <object_component id="oc-3d0">
         <name>.text</name>
         <load_address>0x260c8</load_address>
         <run_address>0x260c8</run_address>
         <size>0x14</size>
         <input_file_ref idref="fl-10c"/>
      </object_component>
      <object_component id="oc-25a">
         <name>.text</name>
         <load_address>0x260dc</load_address>
         <run_address>0x260dc</run_address>
         <size>0x14</size>
         <input_file_ref idref="fl-f6"/>
      </object_component>
      <object_component id="oc-18">
         <name>.text:decompress:none</name>
         <load_address>0x260f0</load_address>
         <run_address>0x260f0</run_address>
         <size>0xe</size>
         <input_file_ref idref="fl-d4"/>
      </object_component>
      <object_component id="oc-1e">
         <name>.text:decompress:ZI</name>
         <load_address>0x260fe</load_address>
         <run_address>0x260fe</run_address>
         <size>0xc</size>
         <input_file_ref idref="fl-d5"/>
      </object_component>
      <object_component id="oc-2e">
         <name>.text</name>
         <load_address>0x2610a</load_address>
         <run_address>0x2610a</run_address>
         <size>0xc</size>
         <input_file_ref idref="fl-17"/>
      </object_component>
      <object_component id="oc-1ad">
         <name>.text</name>
         <load_address>0x26116</load_address>
         <run_address>0x26116</run_address>
         <size>0x4</size>
         <input_file_ref idref="fl-104"/>
      </object_component>
      <object_component id="oc-60">
         <name>.text</name>
         <load_address>0x2611a</load_address>
         <run_address>0x2611a</run_address>
         <size>0x4</size>
         <input_file_ref idref="fl-ee"/>
      </object_component>
      <object_component id="oc-347">
         <name>.const:.string:_ctypes_</name>
         <load_address>0x26120</load_address>
         <run_address>0x26120</run_address>
         <size>0x101</size>
         <input_file_ref idref="fl-103"/>
      </object_component>
      <object_component id="oc-171">
         <name>.const:$P$T4$5</name>
         <load_address>0x26228</load_address>
         <run_address>0x26228</run_address>
         <size>0x70</size>
         <input_file_ref idref="fl-18"/>
      </object_component>
      <object_component id="oc-16e">
         <name>.const:$P$T3$4</name>
         <load_address>0x26298</load_address>
         <run_address>0x26298</run_address>
         <size>0x50</size>
         <input_file_ref idref="fl-18"/>
      </object_component>
      <object_component id="oc-16b">
         <name>.const:$P$T2$3</name>
         <load_address>0x262e8</load_address>
         <run_address>0x262e8</run_address>
         <size>0x40</size>
         <input_file_ref idref="fl-18"/>
      </object_component>
      <object_component id="oc-232">
         <name>.const:$O1$$</name>
         <load_address>0x26328</load_address>
         <run_address>0x26328</run_address>
         <size>0x30</size>
         <input_file_ref idref="fl-d7"/>
      </object_component>
      <object_component id="oc-168">
         <name>.const:$P$T1$2</name>
         <load_address>0x26358</load_address>
         <run_address>0x26358</run_address>
         <size>0x30</size>
         <input_file_ref idref="fl-18"/>
      </object_component>
      <object_component id="oc-108">
         <name>.const:$P$T23$1</name>
         <load_address>0x26388</load_address>
         <run_address>0x26388</run_address>
         <size>0x28</size>
         <input_file_ref idref="fl-13"/>
      </object_component>
      <object_component id="oc-188">
         <name>.const:$P$T6$7</name>
         <load_address>0x263b0</load_address>
         <run_address>0x263b0</run_address>
         <size>0x28</size>
         <input_file_ref idref="fl-18"/>
      </object_component>
      <object_component id="oc-165">
         <name>.const:$P$T0$1</name>
         <load_address>0x263d8</load_address>
         <run_address>0x263d8</run_address>
         <size>0x20</size>
         <input_file_ref idref="fl-18"/>
      </object_component>
      <object_component id="oc-185">
         <name>.const:$P$T5$6</name>
         <load_address>0x263f8</load_address>
         <run_address>0x263f8</run_address>
         <size>0x14</size>
         <input_file_ref idref="fl-18"/>
      </object_component>
      <object_component id="oc-41b">
         <name>.cinit..data.load</name>
         <load_address>0x26410</load_address>
         <run_address>0x26410</run_address>
         <size>0x70</size>
      </object_component>
      <object_component id="oc-419">
         <name>__TI_handler_table</name>
         <load_address>0x26480</load_address>
         <run_address>0x26480</run_address>
         <size>0xc</size>
      </object_component>
      <object_component id="oc-41c">
         <name>.cinit..bss.load</name>
         <load_address>0x26490</load_address>
         <run_address>0x26490</run_address>
         <size>0x8</size>
      </object_component>
      <object_component id="oc-41a">
         <name>__TI_cinit_table</name>
         <load_address>0x26498</load_address>
         <run_address>0x26498</run_address>
         <size>0x10</size>
      </object_component>
      <object_component id="oc-1a3">
         <name>.data:_ftable</name>
         <load_address>0x2003fc00</load_address>
         <run_address>0x2003fc00</run_address>
         <size>0xf0</size>
         <input_file_ref idref="fl-d6"/>
      </object_component>
      <object_component id="oc-31d">
         <name>.data</name>
         <load_address>0x2003fdc0</load_address>
         <run_address>0x2003fdc0</run_address>
         <size>0x10</size>
         <input_file_ref idref="fl-d6"/>
      </object_component>
      <object_component id="oc-214">
         <name>.data</name>
         <load_address>0x2003fdf0</load_address>
         <run_address>0x2003fdf0</run_address>
         <size>0x4</size>
         <input_file_ref idref="fl-d9"/>
      </object_component>
      <object_component id="oc-b6">
         <name>.data:$O1$$</name>
         <load_address>0x2003fdd0</load_address>
         <run_address>0x2003fdd0</run_address>
         <size>0xc</size>
         <input_file_ref idref="fl-da"/>
      </object_component>
      <object_component id="oc-3c1">
         <name>.data</name>
         <load_address>0x2003fdf4</load_address>
         <run_address>0x2003fdf4</run_address>
         <size>0x4</size>
         <input_file_ref idref="fl-e2"/>
      </object_component>
      <object_component id="oc-32e">
         <name>.data:$O1$$</name>
         <load_address>0x2003fcf0</load_address>
         <run_address>0x2003fcf0</run_address>
         <size>0xd0</size>
         <input_file_ref idref="fl-e8"/>
      </object_component>
      <object_component id="oc-18d">
         <name>.data:$O1$$</name>
         <load_address>0x2003fddc</load_address>
         <run_address>0x2003fddc</run_address>
         <size>0xc</size>
         <input_file_ref idref="fl-eb"/>
      </object_component>
      <object_component id="oc-78">
         <name>.data</name>
         <load_address>0x2003fdf8</load_address>
         <run_address>0x2003fdf8</run_address>
         <size>0x4</size>
         <input_file_ref idref="fl-f3"/>
      </object_component>
      <object_component id="oc-b9">
         <name>.data:$O1$$</name>
         <load_address>0x2003fde8</load_address>
         <run_address>0x2003fde8</run_address>
         <size>0x8</size>
         <input_file_ref idref="fl-fd"/>
      </object_component>
      <object_component id="oc-3d6">
         <name>.bss:parmbuf</name>
         <uninitialized>true</uninitialized>
         <run_address>0x2003ffd8</run_address>
         <size>0x8</size>
         <input_file_ref idref="fl-f9"/>
      </object_component>
      <object_component id="oc-3e7">
         <name>.bss:_CIOBUF_</name>
         <uninitialized>true</uninitialized>
         <run_address>0x2003fdfc</run_address>
         <size>0x120</size>
         <input_file_ref idref="fl-fa"/>
      </object_component>
      <object_component id="oc-1b3">
         <name>.bss:$O1$$</name>
         <uninitialized>true</uninitialized>
         <run_address>0x2003ffbc</run_address>
         <size>0x1c</size>
         <input_file_ref idref="fl-fb"/>
      </object_component>
      <object_component id="oc-3e2">
         <name>.common:__TI_tmpnams</name>
         <uninitialized>true</uninitialized>
         <run_address>0x2003ff1c</run_address>
         <size>0xa0</size>
      </object_component>
      <object_component id="oc-2b">
         <name>.sysmem</name>
         <uninitialized>true</uninitialized>
         <run_address>0x20000000</run_address>
         <size>0x8</size>
         <input_file_ref idref="fl-eb"/>
      </object_component>
      <object_component id="oc-41e">
         <name>.sysmem</name>
         <uninitialized>true</uninitialized>
         <run_address>0x20000000</run_address>
         <size>0x0</size>
      </object_component>
      <object_component id="oc-2a">
         <name>.stack</name>
         <uninitialized>true</uninitialized>
         <run_address>0x2003fa00</run_address>
         <size>0x0</size>
         <input_file_ref idref="fl-d2"/>
      </object_component>
      <object_component id="oc-41d">
         <name>.stack</name>
         <uninitialized>true</uninitialized>
         <run_address>0x2003fa00</run_address>
         <size>0x0</size>
      </object_component>
      <object_component id="oc-13f">
         <name>.debug_info</name>
         <load_address>0x0</load_address>
         <run_address>0x0</run_address>
         <size>0x1ec</size>
         <input_file_ref idref="fl-2"/>
      </object_component>
      <object_component id="oc-df">
         <name>.debug_info</name>
         <load_address>0x1ec</load_address>
         <run_address>0x1ec</run_address>
         <size>0x1dab</size>
         <input_file_ref idref="fl-2"/>
      </object_component>
      <object_component id="oc-205">
         <name>.debug_info</name>
         <load_address>0x1f97</load_address>
         <run_address>0x1f97</run_address>
         <size>0xbb</size>
         <input_file_ref idref="fl-2"/>
      </object_component>
      <object_component id="oc-20a">
         <name>.debug_info</name>
         <load_address>0x2052</load_address>
         <run_address>0x2052</run_address>
         <size>0x110</size>
         <input_file_ref idref="fl-2"/>
      </object_component>
      <object_component id="oc-3d">
         <name>.debug_info</name>
         <load_address>0x2162</load_address>
         <run_address>0x2162</run_address>
         <size>0x84</size>
         <input_file_ref idref="fl-2"/>
      </object_component>
      <object_component id="oc-1a8">
         <name>.debug_info</name>
         <load_address>0x21e6</load_address>
         <run_address>0x21e6</run_address>
         <size>0x4e</size>
         <input_file_ref idref="fl-2"/>
      </object_component>
      <object_component id="oc-1f0">
         <name>.debug_info</name>
         <load_address>0x2234</load_address>
         <run_address>0x2234</run_address>
         <size>0xef</size>
         <input_file_ref idref="fl-2"/>
      </object_component>
      <object_component id="oc-21f">
         <name>.debug_info</name>
         <load_address>0x2323</load_address>
         <run_address>0x2323</run_address>
         <size>0x13d</size>
         <input_file_ref idref="fl-3"/>
      </object_component>
      <object_component id="oc-160">
         <name>.debug_info</name>
         <load_address>0x2460</load_address>
         <run_address>0x2460</run_address>
         <size>0x1b3</size>
         <input_file_ref idref="fl-3"/>
      </object_component>
      <object_component id="oc-2f4">
         <name>.debug_info</name>
         <load_address>0x2613</load_address>
         <run_address>0x2613</run_address>
         <size>0x238</size>
         <input_file_ref idref="fl-4"/>
      </object_component>
      <object_component id="oc-1de">
         <name>.debug_info</name>
         <load_address>0x284b</load_address>
         <run_address>0x284b</run_address>
         <size>0x54f1</size>
         <input_file_ref idref="fl-4"/>
      </object_component>
      <object_component id="oc-1eb">
         <name>.debug_info</name>
         <load_address>0x7d3c</load_address>
         <run_address>0x7d3c</run_address>
         <size>0xc8</size>
         <input_file_ref idref="fl-4"/>
      </object_component>
      <object_component id="oc-2d6">
         <name>.debug_info</name>
         <load_address>0x7e04</load_address>
         <run_address>0x7e04</run_address>
         <size>0x167</size>
         <input_file_ref idref="fl-5"/>
      </object_component>
      <object_component id="oc-1cc">
         <name>.debug_info</name>
         <load_address>0x7f6b</load_address>
         <run_address>0x7f6b</run_address>
         <size>0x30e7</size>
         <input_file_ref idref="fl-5"/>
      </object_component>
      <object_component id="oc-2f2">
         <name>.debug_info</name>
         <load_address>0xb052</load_address>
         <run_address>0xb052</run_address>
         <size>0x96a</size>
         <input_file_ref idref="fl-6"/>
      </object_component>
      <object_component id="oc-1d8">
         <name>.debug_info</name>
         <load_address>0xb9bc</load_address>
         <run_address>0xb9bc</run_address>
         <size>0x1d05</size>
         <input_file_ref idref="fl-6"/>
      </object_component>
      <object_component id="oc-36a">
         <name>.debug_info</name>
         <load_address>0xd6c1</load_address>
         <run_address>0xd6c1</run_address>
         <size>0x10e</size>
         <input_file_ref idref="fl-7"/>
      </object_component>
      <object_component id="oc-2ec">
         <name>.debug_info</name>
         <load_address>0xd7cf</load_address>
         <run_address>0xd7cf</run_address>
         <size>0x387</size>
         <input_file_ref idref="fl-7"/>
      </object_component>
      <object_component id="oc-368">
         <name>.debug_info</name>
         <load_address>0xdb56</load_address>
         <run_address>0xdb56</run_address>
         <size>0x114</size>
         <input_file_ref idref="fl-8"/>
      </object_component>
      <object_component id="oc-2e6">
         <name>.debug_info</name>
         <load_address>0xdc6a</load_address>
         <run_address>0xdc6a</run_address>
         <size>0x207f</size>
         <input_file_ref idref="fl-8"/>
      </object_component>
      <object_component id="oc-364">
         <name>.debug_info</name>
         <load_address>0xfce9</load_address>
         <run_address>0xfce9</run_address>
         <size>0x119</size>
         <input_file_ref idref="fl-9"/>
      </object_component>
      <object_component id="oc-2da">
         <name>.debug_info</name>
         <load_address>0xfe02</load_address>
         <run_address>0xfe02</run_address>
         <size>0x863</size>
         <input_file_ref idref="fl-9"/>
      </object_component>
      <object_component id="oc-2f6">
         <name>.debug_info</name>
         <load_address>0x10665</load_address>
         <run_address>0x10665</run_address>
         <size>0x156</size>
         <input_file_ref idref="fl-a"/>
      </object_component>
      <object_component id="oc-1e4">
         <name>.debug_info</name>
         <load_address>0x107bb</load_address>
         <run_address>0x107bb</run_address>
         <size>0x3345</size>
         <input_file_ref idref="fl-a"/>
      </object_component>
      <object_component id="oc-2d8">
         <name>.debug_info</name>
         <load_address>0x13b00</load_address>
         <run_address>0x13b00</run_address>
         <size>0xd2f</size>
         <input_file_ref idref="fl-b"/>
      </object_component>
      <object_component id="oc-1d2">
         <name>.debug_info</name>
         <load_address>0x1482f</load_address>
         <run_address>0x1482f</run_address>
         <size>0x1c25</size>
         <input_file_ref idref="fl-b"/>
      </object_component>
      <object_component id="oc-366">
         <name>.debug_info</name>
         <load_address>0x16454</load_address>
         <run_address>0x16454</run_address>
         <size>0x183</size>
         <input_file_ref idref="fl-c"/>
      </object_component>
      <object_component id="oc-2e0">
         <name>.debug_info</name>
         <load_address>0x165d7</load_address>
         <run_address>0x165d7</run_address>
         <size>0x20aa</size>
         <input_file_ref idref="fl-c"/>
      </object_component>
      <object_component id="oc-358">
         <name>.debug_info</name>
         <load_address>0x18681</load_address>
         <run_address>0x18681</run_address>
         <size>0x91a</size>
         <input_file_ref idref="fl-d"/>
      </object_component>
      <object_component id="oc-2c2">
         <name>.debug_info</name>
         <load_address>0x18f9b</load_address>
         <run_address>0x18f9b</run_address>
         <size>0x21a7</size>
         <input_file_ref idref="fl-d"/>
      </object_component>
      <object_component id="oc-35a">
         <name>.debug_info</name>
         <load_address>0x1b142</load_address>
         <run_address>0x1b142</run_address>
         <size>0x26d</size>
         <input_file_ref idref="fl-e"/>
      </object_component>
      <object_component id="oc-2c8">
         <name>.debug_info</name>
         <load_address>0x1b3af</load_address>
         <run_address>0x1b3af</run_address>
         <size>0xcbc</size>
         <input_file_ref idref="fl-e"/>
      </object_component>
      <object_component id="oc-2d4">
         <name>.debug_info</name>
         <load_address>0x1c06b</load_address>
         <run_address>0x1c06b</run_address>
         <size>0xac5</size>
         <input_file_ref idref="fl-f"/>
      </object_component>
      <object_component id="oc-1c6">
         <name>.debug_info</name>
         <load_address>0x1cb30</load_address>
         <run_address>0x1cb30</run_address>
         <size>0x1aa4</size>
         <input_file_ref idref="fl-f"/>
      </object_component>
      <object_component id="oc-1c4">
         <name>.debug_info</name>
         <load_address>0x1e5d4</load_address>
         <run_address>0x1e5d4</run_address>
         <size>0x172</size>
         <input_file_ref idref="fl-10"/>
      </object_component>
      <object_component id="oc-fd">
         <name>.debug_info</name>
         <load_address>0x1e746</load_address>
         <run_address>0x1e746</run_address>
         <size>0x30e</size>
         <input_file_ref idref="fl-10"/>
      </object_component>
      <object_component id="oc-10c">
         <name>.debug_info</name>
         <load_address>0x1ea54</load_address>
         <run_address>0x1ea54</run_address>
         <size>0x5e9</size>
         <input_file_ref idref="fl-13"/>
      </object_component>
      <object_component id="oc-109">
         <name>.debug_info</name>
         <load_address>0x1f03d</load_address>
         <run_address>0x1f03d</run_address>
         <size>0xe2</size>
         <input_file_ref idref="fl-13"/>
      </object_component>
      <object_component id="oc-af">
         <name>.debug_info</name>
         <load_address>0x1f11f</load_address>
         <run_address>0x1f11f</run_address>
         <size>0x1691</size>
         <input_file_ref idref="fl-13"/>
      </object_component>
      <object_component id="oc-112">
         <name>.debug_info</name>
         <load_address>0x207b0</load_address>
         <run_address>0x207b0</run_address>
         <size>0x2d0</size>
         <input_file_ref idref="fl-13"/>
      </object_component>
      <object_component id="oc-1f9">
         <name>.debug_info</name>
         <load_address>0x20a80</load_address>
         <run_address>0x20a80</run_address>
         <size>0x6f</size>
         <input_file_ref idref="fl-13"/>
      </object_component>
      <object_component id="oc-10d">
         <name>.debug_info</name>
         <load_address>0x20aef</load_address>
         <run_address>0x20aef</run_address>
         <size>0x116</size>
         <input_file_ref idref="fl-13"/>
      </object_component>
      <object_component id="oc-1ea">
         <name>.debug_info</name>
         <load_address>0x20c05</load_address>
         <run_address>0x20c05</run_address>
         <size>0x964</size>
         <input_file_ref idref="fl-14"/>
      </object_component>
      <object_component id="oc-103">
         <name>.debug_info</name>
         <load_address>0x21569</load_address>
         <run_address>0x21569</run_address>
         <size>0x2501</size>
         <input_file_ref idref="fl-14"/>
      </object_component>
      <object_component id="oc-36">
         <name>.debug_info</name>
         <load_address>0x23a6a</load_address>
         <run_address>0x23a6a</run_address>
         <size>0x114</size>
         <input_file_ref idref="fl-17"/>
      </object_component>
      <object_component id="oc-10">
         <name>.debug_info</name>
         <load_address>0x23b7e</load_address>
         <run_address>0x23b7e</run_address>
         <size>0xff</size>
         <input_file_ref idref="fl-17"/>
      </object_component>
      <object_component id="oc-2f">
         <name>.debug_info</name>
         <load_address>0x23c7d</load_address>
         <run_address>0x23c7d</run_address>
         <size>0x27e</size>
         <input_file_ref idref="fl-17"/>
      </object_component>
      <object_component id="oc-83">
         <name>.debug_info</name>
         <load_address>0x23efb</load_address>
         <run_address>0x23efb</run_address>
         <size>0x18b</size>
         <input_file_ref idref="fl-17"/>
      </object_component>
      <object_component id="oc-18c">
         <name>.debug_info</name>
         <load_address>0x24086</load_address>
         <run_address>0x24086</run_address>
         <size>0x371</size>
         <input_file_ref idref="fl-18"/>
      </object_component>
      <object_component id="oc-166">
         <name>.debug_info</name>
         <load_address>0x243f7</load_address>
         <run_address>0x243f7</run_address>
         <size>0xe1</size>
         <input_file_ref idref="fl-18"/>
      </object_component>
      <object_component id="oc-169">
         <name>.debug_info</name>
         <load_address>0x244d8</load_address>
         <run_address>0x244d8</run_address>
         <size>0xe1</size>
         <input_file_ref idref="fl-18"/>
      </object_component>
      <object_component id="oc-16c">
         <name>.debug_info</name>
         <load_address>0x245b9</load_address>
         <run_address>0x245b9</run_address>
         <size>0xe1</size>
         <input_file_ref idref="fl-18"/>
      </object_component>
      <object_component id="oc-16f">
         <name>.debug_info</name>
         <load_address>0x2469a</load_address>
         <run_address>0x2469a</run_address>
         <size>0xe1</size>
         <input_file_ref idref="fl-18"/>
      </object_component>
      <object_component id="oc-172">
         <name>.debug_info</name>
         <load_address>0x2477b</load_address>
         <run_address>0x2477b</run_address>
         <size>0xe1</size>
         <input_file_ref idref="fl-18"/>
      </object_component>
      <object_component id="oc-186">
         <name>.debug_info</name>
         <load_address>0x2485c</load_address>
         <run_address>0x2485c</run_address>
         <size>0xe1</size>
         <input_file_ref idref="fl-18"/>
      </object_component>
      <object_component id="oc-189">
         <name>.debug_info</name>
         <load_address>0x2493d</load_address>
         <run_address>0x2493d</run_address>
         <size>0xe1</size>
         <input_file_ref idref="fl-18"/>
      </object_component>
      <object_component id="oc-e5">
         <name>.debug_info</name>
         <load_address>0x24a1e</load_address>
         <run_address>0x24a1e</run_address>
         <size>0x2129</size>
         <input_file_ref idref="fl-18"/>
      </object_component>
      <object_component id="oc-25">
         <name>.debug_info</name>
         <load_address>0x26b47</load_address>
         <run_address>0x26b47</run_address>
         <size>0x160</size>
         <input_file_ref idref="fl-d2"/>
      </object_component>
      <object_component id="oc-8d">
         <name>.debug_info</name>
         <load_address>0x26ca7</load_address>
         <run_address>0x26ca7</run_address>
         <size>0xf9</size>
         <input_file_ref idref="fl-d3"/>
      </object_component>
      <object_component id="oc-13">
         <name>.debug_info</name>
         <load_address>0x26da0</load_address>
         <run_address>0x26da0</run_address>
         <size>0x245</size>
         <input_file_ref idref="fl-d3"/>
      </object_component>
      <object_component id="oc-38">
         <name>.debug_info</name>
         <load_address>0x26fe5</load_address>
         <run_address>0x26fe5</run_address>
         <size>0x60</size>
         <input_file_ref idref="fl-d3"/>
      </object_component>
      <object_component id="oc-88">
         <name>.debug_info</name>
         <load_address>0x27045</load_address>
         <run_address>0x27045</run_address>
         <size>0x46</size>
         <input_file_ref idref="fl-d3"/>
      </object_component>
      <object_component id="oc-4d">
         <name>.debug_info</name>
         <load_address>0x2708b</load_address>
         <run_address>0x2708b</run_address>
         <size>0x140</size>
         <input_file_ref idref="fl-d4"/>
      </object_component>
      <object_component id="oc-1c">
         <name>.debug_info</name>
         <load_address>0x271cb</load_address>
         <run_address>0x271cb</run_address>
         <size>0x1df</size>
         <input_file_ref idref="fl-d4"/>
      </object_component>
      <object_component id="oc-48">
         <name>.debug_info</name>
         <load_address>0x273aa</load_address>
         <run_address>0x273aa</run_address>
         <size>0x46</size>
         <input_file_ref idref="fl-d4"/>
      </object_component>
      <object_component id="oc-8f">
         <name>.debug_info</name>
         <load_address>0x273f0</load_address>
         <run_address>0x273f0</run_address>
         <size>0x2c</size>
         <input_file_ref idref="fl-d4"/>
      </object_component>
      <object_component id="oc-59">
         <name>.debug_info</name>
         <load_address>0x2741c</load_address>
         <run_address>0x2741c</run_address>
         <size>0x12f</size>
         <input_file_ref idref="fl-d5"/>
      </object_component>
      <object_component id="oc-22">
         <name>.debug_info</name>
         <load_address>0x2754b</load_address>
         <run_address>0x2754b</run_address>
         <size>0x1aa</size>
         <input_file_ref idref="fl-d5"/>
      </object_component>
      <object_component id="oc-54">
         <name>.debug_info</name>
         <load_address>0x276f5</load_address>
         <run_address>0x276f5</run_address>
         <size>0x46</size>
         <input_file_ref idref="fl-d5"/>
      </object_component>
      <object_component id="oc-97">
         <name>.debug_info</name>
         <load_address>0x2773b</load_address>
         <run_address>0x2773b</run_address>
         <size>0x2c</size>
         <input_file_ref idref="fl-d5"/>
      </object_component>
      <object_component id="oc-29d">
         <name>.debug_info</name>
         <load_address>0x27767</load_address>
         <run_address>0x27767</run_address>
         <size>0x139</size>
         <input_file_ref idref="fl-d6"/>
      </object_component>
      <object_component id="oc-1a4">
         <name>.debug_info</name>
         <load_address>0x278a0</load_address>
         <run_address>0x278a0</run_address>
         <size>0xf7</size>
         <input_file_ref idref="fl-d6"/>
      </object_component>
      <object_component id="oc-31e">
         <name>.debug_info</name>
         <load_address>0x27997</load_address>
         <run_address>0x27997</run_address>
         <size>0x184</size>
         <input_file_ref idref="fl-d6"/>
      </object_component>
      <object_component id="oc-2a1">
         <name>.debug_info</name>
         <load_address>0x27b1b</load_address>
         <run_address>0x27b1b</run_address>
         <size>0xae</size>
         <input_file_ref idref="fl-d6"/>
      </object_component>
      <object_component id="oc-23c">
         <name>.debug_info</name>
         <load_address>0x27bc9</load_address>
         <run_address>0x27bc9</run_address>
         <size>0x201</size>
         <input_file_ref idref="fl-d7"/>
      </object_component>
      <object_component id="oc-233">
         <name>.debug_info</name>
         <load_address>0x27dca</load_address>
         <run_address>0x27dca</run_address>
         <size>0x11d</size>
         <input_file_ref idref="fl-d7"/>
      </object_component>
      <object_component id="oc-182">
         <name>.debug_info</name>
         <load_address>0x27ee7</load_address>
         <run_address>0x27ee7</run_address>
         <size>0xb75</size>
         <input_file_ref idref="fl-d7"/>
      </object_component>
      <object_component id="oc-218">
         <name>.debug_info</name>
         <load_address>0x28a5c</load_address>
         <run_address>0x28a5c</run_address>
         <size>0x39</size>
         <input_file_ref idref="fl-d7"/>
      </object_component>
      <object_component id="oc-21d">
         <name>.debug_info</name>
         <load_address>0x28a95</load_address>
         <run_address>0x28a95</run_address>
         <size>0x149</size>
         <input_file_ref idref="fl-d8"/>
      </object_component>
      <object_component id="oc-15a">
         <name>.debug_info</name>
         <load_address>0x28bde</load_address>
         <run_address>0x28bde</run_address>
         <size>0x240</size>
         <input_file_ref idref="fl-d8"/>
      </object_component>
      <object_component id="oc-215">
         <name>.debug_info</name>
         <load_address>0x28e1e</load_address>
         <run_address>0x28e1e</run_address>
         <size>0xf3</size>
         <input_file_ref idref="fl-d9"/>
      </object_component>
      <object_component id="oc-bd">
         <name>.debug_info</name>
         <load_address>0x28f11</load_address>
         <run_address>0x28f11</run_address>
         <size>0x234</size>
         <input_file_ref idref="fl-da"/>
      </object_component>
      <object_component id="oc-b7">
         <name>.debug_info</name>
         <load_address>0x29145</load_address>
         <run_address>0x29145</run_address>
         <size>0x185</size>
         <input_file_ref idref="fl-da"/>
      </object_component>
      <object_component id="oc-74">
         <name>.debug_info</name>
         <load_address>0x292ca</load_address>
         <run_address>0x292ca</run_address>
         <size>0x214</size>
         <input_file_ref idref="fl-da"/>
      </object_component>
      <object_component id="oc-3e4">
         <name>.debug_info</name>
         <load_address>0x294de</load_address>
         <run_address>0x294de</run_address>
         <size>0x200</size>
         <input_file_ref idref="fl-db"/>
      </object_component>
      <object_component id="oc-3bc">
         <name>.debug_info</name>
         <load_address>0x296de</load_address>
         <run_address>0x296de</run_address>
         <size>0x298</size>
         <input_file_ref idref="fl-db"/>
      </object_component>
      <object_component id="oc-147">
         <name>.debug_info</name>
         <load_address>0x29976</load_address>
         <run_address>0x29976</run_address>
         <size>0x144</size>
         <input_file_ref idref="fl-dc"/>
      </object_component>
      <object_component id="oc-150">
         <name>.debug_info</name>
         <load_address>0x29aba</load_address>
         <run_address>0x29aba</run_address>
         <size>0x120</size>
         <input_file_ref idref="fl-dd"/>
      </object_component>
      <object_component id="oc-14b">
         <name>.debug_info</name>
         <load_address>0x29bda</load_address>
         <run_address>0x29bda</run_address>
         <size>0x122</size>
         <input_file_ref idref="fl-dd"/>
      </object_component>
      <object_component id="oc-155">
         <name>.debug_info</name>
         <load_address>0x29cfc</load_address>
         <run_address>0x29cfc</run_address>
         <size>0x132</size>
         <input_file_ref idref="fl-de"/>
      </object_component>
      <object_component id="oc-141">
         <name>.debug_info</name>
         <load_address>0x29e2e</load_address>
         <run_address>0x29e2e</run_address>
         <size>0x132</size>
         <input_file_ref idref="fl-df"/>
      </object_component>
      <object_component id="oc-321">
         <name>.debug_info</name>
         <load_address>0x29f60</load_address>
         <run_address>0x29f60</run_address>
         <size>0x1a2</size>
         <input_file_ref idref="fl-e1"/>
      </object_component>
      <object_component id="oc-24d">
         <name>.debug_info</name>
         <load_address>0x2a102</load_address>
         <run_address>0x2a102</run_address>
         <size>0x25a</size>
         <input_file_ref idref="fl-e1"/>
      </object_component>
      <object_component id="oc-3c3">
         <name>.debug_info</name>
         <load_address>0x2a35c</load_address>
         <run_address>0x2a35c</run_address>
         <size>0x23c</size>
         <input_file_ref idref="fl-e2"/>
      </object_component>
      <object_component id="oc-377">
         <name>.debug_info</name>
         <load_address>0x2a598</load_address>
         <run_address>0x2a598</run_address>
         <size>0x455</size>
         <input_file_ref idref="fl-e2"/>
      </object_component>
      <object_component id="oc-c3">
         <name>.debug_info</name>
         <load_address>0x2a9ed</load_address>
         <run_address>0x2a9ed</run_address>
         <size>0x2c</size>
         <input_file_ref idref="fl-e2"/>
      </object_component>
      <object_component id="oc-202">
         <name>.debug_info</name>
         <load_address>0x2aa19</load_address>
         <run_address>0x2aa19</run_address>
         <size>0x20a</size>
         <input_file_ref idref="fl-e3"/>
      </object_component>
      <object_component id="oc-13a">
         <name>.debug_info</name>
         <load_address>0x2ac23</load_address>
         <run_address>0x2ac23</run_address>
         <size>0x2ab</size>
         <input_file_ref idref="fl-e3"/>
      </object_component>
      <object_component id="oc-259">
         <name>.debug_info</name>
         <load_address>0x2aece</load_address>
         <run_address>0x2aece</run_address>
         <size>0x1de</size>
         <input_file_ref idref="fl-e4"/>
      </object_component>
      <object_component id="oc-193">
         <name>.debug_info</name>
         <load_address>0x2b0ac</load_address>
         <run_address>0x2b0ac</run_address>
         <size>0x23f</size>
         <input_file_ref idref="fl-e4"/>
      </object_component>
      <object_component id="oc-267">
         <name>.debug_info</name>
         <load_address>0x2b2eb</load_address>
         <run_address>0x2b2eb</run_address>
         <size>0x2a2</size>
         <input_file_ref idref="fl-e5"/>
      </object_component>
      <object_component id="oc-19b">
         <name>.debug_info</name>
         <load_address>0x2b58d</load_address>
         <run_address>0x2b58d</run_address>
         <size>0x359</size>
         <input_file_ref idref="fl-e5"/>
      </object_component>
      <object_component id="oc-17d">
         <name>.debug_info</name>
         <load_address>0x2b8e6</load_address>
         <run_address>0x2b8e6</run_address>
         <size>0x124</size>
         <input_file_ref idref="fl-e7"/>
      </object_component>
      <object_component id="oc-332">
         <name>.debug_info</name>
         <load_address>0x2ba0a</load_address>
         <run_address>0x2ba0a</run_address>
         <size>0x4a0</size>
         <input_file_ref idref="fl-e8"/>
      </object_component>
      <object_component id="oc-32f">
         <name>.debug_info</name>
         <load_address>0x2beaa</load_address>
         <run_address>0x2beaa</run_address>
         <size>0x116</size>
         <input_file_ref idref="fl-e8"/>
      </object_component>
      <object_component id="oc-256">
         <name>.debug_info</name>
         <load_address>0x2bfc0</load_address>
         <run_address>0x2bfc0</run_address>
         <size>0xb0b</size>
         <input_file_ref idref="fl-e8"/>
      </object_component>
      <object_component id="oc-397">
         <name>.debug_info</name>
         <load_address>0x2cacb</load_address>
         <run_address>0x2cacb</run_address>
         <size>0x120</size>
         <input_file_ref idref="fl-e8"/>
      </object_component>
      <object_component id="oc-296">
         <name>.debug_info</name>
         <load_address>0x2cbeb</load_address>
         <run_address>0x2cbeb</run_address>
         <size>0x2c</size>
         <input_file_ref idref="fl-e8"/>
      </object_component>
      <object_component id="oc-334">
         <name>.debug_info</name>
         <load_address>0x2cc17</load_address>
         <run_address>0x2cc17</run_address>
         <size>0x2c</size>
         <input_file_ref idref="fl-e8"/>
      </object_component>
      <object_component id="oc-33e">
         <name>.debug_info</name>
         <load_address>0x2cc43</load_address>
         <run_address>0x2cc43</run_address>
         <size>0x100</size>
         <input_file_ref idref="fl-e9"/>
      </object_component>
      <object_component id="oc-261">
         <name>.debug_info</name>
         <load_address>0x2cd43</load_address>
         <run_address>0x2cd43</run_address>
         <size>0x242</size>
         <input_file_ref idref="fl-e9"/>
      </object_component>
      <object_component id="oc-44">
         <name>.debug_info</name>
         <load_address>0x2cf85</load_address>
         <run_address>0x2cf85</run_address>
         <size>0x111</size>
         <input_file_ref idref="fl-ea"/>
      </object_component>
      <object_component id="oc-7e">
         <name>.debug_info</name>
         <load_address>0x2d096</load_address>
         <run_address>0x2d096</run_address>
         <size>0x222</size>
         <input_file_ref idref="fl-eb"/>
      </object_component>
      <object_component id="oc-2c">
         <name>.debug_info</name>
         <load_address>0x2d2b8</load_address>
         <run_address>0x2d2b8</run_address>
         <size>0x101</size>
         <input_file_ref idref="fl-eb"/>
      </object_component>
      <object_component id="oc-18e">
         <name>.debug_info</name>
         <load_address>0x2d3b9</load_address>
         <run_address>0x2d3b9</run_address>
         <size>0x14c</size>
         <input_file_ref idref="fl-eb"/>
      </object_component>
      <object_component id="oc-ec">
         <name>.debug_info</name>
         <load_address>0x2d505</load_address>
         <run_address>0x2d505</run_address>
         <size>0x885</size>
         <input_file_ref idref="fl-eb"/>
      </object_component>
      <object_component id="oc-c8">
         <name>.debug_info</name>
         <load_address>0x2dd8a</load_address>
         <run_address>0x2dd8a</run_address>
         <size>0x62</size>
         <input_file_ref idref="fl-eb"/>
      </object_component>
      <object_component id="oc-50">
         <name>.debug_info</name>
         <load_address>0x2ddec</load_address>
         <run_address>0x2ddec</run_address>
         <size>0x13f</size>
         <input_file_ref idref="fl-ec"/>
      </object_component>
      <object_component id="oc-5b">
         <name>.debug_info</name>
         <load_address>0x2df2b</load_address>
         <run_address>0x2df2b</run_address>
         <size>0x138</size>
         <input_file_ref idref="fl-ed"/>
      </object_component>
      <object_component id="oc-61">
         <name>.debug_info</name>
         <load_address>0x2e063</load_address>
         <run_address>0x2e063</run_address>
         <size>0x148</size>
         <input_file_ref idref="fl-ee"/>
      </object_component>
      <object_component id="oc-1a7">
         <name>.debug_info</name>
         <load_address>0x2e1ab</load_address>
         <run_address>0x2e1ab</run_address>
         <size>0x22c</size>
         <input_file_ref idref="fl-ef"/>
      </object_component>
      <object_component id="oc-f2">
         <name>.debug_info</name>
         <load_address>0x2e3d7</load_address>
         <run_address>0x2e3d7</run_address>
         <size>0x284</size>
         <input_file_ref idref="fl-ef"/>
      </object_component>
      <object_component id="oc-22b">
         <name>.debug_info</name>
         <load_address>0x2e65b</load_address>
         <run_address>0x2e65b</run_address>
         <size>0x13f</size>
         <input_file_ref idref="fl-f1"/>
      </object_component>
      <object_component id="oc-176">
         <name>.debug_info</name>
         <load_address>0x2e79a</load_address>
         <run_address>0x2e79a</run_address>
         <size>0x18a</size>
         <input_file_ref idref="fl-f1"/>
      </object_component>
      <object_component id="oc-22c">
         <name>.debug_info</name>
         <load_address>0x2e924</load_address>
         <run_address>0x2e924</run_address>
         <size>0x2c</size>
         <input_file_ref idref="fl-f1"/>
      </object_component>
      <object_component id="oc-30c">
         <name>.debug_info</name>
         <load_address>0x2e950</load_address>
         <run_address>0x2e950</run_address>
         <size>0x17c</size>
         <input_file_ref idref="fl-f2"/>
      </object_component>
      <object_component id="oc-236">
         <name>.debug_info</name>
         <load_address>0x2eacc</load_address>
         <run_address>0x2eacc</run_address>
         <size>0x1d5</size>
[...]
         <object_component_ref idref="oc-17f"/>
      </symbol>
      <symbol id="sm-bbf">
         <name>powl</name>
         <value>0x22065</value>
         <object_component_ref idref="oc-17f"/>
      </symbol>
      <symbol id="sm-be3">
         <name>sqrtl</name>
         <value>0x24d0d</value>
         <object_component_ref idref="oc-159"/>
      </symbol>
      <symbol id="sm-be4">
         <name>sqrt</name>
         <value>0x24d0d</value>
         <object_component_ref idref="oc-159"/>
      </symbol>
      <symbol id="sm-bec">
         <name>errno</name>
         <value>0x2003fdf0</value>
         <object_component_ref idref="oc-214"/>
      </symbol>
      <symbol id="sm-c0d">
         <name>C$$EXIT</name>
         <value>0x25e85</value>
         <object_component_ref idref="oc-72"/>
      </symbol>
      <symbol id="sm-c0e">
         <name>abort</name>
         <value>0x25e89</value>
         <object_component_ref idref="oc-72"/>
      </symbol>
      <symbol id="sm-c0f">
         <name>exit</name>
         <value>0x25e91</value>
         <object_component_ref idref="oc-72"/>
      </symbol>
      <symbol id="sm-c10">
         <name>__TI_dtors_ptr</name>
         <value>0x2003fdd4</value>
         <object_component_ref idref="oc-b6"/>
      </symbol>
      <symbol id="sm-c11">
         <name>__TI_cleanup_ptr</name>
         <value>0x2003fdd0</value>
         <object_component_ref idref="oc-b6"/>
      </symbol>
      <symbol id="sm-c12">
         <name>__TI_enable_exit_profile_output</name>
         <value>0x2003fdd8</value>
         <object_component_ref idref="oc-b6"/>
      </symbol>
      <symbol id="sm-c28">
         <name>__TI_closefile</name>
         <value>0x257a9</value>
         <object_component_ref idref="oc-3bb"/>
      </symbol>
      <symbol id="sm-c29">
         <name>fclose</name>
         <value>0x2580f</value>
         <object_component_ref idref="oc-3bb"/>
      </symbol>
      <symbol id="sm-c40">
         <name>__aeabi_dsub</name>
         <value>0x24b55</value>
         <object_component_ref idref="oc-145"/>
      </symbol>
      <symbol id="sm-c41">
         <name>__aeabi_dadd</name>
         <value>0x24b5f</value>
         <object_component_ref idref="oc-145"/>
      </symbol>
      <symbol id="sm-c63">
         <name>__aeabi_cdcmpeq</name>
         <value>0x2596d</value>
         <object_component_ref idref="oc-14f"/>
      </symbol>
      <symbol id="sm-c64">
         <name>__aeabi_cdcmple</name>
         <value>0x2596d</value>
         <object_component_ref idref="oc-14f"/>
      </symbol>
      <symbol id="sm-c65">
         <name>__aeabi_cdrcmple</name>
         <value>0x259f3</value>
         <object_component_ref idref="oc-14a"/>
      </symbol>
      <symbol id="sm-c79">
         <name>__aeabi_ddiv</name>
         <value>0x24e7d</value>
         <object_component_ref idref="oc-154"/>
      </symbol>
      <symbol id="sm-c84">
         <name>__aeabi_dmul</name>
         <value>0x251f9</value>
         <object_component_ref idref="oc-140"/>
      </symbol>
      <symbol id="sm-c9f">
         <name>__TI_doflush</name>
         <value>0x25599</value>
         <object_component_ref idref="oc-24c"/>
      </symbol>
      <symbol id="sm-ca0">
         <name>fflush</name>
         <value>0x255e5</value>
         <object_component_ref idref="oc-24c"/>
      </symbol>
      <symbol id="sm-cd7">
         <name>__TI_cleanup</name>
         <value>0x24a59</value>
         <object_component_ref idref="oc-376"/>
      </symbol>
      <symbol id="sm-cd8">
         <name>freopen</name>
         <value>0x24a85</value>
         <object_component_ref idref="oc-376"/>
      </symbol>
      <symbol id="sm-cd9">
         <name>fopen</name>
         <value>0x24aaf</value>
         <object_component_ref idref="oc-376"/>
      </symbol>
      <symbol id="sm-cf1">
         <name>fprintf</name>
         <value>0x25bdd</value>
         <object_component_ref idref="oc-138"/>
      </symbol>
      <symbol id="sm-d08">
         <name>putc</name>
         <value>0x25841</value>
         <object_component_ref idref="oc-191"/>
      </symbol>
      <symbol id="sm-d09">
         <name>fputc</name>
         <value>0x25841</value>
         <object_component_ref idref="oc-191"/>
      </symbol>
      <symbol id="sm-d0a">
         <name>putchar</name>
         <value>0x258c5</value>
         <object_component_ref idref="oc-191"/>
      </symbol>
      <symbol id="sm-d2c">
         <name>puts</name>
         <value>0x250c1</value>
         <object_component_ref idref="oc-197"/>
      </symbol>
      <symbol id="sm-d2d">
         <name>fputs</name>
         <value>0x24fb5</value>
         <object_component_ref idref="oc-197"/>
      </symbol>
      <symbol id="sm-d38">
         <name>__aeabi_i2d</name>
         <value>0x25fef</value>
         <object_component_ref idref="oc-17a"/>
      </symbol>
      <symbol id="sm-d8b">
         <name>open</name>
         <value>0x240cb</value>
         <object_component_ref idref="oc-252"/>
      </symbol>
      <symbol id="sm-d8c">
         <name>add_device</name>
         <value>0x241ed</value>
         <object_component_ref idref="oc-252"/>
      </symbol>
      <symbol id="sm-d8d">
         <name>remove_device</name>
         <value>0x2407f</value>
         <object_component_ref idref="oc-252"/>
      </symbol>
      <symbol id="sm-d8e">
         <name>lseek</name>
         <value>0x24179</value>
         <object_component_ref idref="oc-252"/>
      </symbol>
      <symbol id="sm-d8f">
         <name>read</name>
         <value>0x240a7</value>
         <object_component_ref idref="oc-252"/>
      </symbol>
      <symbol id="sm-d90">
         <name>rename</name>
         <value>0x24041</value>
         <object_component_ref idref="oc-252"/>
      </symbol>
      <symbol id="sm-d91">
         <name>write</name>
         <value>0x23f8d</value>
         <object_component_ref idref="oc-252"/>
      </symbol>
      <symbol id="sm-d92">
         <name>close</name>
         <value>0x2419d</value>
         <object_component_ref idref="oc-252"/>
      </symbol>
      <symbol id="sm-d93">
         <name>unlink</name>
         <value>0x2401d</value>
         <object_component_ref idref="oc-252"/>
      </symbol>
      <symbol id="sm-da3">
         <name>memchr</name>
         <value>0x2601d</value>
         <object_component_ref idref="oc-260"/>
      </symbol>
      <symbol id="sm-dbe">
         <name>memcpy</name>
         <value>0x2570d</value>
         <object_component_ref idref="oc-42"/>
      </symbol>
      <symbol id="sm-dbf">
         <name>__aeabi_memcpy</name>
         <value>0x2570d</value>
         <object_component_ref idref="oc-42"/>
      </symbol>
      <symbol id="sm-dc0">
         <name>__aeabi_memcpy8</name>
         <value>0x2570d</value>
         <object_component_ref idref="oc-42"/>
      </symbol>
      <symbol id="sm-dc1">
         <name>__aeabi_memcpy4</name>
         <value>0x2570d</value>
         <object_component_ref idref="oc-42"/>
      </symbol>
      <symbol id="sm-e30">
         <name>_sys_memory</name>
         <value>0x20000000</value>
         <object_component_ref idref="oc-2b"/>
      </symbol>
      <symbol id="sm-e31">
         <name>free</name>
         <value>0x23983</value>
         <object_component_ref idref="oc-ea"/>
      </symbol>
      <symbol id="sm-e32">
         <name>realloc</name>
         <value>0x23a45</value>
         <object_component_ref idref="oc-ea"/>
      </symbol>
      <symbol id="sm-e33">
         <name>memalign</name>
         <value>0x23b4d</value>
         <object_component_ref idref="oc-ea"/>
      </symbol>
      <symbol id="sm-e34">
         <name>calloc</name>
         <value>0x23c39</value>
         <object_component_ref idref="oc-ea"/>
      </symbol>
      <symbol id="sm-e35">
         <name>malloc</name>
         <value>0x23919</value>
         <object_component_ref idref="oc-ea"/>
      </symbol>
      <symbol id="sm-e36">
         <name>minit</name>
         <value>0x23899</value>
         <object_component_ref idref="oc-ea"/>
      </symbol>
      <symbol id="sm-e45">
         <name>__aeabi_memset</name>
         <value>0x25a7b</value>
         <object_component_ref idref="oc-4e"/>
      </symbol>
      <symbol id="sm-e46">
         <name>memset</name>
         <value>0x25a81</value>
         <object_component_ref idref="oc-4e"/>
      </symbol>
      <symbol id="sm-e47">
         <name>__aeabi_memset8</name>
         <value>0x25a7b</value>
         <object_component_ref idref="oc-4e"/>
      </symbol>
      <symbol id="sm-e48">
         <name>__aeabi_memset4</name>
         <value>0x25a7b</value>
         <object_component_ref idref="oc-4e"/>
      </symbol>
      <symbol id="sm-e49">
         <name>__aeabi_memclr8</name>
         <value>0x25a79</value>
         <object_component_ref idref="oc-4e"/>
      </symbol>
      <symbol id="sm-e4a">
         <name>__aeabi_memclr4</name>
         <value>0x25a79</value>
         <object_component_ref idref="oc-4e"/>
      </symbol>
      <symbol id="sm-e4b">
         <name>__aeabi_memclr</name>
         <value>0x25a79</value>
         <object_component_ref idref="oc-4e"/>
      </symbol>
      <symbol id="sm-e55">
         <name>__mpu_init</name>
         <value>0x5e53</value>
         <object_component_ref idref="oc-5a"/>
      </symbol>
      <symbol id="sm-e5f">
         <name>_system_pre_init</name>
         <value>0x2611b</value>
         <object_component_ref idref="oc-60"/>
      </symbol>
      <symbol id="sm-e78">
         <name>printf</name>
         <value>0x25b6d</value>
         <object_component_ref idref="oc-f0"/>
      </symbol>
      <symbol id="sm-e94">
         <name>frexpl</name>
         <value>0x25d75</value>
         <object_component_ref idref="oc-174"/>
      </symbol>
      <symbol id="sm-e95">
         <name>frexp</name>
         <value>0x25d75</value>
         <object_component_ref idref="oc-174"/>
      </symbol>
      <symbol id="sm-eb2">
         <name>scalbn</name>
         <value>0x252f5</value>
         <object_component_ref idref="oc-235"/>
      </symbol>
      <symbol id="sm-eb3">
         <name>scalbnl</name>
         <value>0x252f5</value>
         <object_component_ref idref="oc-235"/>
      </symbol>
      <symbol id="sm-eb4">
         <name>ldexpl</name>
         <value>0x252f5</value>
         <object_component_ref idref="oc-235"/>
      </symbol>
      <symbol id="sm-eb5">
         <name>ldexp</name>
         <value>0x252f5</value>
         <object_component_ref idref="oc-235"/>
      </symbol>
      <symbol id="sm-ebd">
         <name>main_func_sp</name>
         <value>0x2003fdf8</value>
         <object_component_ref idref="oc-78"/>
      </symbol>
      <symbol id="sm-ecd">
         <name>strchr</name>
         <value>0x26089</value>
         <object_component_ref idref="oc-278"/>
      </symbol>
      <symbol id="sm-edc">
         <name>strcmp</name>
         <value>0x26071</value>
         <object_component_ref idref="oc-322"/>
      </symbol>
      <symbol id="sm-eea">
         <name>strlen</name>
         <value>0x260dd</value>
         <object_component_ref idref="oc-25a"/>
      </symbol>
      <symbol id="sm-efa">
         <name>strncpy</name>
         <value>0x25fb9</value>
         <object_component_ref idref="oc-328"/>
      </symbol>
      <symbol id="sm-f20">
         <name>fmin</name>
         <value>0x24597</value>
         <object_component_ref idref="oc-2cd"/>
      </symbol>
      <symbol id="sm-f21">
         <name>fmax</name>
         <value>0x246c7</value>
         <object_component_ref idref="oc-2cd"/>
      </symbol>
      <symbol id="sm-f22">
         <name>fmaxl</name>
         <value>0x246c7</value>
         <object_component_ref idref="oc-2cd"/>
      </symbol>
      <symbol id="sm-f23">
         <name>fmaxf</name>
         <value>0x24669</value>
         <object_component_ref idref="oc-2cd"/>
      </symbol>
      <symbol id="sm-f24">
         <name>fminl</name>
         <value>0x24597</value>
         <object_component_ref idref="oc-2cd"/>
      </symbol>
      <symbol id="sm-f25">
         <name>fminf</name>
         <value>0x24531</value>
         <object_component_ref idref="oc-2cd"/>
      </symbol>
      <symbol id="sm-f4c">
         <name>HOSTgetenv</name>
         <value>0x23ecd</value>
         <object_component_ref idref="oc-38d"/>
      </symbol>
      <symbol id="sm-f4d">
         <name>HOSTrename</name>
         <value>0x23d75</value>
         <object_component_ref idref="oc-38d"/>
      </symbol>
      <symbol id="sm-f4e">
         <name>HOSTclose</name>
         <value>0x23f0b</value>
         <object_component_ref idref="oc-38d"/>
      </symbol>
      <symbol id="sm-f4f">
         <name>HOSTtime64</name>
         <value>0x23ced</value>
         <object_component_ref idref="oc-38d"/>
      </symbol>
      <symbol id="sm-f50">
         <name>HOSTunlink</name>
         <value>0x23cb5</value>
         <object_component_ref idref="oc-38d"/>
      </symbol>
      <symbol id="sm-f51">
         <name>HOSTlseek</name>
         <value>0x23e71</value>
         <object_component_ref idref="oc-38d"/>
      </symbol>
      <symbol id="sm-f52">
         <name>HOSTopen</name>
         <value>0x23e1f</value>
         <object_component_ref idref="oc-38d"/>
      </symbol>
      <symbol id="sm-f53">
         <name>HOSTclock</name>
         <value>0x23f43</value>
         <object_component_ref idref="oc-38d"/>
      </symbol>
      <symbol id="sm-f54">
         <name>HOSTwrite</name>
         <value>0x23c69</value>
         <object_component_ref idref="oc-38d"/>
      </symbol>
      <symbol id="sm-f55">
         <name>HOSTread</name>
         <value>0x23dd3</value>
         <object_component_ref idref="oc-38d"/>
      </symbol>
      <symbol id="sm-f56">
         <name>HOSTtime</name>
         <value>0x23d3b</value>
         <object_component_ref idref="oc-38d"/>
      </symbol>
      <symbol id="sm-f71">
         <name>__TI_readmsg</name>
         <value>0x25cdb</value>
         <object_component_ref idref="oc-3ca"/>
      </symbol>
      <symbol id="sm-f72">
         <name>C$$IO$$</name>
         <value>0x25cd7</value>
         <object_component_ref idref="oc-3ca"/>
      </symbol>
      <symbol id="sm-f73">
         <name>__CIOBUF_</name>
         <value>0x2003fdfc</value>
         <object_component_ref idref="oc-3e7"/>
      </symbol>
      <symbol id="sm-f74">
         <name>__TI_writemsg</name>
         <value>0x25ca9</value>
         <object_component_ref idref="oc-3ca"/>
      </symbol>
      <symbol id="sm-fd0">
         <name>__vla_dealloc</name>
         <value>0x24299</value>
         <object_component_ref idref="oc-f6"/>
      </symbol>
      <symbol id="sm-fd1">
         <name>__vla_dealloc_eh</name>
         <value>0x24321</value>
         <object_component_ref idref="oc-f6"/>
      </symbol>
      <symbol id="sm-fd2">
         <name>__vla_alloc</name>
         <value>0x243a1</value>
         <object_component_ref idref="oc-f6"/>
      </symbol>
      <symbol id="sm-ff0">
         <name>__TI_wrt_ok</name>
         <value>0x25661</value>
         <object_component_ref idref="oc-246"/>
      </symbol>
      <symbol id="sm-ff1">
         <name>__TI_rd_ok</name>
         <value>0x256c3</value>
         <object_component_ref idref="oc-246"/>
      </symbol>
      <symbol id="sm-100a">
         <name>_nop</name>
         <value>0x260af</value>
         <object_component_ref idref="oc-120"/>
      </symbol>
      <symbol id="sm-100b">
         <name>_lock</name>
         <value>0x2003fde8</value>
         <object_component_ref idref="oc-b9"/>
      </symbol>
      <symbol id="sm-100c">
         <name>_unlock</name>
         <value>0x2003fdec</value>
         <object_component_ref idref="oc-b9"/>
      </symbol>
      <symbol id="sm-100d">
         <name>_register_lock</name>
         <value>0x260a7</value>
         <object_component_ref idref="oc-120"/>
      </symbol>
      <symbol id="sm-100e">
         <name>_register_unlock</name>
         <value>0x260a1</value>
         <object_component_ref idref="oc-120"/>
      </symbol>
      <symbol id="sm-110f">
         <name>__TI_printfi</name>
         <value>0x21769</value>
         <object_component_ref idref="oc-19d"/>
      </symbol>
      <symbol id="sm-1123">
         <name>_args_main</name>
         <value>0x26059</value>
         <object_component_ref idref="oc-6c"/>
      </symbol>
      <symbol id="sm-1139">
         <name>atoi</name>
         <value>0x25ed9</value>
         <object_component_ref idref="oc-27e"/>
      </symbol>
      <symbol id="sm-1163">
         <name>__TI_auto_init</name>
         <value>0x25af5</value>
         <object_component_ref idref="oc-66"/>
      </symbol>
      <symbol id="sm-117d">
         <name>copy_in</name>
         <value>0x25f25</value>
         <object_component_ref idref="oc-a0"/>
      </symbol>
      <symbol id="sm-1188">
         <name>_ctypes_</name>
         <value>0x26120</value>
         <object_component_ref idref="oc-347"/>
      </symbol>
      <symbol id="sm-1192">
         <name>__abort_execution</name>
         <value>0x26117</value>
         <object_component_ref idref="oc-1ad"/>
      </symbol>
      <symbol id="sm-119c">
         <name>__aeabi_d2iz</name>
         <value>0x25f71</value>
         <object_component_ref idref="oc-26d"/>
      </symbol>
      <symbol id="sm-11ae">
         <name>fseek</name>
         <value>0x25d11</value>
         <object_component_ref idref="oc-30f"/>
      </symbol>
      <symbol id="sm-11bd">
         <name>ltoa</name>
         <value>0x25dd9</value>
         <object_component_ref idref="oc-272"/>
      </symbol>
      <symbol id="sm-11cd">
         <name>memccpy</name>
         <value>0x2603d</value>
         <object_component_ref idref="oc-284"/>
      </symbol>
      <symbol id="sm-11d7">
         <name>copysign</name>
         <value>0x260b5</value>
         <object_component_ref idref="oc-305"/>
      </symbol>
      <symbol id="sm-11d8">
         <name>copysignl</name>
         <value>0x260b5</value>
         <object_component_ref idref="oc-305"/>
      </symbol>
      <symbol id="sm-11f4">
         <name>setvbuf</name>
         <value>0x253f1</value>
         <object_component_ref idref="oc-315"/>
      </symbol>
      <symbol id="sm-11fe">
         <name>_system_post_cinit</name>
         <value>0x1b863</value>
         <object_component_ref idref="oc-a6"/>
      </symbol>
      <symbol id="sm-120c">
         <name>strcpy</name>
         <value>0x260c9</value>
         <object_component_ref idref="oc-3d0"/>
      </symbol>
      <symbol id="sm-1228">
         <name>__aeabi_uldivmod</name>
         <value>0x2479d</value>
         <object_component_ref idref="oc-268"/>
      </symbol>
      <symbol id="sm-1229">
         <name>__TI_static_base__</name>
         <value>0x0</value>
      </symbol>
      <symbol id="sm-122c">
         <name>SHT$$INIT_ARRAY$$Limit</name>
         <value>0x0</value>
      </symbol>
      <symbol id="sm-122d">
         <name>SHT$$INIT_ARRAY$$Base</name>
         <value>0x0</value>
      </symbol>
      <symbol id="sm-122e">
         <name>remove</name>
         <value>0x2401d</value>
      </symbol>
   </symbol_table>
   <title>Link successful</title>
</link_info>
