******************************************************************************
                  TI ARM Linker PC v16.9.0                     
******************************************************************************
>> Linked Mon Apr 10 12:39:51 2017

OUTPUT FILE NAME:   <test_ocp_qp_hpmpc.out>
ENTRY POINT SYMBOL: "_c_int00"  address: 00025e31


MEMORY CONFIGURATION

         name            origin    length      used     unused   attr    fill
----------------------  --------  ---------  --------  --------  ----  --------
  FLASH                 00000000   00100000  000264a2  000d9b5e  R  X
  SRAM                  20000000   00040000  0003ffe0  00000020  RW X


SEGMENT ALLOCATION MAP

run origin  load origin   length   init length attrs members
----------  ----------- ---------- ----------- ----- -------
00000000    00000000    000264a8   000264a8    r-x
  00000000    00000000    00000208   00000208    r-- .intvecs
  00000208    00000208    00025f16   00025f16    r-x .text
  00026120    00026120    000002ec   000002ec    r-- .const
  00026410    00026410    00000098   00000098    r-- .cinit
20000000    20000000    0003ffe0   00000000    rw-
  20000000    20000000    0003fa00   00000000    rw- .sysmem
  2003fa00    2003fa00    00000200   00000000    rw- .stack
  2003fc00    2003fc00    000001fc   00000000    rw- .data
  2003fdfc    2003fdfc    000001e4   00000000    rw- .bss


SECTION ALLOCATION MAP

 output                                  attributes/
section   page    origin      length       input sections
--------  ----  ----------  ----------   ----------------
.intvecs   0    00000000    00000208     
                  00000000    00000208     tm4c129encpdt_startup_ccs.obj (.intvecs)

.text      0    00000208    00025f16     
                  00000208    00005c4a     d_aux_ip_hard_libstr.obj (.text)
                  00005e52    00000002     rtsv7M4_T_le_v4SPD16_eabi.lib : mpu_init.obj (.text)
                  00005e54    00003dac     d_blas3_lib.obj (.text)
                  00009c00    00003a00     d_back_ric_rec_libstr.obj (.text)
                  0000d600    000039d8     d_lapack_lib.obj (.text)
                  00010fd8    00002ffc     d_part_cond_libstr.obj (.text)
                  00013fd4    00002790     ocp_qp_hpmpc.obj (.text)
                  00016764    00001d74     d_blas2_lib.obj (.text)
                  000184d8    00001bb8     fortran_order_interface_libstr.obj (.text)
                  0001a090    000017d2     d_aux_lib.obj (.text)
                  0001b862    00000002     rtsv7M4_T_le_v4SPD16_eabi.lib : startup.obj (.text)
                  0001b864    00001748     tools.obj (.text)
                  0001cfac    000015fc     d_ip2_res_hard_libstr.obj (.text)
                  0001e5a8    00001594     main.obj (.text)
                  0001fb3c    000013ec     d_res_ip_res_hard_libstr.obj (.text)
                  00020f28    0000113a     rtsv7M4_T_le_v4SPD16_eabi.lib : _printfi.obj (.text)
                  00022062    00000002     --HOLE-- [fill = 0]
                  00022064    000009ac                                   : e_pow.obj (.text)
                  00022a10    00000760     d_blas3_diag_lib.obj (.text)
                  00023170    00000726     d_aux_extern_depend_lib.obj (.text)
                  00023896    00000002     --HOLE-- [fill = 0]
                  00023898    000003d0     rtsv7M4_T_le_v4SPD16_eabi.lib : memory.obj (.text)
                  00023c68    00000324                                   : trgdrv.obj (.text)
                  00023f8c    0000030c                                   : lowlev.obj (.text)
                  00024298    00000298                                   : vla_alloc.obj (.text)
                  00024530    0000026c                                   : ti_fmax.obj (.text)
                  0002479c    000001f4                                   : ull_div_t2.obj (.text)
                  00024990    000001c4                                   : fopen.obj (.text)
                  00024b54    000001b6                                   : fd_add_t2.obj (.text)
                  00024d0a    00000002     --HOLE-- [fill = 0]
                  00024d0c    00000170                                   : e_sqrt.obj (.text)
                  00024e7c    00000136                                   : fd_div_t2.obj (.text)
                  00024fb2    00000002     --HOLE-- [fill = 0]
                  00024fb4    00000134                                   : fputs.obj (.text)
                  000250e8    00000110     d_blas1_lib.obj (.text)
                  000251f8    000000fc     rtsv7M4_T_le_v4SPD16_eabi.lib : fd_mul_t2.obj (.text)
                  000252f4    000000fc                                   : s_scalbn.obj (.text)
                  000253f0    000000dc                                   : setvbuf.obj (.text)
                  000254cc    000000ca     i_aux.obj (.text)
                  00025596    00000002     --HOLE-- [fill = 0]
                  00025598    000000c8     rtsv7M4_T_le_v4SPD16_eabi.lib : fflush.obj (.text)
                  00025660    000000ac                                   : _io_perm.obj (.text)
                  0002570c    0000009c                                   : memcpy_t2.obj (.text)
                  000257a8    00000098                                   : fclose.obj (.text)
                  00025840    00000098                                   : fputc.obj (.text)
                  000258d8    00000094     d_aux_extern_depend_lib4.obj (.text)
                  0002596c    00000086     rtsv7M4_T_le_v4SPD16_eabi.lib : fd_cmp_t2.obj (.text:__aeabi_cdcmple)
                  000259f2    00000086                                   : fd_cmp_t2.obj (.text:__aeabi_cdrcmple)
                  00025a78    0000007a                                   : memset_t2.obj (.text)
                  00025af2    00000002     --HOLE-- [fill = 0]
                  00025af4    00000070                                   : autoinit.obj (.text)
                  00025b64    00000070                                   : printf.obj (.text)
                  00025bd4    0000006c                                   : fprintf.obj (.text)
                  00025c40    00000068                                   : copy_decompress_lzss.obj (.text:decompress:lzss)
                  00025ca8    00000068                                   : trgmsg.obj (.text)
                  00025d10    00000064                                   : fseek.obj (.text)
                  00025d74    00000064                                   : s_frexp.obj (.text)
                  00025dd8    00000056                                   : ltoa.obj (.text)
                  00025e2e    00000002     --HOLE-- [fill = 0]
                  00025e30    00000054                                   : boot.obj (.text)
                  00025e84    00000054                                   : exit.obj (.text)
                  00025ed8    0000004c                                   : atoi.obj (.text)
                  00025f24    0000004c                                   : cpy_tbl.obj (.text)
                  00025f70    00000048                                   : fd_toi_t2.obj (.text)
                  00025fb8    00000036                                   : strncpy.obj (.text)
                  00025fee    0000002e                                   : i_tofd_t2.obj (.text)
                  0002601c    00000020                                   : memchr.obj (.text)
                  0002603c    0000001c                                   : memccpy.obj (.text)
                  00026058    00000018                                   : args_main.obj (.text)
                  00026070    00000018                                   : strcmp.obj (.text)
                  00026088    00000016                                   : strchr.obj (.text)
                  0002609e    00000002     --HOLE-- [fill = 0]
                  000260a0    00000014                                   : _lock.obj (.text)
                  000260b4    00000014                                   : s_copysign.obj (.text)
                  000260c8    00000014                                   : strcpy.obj (.text)
                  000260dc    00000014                                   : strlen.obj (.text)
                  000260f0    0000000e                                   : copy_decompress_none.obj (.text:decompress:none)
                  000260fe    0000000c                                   : copy_zero_init.obj (.text:decompress:ZI)
                  0002610a    0000000c     tm4c129encpdt_startup_ccs.obj (.text)
                  00026116    00000004     rtsv7M4_T_le_v4SPD16_eabi.lib : error.obj (.text)
                  0002611a    00000004                                   : pre_init.obj (.text)

.const     0    00026120    000002ec     
                  00026120    00000101     rtsv7M4_T_le_v4SPD16_eabi.lib : ctype.obj (.const:.string:_ctypes_)
                  00026221    00000007     --HOLE-- [fill = 0]
                  00026228    00000070     tools.obj (.const:$P$T4$5)
                  00026298    00000050     tools.obj (.const:$P$T3$4)
                  000262e8    00000040     tools.obj (.const:$P$T2$3)
                  00026328    00000030     rtsv7M4_T_le_v4SPD16_eabi.lib : e_pow.obj (.const:$O1$$)
                  00026358    00000030     tools.obj (.const:$P$T1$2)
                  00026388    00000028     main.obj (.const:$P$T23$1)
                  000263b0    00000028     tools.obj (.const:$P$T6$7)
                  000263d8    00000020     tools.obj (.const:$P$T0$1)
                  000263f8    00000014     tools.obj (.const:$P$T5$6)

.cinit     0    00026410    00000098     
                  00026410    00000070     (.cinit..data.load) [load image, compression = lzss]
                  00026480    0000000c     (__TI_handler_table)
                  0002648c    00000004     --HOLE-- [fill = 0]
                  00026490    00000008     (.cinit..bss.load) [load image, compression = zero_init]
                  00026498    00000010     (__TI_cinit_table)

.init_array 
*          0    00000000    00000000     UNINITIALIZED

.sysmem    0    20000000    0003fa00     UNINITIALIZED
                  20000000    00000008     rtsv7M4_T_le_v4SPD16_eabi.lib : memory.obj (.sysmem)
                  20000008    0003f9f8     --HOLE--

.stack     0    2003fa00    00000200     UNINITIALIZED
                  2003fa00    00000200     --HOLE--

.data      0    2003fc00    000001fc     UNINITIALIZED
                  2003fc00    000000f0     rtsv7M4_T_le_v4SPD16_eabi.lib : defs.obj (.data:_ftable)
                  2003fcf0    000000d0                                   : lowlev.obj (.data:$O1$$)
                  2003fdc0    00000010                                   : defs.obj (.data)
                  2003fdd0    0000000c                                   : exit.obj (.data:$O1$$)
                  2003fddc    0000000c                                   : memory.obj (.data:$O1$$)
                  2003fde8    00000008                                   : _lock.obj (.data:$O1$$)
                  2003fdf0    00000004                                   : errno.obj (.data)
                  2003fdf4    00000004                                   : fopen.obj (.data)
                  2003fdf8    00000004                                   : stkdepth_vars.obj (.data)

.bss       0    2003fdfc    000001e4     UNINITIALIZED
                  2003fdfc    00000120     rtsv7M4_T_le_v4SPD16_eabi.lib : trgmsg.obj (.bss:_CIOBUF_)
                  2003ff1c    000000a0     (.common:__TI_tmpnams)
                  2003ffbc    0000001c                                   : vla_alloc.obj (.bss:$O1$$)
                  2003ffd8    00000008                                   : trgdrv.obj (.bss:parmbuf)

MODULE SUMMARY

       Module                               code     ro data   rw data
       ------                               ----     -------   -------
    .\
       d_aux_ip_hard_libstr.obj             23626    0         0      
       d_blas3_lib.obj                      15788    0         0      
       d_back_ric_rec_libstr.obj            14848    0         0      
       d_lapack_lib.obj                     14808    0         0      
       d_part_cond_libstr.obj               12284    0         0      
       ocp_qp_hpmpc.obj                     10128    0         0      
       d_blas2_lib.obj                      7540     0         0      
       fortran_order_interface_libstr.obj   7096     0         0      
       tools.obj                            5960     396       0      
       d_aux_lib.obj                        6098     0         0      
       d_ip2_res_hard_libstr.obj            5628     0         0      
       main.obj                             5524     40        0      
       d_res_ip_res_hard_libstr.obj         5100     0         0      
       d_blas3_diag_lib.obj                 1888     0         0      
       d_aux_extern_depend_lib.obj          1830     0         0      
       tm4c129encpdt_startup_ccs.obj        12       520       0      
       d_blas1_lib.obj                      272      0         0      
       i_aux.obj                            202      0         0      
       d_aux_extern_depend_lib4.obj         148      0         0      
    +--+------------------------------------+--------+---------+---------+
       Total:                               138780   956       0      
                                                                      
    E:\ti\ccsv7\tools\compiler\ti-cgt-arm_16.9.0.LTS\lib\rtsv7M4_T_le_v4SPD16_eabi.lib
       _printfi.obj                         4410     0         0      
       e_pow.obj                            2476     48        0      
       lowlev.obj                           780      0         208    
       memory.obj                           976      0         12     
       trgdrv.obj                           804      0         8      
       vla_alloc.obj                        664      0         28     
       ti_fmax.obj                          620      0         0      
       ull_div_t2.obj                       500      0         0      
       fopen.obj                            452      0         4      
       fd_add_t2.obj                        438      0         0      
       defs.obj                             0        0         416    
       trgmsg.obj                           104      0         288    
       e_sqrt.obj                           368      0         0      
       fd_div_t2.obj                        310      0         0      
       fputs.obj                            308      0         0      
       fd_cmp_t2.obj                        268      0         0      
       ctype.obj                            0        257       0      
       fd_mul_t2.obj                        252      0         0      
       s_scalbn.obj                         252      0         0      
       setvbuf.obj                          220      0         0      
       fflush.obj                           200      0         0      
       _io_perm.obj                         172      0         0      
       memcpy_t2.obj                        156      0         0      
       fclose.obj                           152      0         0      
       fputc.obj                            152      0         0      
       memset_t2.obj                        122      0         0      
       autoinit.obj                         112      0         0      
       printf.obj                           112      0         0      
       fprintf.obj                          108      0         0      
       copy_decompress_lzss.obj             104      0         0      
       fseek.obj                            100      0         0      
       s_frexp.obj                          100      0         0      
       exit.obj                             84       0         12     
       ltoa.obj                             86       0         0      
       boot.obj                             84       0         0      
       atoi.obj                             76       0         0      
       cpy_tbl.obj                          76       0         0      
       fd_toi_t2.obj                        72       0         0      
       strncpy.obj                          54       0         0      
       i_tofd_t2.obj                        46       0         0      
       memchr.obj                           32       0         0      
       _lock.obj                            20       0         8      
       memccpy.obj                          28       0         0      
       args_main.obj                        24       0         0      
       strcmp.obj                           24       0         0      
       strchr.obj                           22       0         0      
       s_copysign.obj                       20       0         0      
       strcpy.obj                           20       0         0      
       strlen.obj                           20       0         0      
       copy_decompress_none.obj             14       0         0      
       copy_zero_init.obj                   12       0         0      
       errno.obj                            0        0         4      
       error.obj                            4        0         0      
       pre_init.obj                         4        0         0      
       stkdepth_vars.obj                    0        0         4      
       mpu_init.obj                         2        0         0      
       startup.obj                          2        0         0      
    +--+------------------------------------+--------+---------+---------+
       Total:                               16618    305       992    
                                                                      
       Heap:                                0        0         260608 
       Stack:                               0        0         512    
       Linker Generated:                    0        148       0      
    +--+------------------------------------+--------+---------+---------+
       Grand Total:                         155398   1409      262112 


LINKER GENERATED COPY TABLES

__TI_cinit_table @ 00026498 records: 2, size/record: 8, table size: 16
	.data: load addr=00026410, load size=00000070 bytes, run addr=2003fc00, run size=000001fc bytes, compression=lzss
	.bss: load addr=00026490, load size=00000008 bytes, run addr=2003fdfc, run size=000001e4 bytes, compression=zero_init


LINKER GENERATED HANDLER TABLE

__TI_handler_table @ 00026480 records: 3, size/record: 4, table size: 12
	index: 0, handler: __TI_decompress_lzss
	index: 1, handler: __TI_decompress_none
	index: 2, handler: __TI_zero_init


GLOBAL SYMBOLS: SORTED ALPHABETICALLY BY Name 

address   name                                              
-------   ----                                              
00025e85  C$$EXIT                                           
00025cd7  C$$IO$$                                           
00023f43  HOSTclock                                         
00023f0b  HOSTclose                                         
00023ecd  HOSTgetenv                                        
00023e71  HOSTlseek                                         
00023e1f  HOSTopen                                          
00023dd3  HOSTread                                          
00023d75  HOSTrename                                        
00023d3b  HOSTtime                                          
00023ced  HOSTtime64                                        
00023cb5  HOSTunlink                                        
00023c69  HOSTwrite                                         
0002610b  ResetISR                                          
UNDEFED   SHT$$INIT_ARRAY$$Base                             
UNDEFED   SHT$$INIT_ARRAY$$Limit                            
2003fdfc  __CIOBUF_                                         
2003fc00  __STACK_END                                       
00000200  __STACK_SIZE                                      
2003fc00  __STACK_TOP                                       
0003fa00  __SYSMEM_SIZE                                     
00026498  __TI_CINIT_Base                                   
000264a8  __TI_CINIT_Limit                                  
00026480  __TI_Handler_Table_Base                           
0002648c  __TI_Handler_Table_Limit                          
00025af5  __TI_auto_init                                    
00024a59  __TI_cleanup                                      
2003fdd0  __TI_cleanup_ptr                                  
000257a9  __TI_closefile                                    
00025c41  __TI_decompress_lzss                              
000260f1  __TI_decompress_none                              
00025599  __TI_doflush                                      
2003fdd4  __TI_dtors_ptr                                    
2003fdd8  __TI_enable_exit_profile_output                   
2003fdc0  __TI_ft_end                                       
ffffffff  __TI_pprof_out_hndl                               
00021769  __TI_printfi                                      
ffffffff  __TI_prof_data_size                               
ffffffff  __TI_prof_data_start                              
000256c3  __TI_rd_ok                                        
00025cdb  __TI_readmsg                                      
00000000  __TI_static_base__                                
2003ff1c  __TI_tmpnams                                      
00025ca9  __TI_writemsg                                     
00025661  __TI_wrt_ok                                       
000260ff  __TI_zero_init                                    
00026117  __abort_execution                                 
0002596d  __aeabi_cdcmpeq                                   
0002596d  __aeabi_cdcmple                                   
000259f3  __aeabi_cdrcmple                                  
00025f71  __aeabi_d2iz                                      
00024b5f  __aeabi_dadd                                      
00024e7d  __aeabi_ddiv                                      
000251f9  __aeabi_dmul                                      
00024b55  __aeabi_dsub                                      
00025fef  __aeabi_i2d                                       
00025a79  __aeabi_memclr                                    
00025a79  __aeabi_memclr4                                   
00025a79  __aeabi_memclr8                                   
0002570d  __aeabi_memcpy                                    
0002570d  __aeabi_memcpy4                                   
0002570d  __aeabi_memcpy8                                   
00025a7b  __aeabi_memset                                    
00025a7b  __aeabi_memset4                                   
00025a7b  __aeabi_memset8                                   
2003fdcc  __aeabi_stderr                                    
2003fdc4  __aeabi_stdin                                     
2003fdc8  __aeabi_stdout                                    
0002479d  __aeabi_uldivmod                                  
ffffffff  __binit__                                         
ffffffff  __c_args__                                        
00005e53  __mpu_init                                        
2003fa00  __stack                                           
000243a1  __vla_alloc                                       
00024299  __vla_dealloc                                     
00024321  __vla_dealloc_eh                                  
00026059  _args_main                                        
00025e31  _c_int00                                          
00026120  _ctypes_                                          
2003fc00  _ftable                                           
2003fde8  _lock                                             
000260af  _nop                                              
000260a7  _register_lock                                    
000260a1  _register_unlock                                  
20000000  _sys_memory                                       
0001b863  _system_post_cinit                                
0002611b  _system_pre_init                                  
2003fdec  _unlock                                           
00025e89  abort                                             
000241ed  add_device                                        
00025ed9  atoi                                              
ffffffff  binit                                             
00023625  c_free                                            
00023631  c_free_align                                      
00023595  c_zeros                                           
000235d5  c_zeros_align                                     
00023c39  calloc                                            
0002419d  close                                             
00025f25  copy_in                                           
000260b5  copysign                                          
000260b5  copysignl                                         
0002363d  d_allocate_strmat                                 
000236b1  d_allocate_strvec                                 
0000c5f9  d_back_ric_rec_sv_back_libstr                     
0000d2cd  d_back_ric_rec_sv_forw_libstr                     
00009d95  d_back_ric_rec_sv_libstr                          
0000b099  d_back_ric_rec_trf_libstr                         
0000b881  d_back_ric_rec_trs_libstr                         
00009c01  d_back_ric_rec_work_space_size_bytes_libstr       
00004e8d  d_backup_update_var_res_mpc_hard_libstr           
0001a759  d_cast_diag_mat2strmat                            
0001a747  d_cast_mat2strmat                                 
0001a76b  d_cast_vec2vecmat                                 
00002431  d_compute_alpha_mpc_hard_libstr                   
00004801  d_compute_alpha_res_mpc_hard_libstr               
00005481  d_compute_centering_correction_res_mpc_hard_libstr
00003165  d_compute_mu_mpc_hard_libstr                      
0000519b  d_compute_mu_res_mpc_hard_libstr                  
00010fd9  d_cond_BAbt_libstr                                
00011d45  d_cond_DCtd_libstr                                
00011231  d_cond_RSQrq_libstr                               
0001a0e5  d_create_strmat                                   
0001a161  d_create_strvec                                   
0001a187  d_cvt_mat2strmat                                  
0001a467  d_cvt_strmat2mat                                  
0001a6f9  d_cvt_strvec2vec                                  
0001a2d3  d_cvt_tran_mat2strmat                             
0001a5b3  d_cvt_tran_strmat2mat                             
0001a419  d_cvt_vec2strvec                                  
000258d9  d_eye                                             
0002321b  d_free                                            
00023227  d_free_align                                      
00023695  d_free_strmat                                     
000236d5  d_free_strvec                                     
00000209  d_init_var_mpc_hard_libstr                        
0001d0d9  d_ip2_res_mpc_hard_libstr                         
0001cfad  d_ip2_res_mpc_hard_work_space_size_bytes_libstr   
00012525  d_part_cond_compute_problem_size_libstr           
00012b5d  d_part_cond_libstr                                
00012a57  d_part_cond_memory_space_size_bytes_libstr        
000126d3  d_part_cond_work_space_size_bytes_libstr          
00013245  d_part_expand_solution_libstr                     
0001318f  d_part_expand_work_space_size_bytes_libstr        
000233f9  d_print_e_mat                                     
0002380d  d_print_e_strmat                                  
00023847  d_print_e_strvec                                  
0002347d  d_print_e_tran_mat                                
0002386f  d_print_e_tran_strvec                             
00023233  d_print_mat                                       
000236e3  d_print_strmat                                    
0002371d  d_print_strvec                                    
0002330b  d_print_to_file_mat                               
0002376d  d_print_to_file_strmat                            
000237b1  d_print_to_file_strvec                            
000237df  d_print_to_file_tran_strvec                       
0002329f  d_print_tran_mat                                  
00023745  d_print_tran_strvec                               
0002337d  d_print_tran_to_file_mat                          
0001fbad  d_res_res_mpc_hard_libstr                         
0001fb3d  d_res_res_mpc_hard_work_space_size_bytes_libstr   
0001a0bd  d_size_diag_strmat                                
0001a091  d_size_strmat                                     
0001a14f  d_size_strvec                                     
00001abd  d_update_gradient_mpc_hard_libstr                 
0000344d  d_update_gradient_new_rhs_mpc_hard_tv             
0000564d  d_update_gradient_res_mpc_hard_libstr             
00003915  d_update_hessian_gradient_res_mpc_hard_libstr     
00000775  d_update_hessian_mpc_hard_libstr                  
00002ac1  d_update_var_mpc_hard_libstr                      
00023171  d_zeros                                           
000231c1  d_zeros_align                                     
0001baab  daxpy_3l                                          
0002515f  daxpy_bkp_libstr                                  
000250e9  daxpy_libstr                                      
0001aca5  dcolpe_libstr                                     
0001ac0d  dcolsw_libstr                                     
0001ba21  dcopy_3l                                          
0001b615  ddiaad_libspstr                                   
0001b6ab  ddiaadin_libspstr                                 
0001b58b  ddiaex_libspstr                                   
0001b501  ddiain_libspstr                                   
0001a907  ddiain_libstr                                     
0001b03f  dgead_libstr                                      
0001acfd  dgecp_libstr                                      
00022a11  dgemm_l_diag_libstr                               
0001b865  dgemm_nn_3l                                       
00006535  dgemm_nn_libstr                                   
00005e55  dgemm_nt_libstr                                   
00022dc1  dgemm_r_diag_libstr                               
0001b925  dgemv_n_3l                                        
00016765  dgemv_n_libstr                                    
00016d7d  dgemv_nt_libstr                                   
0001b9a3  dgemv_t_3l                                        
00016a71  dgemv_t_libstr                                    
0001bcd9  dger_3l                                           
0001c343  dgesv_3l                                          
0001bd9d  dgetf2_3l                                         
0000e98d  dgetf2_nopivot                                    
0001b20b  dgetr_libstr                                      
0000fc51  dgetrf_libstr                                     
0000eb05  dgetrf_nopivot_libstr                             
0001c2eb  dgetrs_3l                                         
0001bfb1  dlaswp_3l                                         
0001a7bb  dmatex1_libstr                                    
0001a77d  dmatin1_libstr                                    
0001a837  dmatse_libstr                                     
0001bb59  dmcopy                                            
0000d601  dpotrf_l_libstr                                   
0001b753  drowad_libspstr                                   
0001aa83  drowad_libstr                                     
0001a987  drowex_libstr                                     
0001aa05  drowin_libstr                                     
0001abb5  drowpe_libstr                                     
0001ab0d  drowsw_libstr                                     
0001bb11  dscal_3l                                          
0001bc79  dswap_3l                                          
00016f49  dsymv_l_libstr                                    
0000de25  dsyrk_dpotrf_ln_libstr                            
000093e5  dsyrk_ln_libstr                                   
0001af8b  dtrcp_l_libstr                                    
00008c45  dtrmm_rlnn_libstr                                 
000084a3  dtrmm_rutn_libstr                                 
000170a9  dtrmv_lnn_libstr                                  
00017343  dtrmv_ltn_libstr                                  
00017651  dtrmv_unn_libstr                                  
00017949  dtrmv_utn_libstr                                  
0001c155  dtrsm_l_l_n_u_3l                                  
0001c20b  dtrsm_l_u_n_n_3l                                  
00006c15  dtrsm_llnu_libstr                                 
00007205  dtrsm_lunn_libstr                                 
00007dbb  dtrsm_rltn_libstr                                 
000078ef  dtrsm_rltu_libstr                                 
000083f5  dtrsm_rutn_libstr                                 
00017bcf  dtrsv_lnn_libstr                                  
0001812b  dtrsv_ltn_libstr                                  
0001b399  dtrtr_l_libstr                                    
0001b44d  dtrtr_u_libstr                                    
0001b7e7  dvecad_libspstr                                   
0001ae8b  dveccp_libstr                                     
0001a817  dvecex1_libstr                                    
0001a7ed  dvecin1_libstr                                    
0001a8b9  dvecse_libstr                                     
2003fdf0  errno                                             
00025e91  exit                                              
0001cddb  expm                                              
0002580f  fclose                                            
000255e5  fflush                                            
000246c7  fmax                                              
00024669  fmaxf                                             
000246c7  fmaxl                                             
00024597  fmin                                              
00024531  fminf                                             
00024597  fminl                                             
00024aaf  fopen                                             
0001883b  fortran_order_d_ip_ocp_hard_tv                    
00025bdd  fprintf                                           
00025841  fputc                                             
00024fb5  fputs                                             
00023983  free                                              
00024a85  freopen                                           
00025d75  frexp                                             
00025d75  frexpl                                            
00025d11  fseek                                             
00000000  g_pfnVectors                                      
000184d9  hpmpc_d_ip_ocp_hard_tv_work_space_size_bytes      
0001bbc7  idamax_3l                                         
00025519  int_free                                          
00025525  int_print_mat                                     
000254cd  int_zeros                                         
000252f5  ldexp                                             
000252f5  ldexpl                                            
00024179  lseek                                             
00025dd9  ltoa                                              
0001e97d  main                                              
2003fdf8  main_func_sp                                      
00023919  malloc                                            
0001e5a9  mass_spring_system                                
00023b4d  memalign                                          
0002603d  memccpy                                           
0002601d  memchr                                            
0002570d  memcpy                                            
00025a81  memset                                            
00023899  minit                                             
0001404b  ocp_qp_hpmpc                                      
00014311  ocp_qp_hpmpc_libstr                               
00015025  ocp_qp_hpmpc_libstr_pt                            
00013fd5  ocp_qp_hpmpc_workspace_size_bytes                 
0001c387  onenorm                                           
000240cb  open                                              
0001c4ad  padeapprox                                        
00022065  pow                                               
00022065  powl                                              
00025b6d  printf                                            
00025841  putc                                              
000258c5  putchar                                           
000250c1  puts                                              
000240a7  read                                              
00023a45  realloc                                           
0002401d  remove                                            
0002407f  remove_device                                     
00024041  rename                                            
000252f5  scalbn                                            
000252f5  scalbnl                                           
000253f1  setvbuf                                           
00024d0d  sqrt                                              
00024d0d  sqrtl                                             
00026089  strchr                                            
00026071  strcmp                                            
000260c9  strcpy                                            
000260dd  strlen                                            
00025fb9  strncpy                                           
0001c441  twonormv                                          
0002401d  unlink                                            
0002357d  v_free                                            
00023589  v_free_align                                      
000234f3  v_zeros                                           
00023533  v_zeros_align                                     
00023f8d  write                                             


GLOBAL SYMBOLS: SORTED BY Symbol Address 

address   name                                              
-------   ----                                              
00000000  __TI_static_base__                                
00000000  g_pfnVectors                                      
00000200  __STACK_SIZE                                      
00000209  d_init_var_mpc_hard_libstr                        
00000775  d_update_hessian_mpc_hard_libstr                  
00001abd  d_update_gradient_mpc_hard_libstr                 
00002431  d_compute_alpha_mpc_hard_libstr                   
00002ac1  d_update_var_mpc_hard_libstr                      
00003165  d_compute_mu_mpc_hard_libstr                      
0000344d  d_update_gradient_new_rhs_mpc_hard_tv             
00003915  d_update_hessian_gradient_res_mpc_hard_libstr     
00004801  d_compute_alpha_res_mpc_hard_libstr               
00004e8d  d_backup_update_var_res_mpc_hard_libstr           
0000519b  d_compute_mu_res_mpc_hard_libstr                  
00005481  d_compute_centering_correction_res_mpc_hard_libstr
0000564d  d_update_gradient_res_mpc_hard_libstr             
00005e53  __mpu_init                                        
00005e55  dgemm_nt_libstr                                   
00006535  dgemm_nn_libstr                                   
00006c15  dtrsm_llnu_libstr                                 
00007205  dtrsm_lunn_libstr                                 
000078ef  dtrsm_rltu_libstr                                 
00007dbb  dtrsm_rltn_libstr                                 
000083f5  dtrsm_rutn_libstr                                 
000084a3  dtrmm_rutn_libstr                                 
00008c45  dtrmm_rlnn_libstr                                 
000093e5  dsyrk_ln_libstr                                   
00009c01  d_back_ric_rec_work_space_size_bytes_libstr       
00009d95  d_back_ric_rec_sv_libstr                          
0000b099  d_back_ric_rec_trf_libstr                         
0000b881  d_back_ric_rec_trs_libstr                         
0000c5f9  d_back_ric_rec_sv_back_libstr                     
0000d2cd  d_back_ric_rec_sv_forw_libstr                     
0000d601  dpotrf_l_libstr                                   
0000de25  dsyrk_dpotrf_ln_libstr                            
0000e98d  dgetf2_nopivot                                    
0000eb05  dgetrf_nopivot_libstr                             
0000fc51  dgetrf_libstr                                     
00010fd9  d_cond_BAbt_libstr                                
00011231  d_cond_RSQrq_libstr                               
00011d45  d_cond_DCtd_libstr                                
00012525  d_part_cond_compute_problem_size_libstr           
000126d3  d_part_cond_work_space_size_bytes_libstr          
00012a57  d_part_cond_memory_space_size_bytes_libstr        
00012b5d  d_part_cond_libstr                                
0001318f  d_part_expand_work_space_size_bytes_libstr        
00013245  d_part_expand_solution_libstr                     
00013fd5  ocp_qp_hpmpc_workspace_size_bytes                 
0001404b  ocp_qp_hpmpc                                      
00014311  ocp_qp_hpmpc_libstr                               
00015025  ocp_qp_hpmpc_libstr_pt                            
00016765  dgemv_n_libstr                                    
00016a71  dgemv_t_libstr                                    
00016d7d  dgemv_nt_libstr                                   
00016f49  dsymv_l_libstr                                    
000170a9  dtrmv_lnn_libstr                                  
00017343  dtrmv_ltn_libstr                                  
00017651  dtrmv_unn_libstr                                  
00017949  dtrmv_utn_libstr                                  
00017bcf  dtrsv_lnn_libstr                                  
0001812b  dtrsv_ltn_libstr                                  
000184d9  hpmpc_d_ip_ocp_hard_tv_work_space_size_bytes      
0001883b  fortran_order_d_ip_ocp_hard_tv                    
0001a091  d_size_strmat                                     
0001a0bd  d_size_diag_strmat                                
0001a0e5  d_create_strmat                                   
0001a14f  d_size_strvec                                     
0001a161  d_create_strvec                                   
0001a187  d_cvt_mat2strmat                                  
0001a2d3  d_cvt_tran_mat2strmat                             
0001a419  d_cvt_vec2strvec                                  
0001a467  d_cvt_strmat2mat                                  
0001a5b3  d_cvt_tran_strmat2mat                             
0001a6f9  d_cvt_strvec2vec                                  
0001a747  d_cast_mat2strmat                                 
0001a759  d_cast_diag_mat2strmat                            
0001a76b  d_cast_vec2vecmat                                 
0001a77d  dmatin1_libstr                                    
0001a7bb  dmatex1_libstr                                    
0001a7ed  dvecin1_libstr                                    
0001a817  dvecex1_libstr                                    
0001a837  dmatse_libstr                                     
0001a8b9  dvecse_libstr                                     
0001a907  ddiain_libstr                                     
0001a987  drowex_libstr                                     
0001aa05  drowin_libstr                                     
0001aa83  drowad_libstr                                     
0001ab0d  drowsw_libstr                                     
0001abb5  drowpe_libstr                                     
0001ac0d  dcolsw_libstr                                     
0001aca5  dcolpe_libstr                                     
0001acfd  dgecp_libstr                                      
0001ae8b  dveccp_libstr                                     
0001af8b  dtrcp_l_libstr                                    
0001b03f  dgead_libstr                                      
0001b20b  dgetr_libstr                                      
0001b399  dtrtr_l_libstr                                    
0001b44d  dtrtr_u_libstr                                    
0001b501  ddiain_libspstr                                   
0001b58b  ddiaex_libspstr                                   
0001b615  ddiaad_libspstr                                   
0001b6ab  ddiaadin_libspstr                                 
0001b753  drowad_libspstr                                   
0001b7e7  dvecad_libspstr                                   
0001b863  _system_post_cinit                                
0001b865  dgemm_nn_3l                                       
0001b925  dgemv_n_3l                                        
0001b9a3  dgemv_t_3l                                        
0001ba21  dcopy_3l                                          
0001baab  daxpy_3l                                          
0001bb11  dscal_3l                                          
0001bb59  dmcopy                                            
0001bbc7  idamax_3l                                         
0001bc79  dswap_3l                                          
0001bcd9  dger_3l                                           
0001bd9d  dgetf2_3l                                         
0001bfb1  dlaswp_3l                                         
0001c155  dtrsm_l_l_n_u_3l                                  
0001c20b  dtrsm_l_u_n_n_3l                                  
0001c2eb  dgetrs_3l                                         
0001c343  dgesv_3l                                          
0001c387  onenorm                                           
0001c441  twonormv                                          
0001c4ad  padeapprox                                        
0001cddb  expm                                              
0001cfad  d_ip2_res_mpc_hard_work_space_size_bytes_libstr   
0001d0d9  d_ip2_res_mpc_hard_libstr                         
0001e5a9  mass_spring_system                                
0001e97d  main                                              
0001fb3d  d_res_res_mpc_hard_work_space_size_bytes_libstr   
0001fbad  d_res_res_mpc_hard_libstr                         
00021769  __TI_printfi                                      
00022065  pow                                               
00022065  powl                                              
00022a11  dgemm_l_diag_libstr                               
00022dc1  dgemm_r_diag_libstr                               
00023171  d_zeros                                           
000231c1  d_zeros_align                                     
0002321b  d_free                                            
00023227  d_free_align                                      
00023233  d_print_mat                                       
0002329f  d_print_tran_mat                                  
0002330b  d_print_to_file_mat                               
0002337d  d_print_tran_to_file_mat                          
000233f9  d_print_e_mat                                     
0002347d  d_print_e_tran_mat                                
000234f3  v_zeros                                           
00023533  v_zeros_align                                     
0002357d  v_free                                            
00023589  v_free_align                                      
00023595  c_zeros                                           
000235d5  c_zeros_align                                     
00023625  c_free                                            
00023631  c_free_align                                      
0002363d  d_allocate_strmat                                 
00023695  d_free_strmat                                     
000236b1  d_allocate_strvec                                 
000236d5  d_free_strvec                                     
000236e3  d_print_strmat                                    
0002371d  d_print_strvec                                    
00023745  d_print_tran_strvec                               
0002376d  d_print_to_file_strmat                            
000237b1  d_print_to_file_strvec                            
000237df  d_print_to_file_tran_strvec                       
0002380d  d_print_e_strmat                                  
00023847  d_print_e_strvec                                  
0002386f  d_print_e_tran_strvec                             
00023899  minit                                             
00023919  malloc                                            
00023983  free                                              
00023a45  realloc                                           
00023b4d  memalign                                          
00023c39  calloc                                            
00023c69  HOSTwrite                                         
00023cb5  HOSTunlink                                        
00023ced  HOSTtime64                                        
00023d3b  HOSTtime                                          
00023d75  HOSTrename                                        
00023dd3  HOSTread                                          
00023e1f  HOSTopen                                          
00023e71  HOSTlseek                                         
00023ecd  HOSTgetenv                                        
00023f0b  HOSTclose                                         
00023f43  HOSTclock                                         
00023f8d  write                                             
0002401d  remove                                            
0002401d  unlink                                            
00024041  rename                                            
0002407f  remove_device                                     
000240a7  read                                              
000240cb  open                                              
00024179  lseek                                             
0002419d  close                                             
000241ed  add_device                                        
00024299  __vla_dealloc                                     
00024321  __vla_dealloc_eh                                  
000243a1  __vla_alloc                                       
00024531  fminf                                             
00024597  fmin                                              
00024597  fminl                                             
00024669  fmaxf                                             
000246c7  fmax                                              
000246c7  fmaxl                                             
0002479d  __aeabi_uldivmod                                  
00024a59  __TI_cleanup                                      
00024a85  freopen                                           
00024aaf  fopen                                             
00024b55  __aeabi_dsub                                      
00024b5f  __aeabi_dadd                                      
00024d0d  sqrt                                              
00024d0d  sqrtl                                             
00024e7d  __aeabi_ddiv                                      
00024fb5  fputs                                             
000250c1  puts                                              
000250e9  daxpy_libstr                                      
0002515f  daxpy_bkp_libstr                                  
000251f9  __aeabi_dmul                                      
000252f5  ldexp                                             
000252f5  ldexpl                                            
000252f5  scalbn                                            
000252f5  scalbnl                                           
000253f1  setvbuf                                           
000254cd  int_zeros                                         
00025519  int_free                                          
00025525  int_print_mat                                     
00025599  __TI_doflush                                      
000255e5  fflush                                            
00025661  __TI_wrt_ok                                       
000256c3  __TI_rd_ok                                        
0002570d  __aeabi_memcpy                                    
0002570d  __aeabi_memcpy4                                   
0002570d  __aeabi_memcpy8                                   
0002570d  memcpy                                            
000257a9  __TI_closefile                                    
0002580f  fclose                                            
00025841  fputc                                             
00025841  putc                                              
000258c5  putchar                                           
000258d9  d_eye                                             
0002596d  __aeabi_cdcmpeq                                   
0002596d  __aeabi_cdcmple                                   
000259f3  __aeabi_cdrcmple                                  
00025a79  __aeabi_memclr                                    
00025a79  __aeabi_memclr4                                   
00025a79  __aeabi_memclr8                                   
00025a7b  __aeabi_memset                                    
00025a7b  __aeabi_memset4                                   
00025a7b  __aeabi_memset8                                   
00025a81  memset                                            
00025af5  __TI_auto_init                                    
00025b6d  printf                                            
00025bdd  fprintf                                           
00025c41  __TI_decompress_lzss                              
00025ca9  __TI_writemsg                                     
00025cd7  C$$IO$$                                           
00025cdb  __TI_readmsg                                      
00025d11  fseek                                             
00025d75  frexp                                             
00025d75  frexpl                                            
00025dd9  ltoa                                              
00025e31  _c_int00                                          
00025e85  C$$EXIT                                           
00025e89  abort                                             
00025e91  exit                                              
00025ed9  atoi                                              
00025f25  copy_in                                           
00025f71  __aeabi_d2iz                                      
00025fb9  strncpy                                           
00025fef  __aeabi_i2d                                       
0002601d  memchr                                            
0002603d  memccpy                                           
00026059  _args_main                                        
00026071  strcmp                                            
00026089  strchr                                            
000260a1  _register_unlock                                  
000260a7  _register_lock                                    
000260af  _nop                                              
000260b5  copysign                                          
000260b5  copysignl                                         
000260c9  strcpy                                            
000260dd  strlen                                            
000260f1  __TI_decompress_none                              
000260ff  __TI_zero_init                                    
0002610b  ResetISR                                          
00026117  __abort_execution                                 
0002611b  _system_pre_init                                  
00026120  _ctypes_                                          
00026480  __TI_Handler_Table_Base                           
0002648c  __TI_Handler_Table_Limit                          
00026498  __TI_CINIT_Base                                   
000264a8  __TI_CINIT_Limit                                  
0003fa00  __SYSMEM_SIZE                                     
20000000  _sys_memory                                       
2003fa00  __stack                                           
2003fc00  __STACK_END                                       
2003fc00  __STACK_TOP                                       
2003fc00  _ftable                                           
2003fdc0  __TI_ft_end                                       
2003fdc4  __aeabi_stdin                                     
2003fdc8  __aeabi_stdout                                    
2003fdcc  __aeabi_stderr                                    
2003fdd0  __TI_cleanup_ptr                                  
2003fdd4  __TI_dtors_ptr                                    
2003fdd8  __TI_enable_exit_profile_output                   
2003fde8  _lock                                             
2003fdec  _unlock                                           
2003fdf0  errno                                             
2003fdf8  main_func_sp                                      
2003fdfc  __CIOBUF_                                         
2003ff1c  __TI_tmpnams                                      
ffffffff  __TI_pprof_out_hndl                               
ffffffff  __TI_prof_data_size                               
ffffffff  __TI_prof_data_start                              
ffffffff  __binit__                                         
ffffffff  __c_args__                                        
ffffffff  binit                                             
UNDEFED   SHT$$INIT_ARRAY$$Base                             
UNDEFED   SHT$$INIT_ARRAY$$Limit                            

[318 symbols]
